Archive member included because of file (symbol)

C:/Users/Francisco/Desktop/DE2_70_D5M/Eclipse/Software/Teste_bsp/\libhal_bsp.a(alt_load.o)
                              C:/Users/Francisco/Desktop/DE2_70_D5M/Eclipse/Software/Teste_bsp//obj/HAL/src/crt0.o (alt_load)
C:/Users/Francisco/Desktop/DE2_70_D5M/Eclipse/Software/Teste_bsp/\libhal_bsp.a(alt_main.o)
                              C:/Users/Francisco/Desktop/DE2_70_D5M/Eclipse/Software/Teste_bsp//obj/HAL/src/crt0.o (alt_main)
C:/Users/Francisco/Desktop/DE2_70_D5M/Eclipse/Software/Teste_bsp/\libhal_bsp.a(alt_sys_init.o)
                              C:/Users/Francisco/Desktop/DE2_70_D5M/Eclipse/Software/Teste_bsp/\libhal_bsp.a(alt_main.o) (alt_irq_init)
C:/Users/Francisco/Desktop/DE2_70_D5M/Eclipse/Software/Teste_bsp/\libhal_bsp.a(altera_avalon_jtag_uart_fd.o)
                              C:/Users/Francisco/Desktop/DE2_70_D5M/Eclipse/Software/Teste_bsp/\libhal_bsp.a(alt_sys_init.o) (altera_avalon_jtag_uart_read_fd)
C:/Users/Francisco/Desktop/DE2_70_D5M/Eclipse/Software/Teste_bsp/\libhal_bsp.a(altera_avalon_jtag_uart_init.o)
                              C:/Users/Francisco/Desktop/DE2_70_D5M/Eclipse/Software/Teste_bsp/\libhal_bsp.a(alt_sys_init.o) (altera_avalon_jtag_uart_init)
C:/Users/Francisco/Desktop/DE2_70_D5M/Eclipse/Software/Teste_bsp/\libhal_bsp.a(altera_avalon_jtag_uart_ioctl.o)
                              C:/Users/Francisco/Desktop/DE2_70_D5M/Eclipse/Software/Teste_bsp/\libhal_bsp.a(altera_avalon_jtag_uart_fd.o) (altera_avalon_jtag_uart_ioctl)
C:/Users/Francisco/Desktop/DE2_70_D5M/Eclipse/Software/Teste_bsp/\libhal_bsp.a(altera_avalon_jtag_uart_read.o)
                              C:/Users/Francisco/Desktop/DE2_70_D5M/Eclipse/Software/Teste_bsp/\libhal_bsp.a(altera_avalon_jtag_uart_fd.o) (altera_avalon_jtag_uart_read)
C:/Users/Francisco/Desktop/DE2_70_D5M/Eclipse/Software/Teste_bsp/\libhal_bsp.a(altera_avalon_jtag_uart_write.o)
                              C:/Users/Francisco/Desktop/DE2_70_D5M/Eclipse/Software/Teste_bsp/\libhal_bsp.a(altera_avalon_jtag_uart_fd.o) (altera_avalon_jtag_uart_write)
C:/Users/Francisco/Desktop/DE2_70_D5M/Eclipse/Software/Teste_bsp/\libhal_bsp.a(alt_alarm_start.o)
                              C:/Users/Francisco/Desktop/DE2_70_D5M/Eclipse/Software/Teste_bsp/\libhal_bsp.a(altera_avalon_jtag_uart_init.o) (alt_alarm_start)
C:/Users/Francisco/Desktop/DE2_70_D5M/Eclipse/Software/Teste_bsp/\libhal_bsp.a(alt_close.o)
                              C:/Users/Francisco/Desktop/DE2_70_D5M/Eclipse/Software/Teste_bsp/\libhal_bsp.a(alt_main.o) (close)
C:/Users/Francisco/Desktop/DE2_70_D5M/Eclipse/Software/Teste_bsp/\libhal_bsp.a(alt_dcache_flush_all.o)
                              C:/Users/Francisco/Desktop/DE2_70_D5M/Eclipse/Software/Teste_bsp/\libhal_bsp.a(alt_load.o) (alt_dcache_flush_all)
C:/Users/Francisco/Desktop/DE2_70_D5M/Eclipse/Software/Teste_bsp/\libhal_bsp.a(alt_dev.o)
                              C:/Users/Francisco/Desktop/DE2_70_D5M/Eclipse/Software/Teste_bsp/\libhal_bsp.a(alt_sys_init.o) (alt_dev_list)
C:/Users/Francisco/Desktop/DE2_70_D5M/Eclipse/Software/Teste_bsp/\libhal_bsp.a(alt_dev_llist_insert.o)
                              C:/Users/Francisco/Desktop/DE2_70_D5M/Eclipse/Software/Teste_bsp/\libhal_bsp.a(alt_sys_init.o) (alt_dev_llist_insert)
C:/Users/Francisco/Desktop/DE2_70_D5M/Eclipse/Software/Teste_bsp/\libhal_bsp.a(alt_do_ctors.o)
                              C:/Users/Francisco/Desktop/DE2_70_D5M/Eclipse/Software/Teste_bsp/\libhal_bsp.a(alt_main.o) (_do_ctors)
C:/Users/Francisco/Desktop/DE2_70_D5M/Eclipse/Software/Teste_bsp/\libhal_bsp.a(alt_do_dtors.o)
                              C:/Users/Francisco/Desktop/DE2_70_D5M/Eclipse/Software/Teste_bsp/\libhal_bsp.a(alt_main.o) (_do_dtors)
C:/Users/Francisco/Desktop/DE2_70_D5M/Eclipse/Software/Teste_bsp/\libhal_bsp.a(alt_errno.o)
                              C:/Users/Francisco/Desktop/DE2_70_D5M/Eclipse/Software/Teste_bsp/\libhal_bsp.a(alt_close.o) (alt_errno)
C:/Users/Francisco/Desktop/DE2_70_D5M/Eclipse/Software/Teste_bsp/\libhal_bsp.a(alt_icache_flush_all.o)
                              C:/Users/Francisco/Desktop/DE2_70_D5M/Eclipse/Software/Teste_bsp/\libhal_bsp.a(alt_load.o) (alt_icache_flush_all)
C:/Users/Francisco/Desktop/DE2_70_D5M/Eclipse/Software/Teste_bsp/\libhal_bsp.a(alt_iic.o)
                              C:/Users/Francisco/Desktop/DE2_70_D5M/Eclipse/Software/Teste_bsp/\libhal_bsp.a(altera_avalon_jtag_uart_init.o) (alt_ic_isr_register)
C:/Users/Francisco/Desktop/DE2_70_D5M/Eclipse/Software/Teste_bsp/\libhal_bsp.a(alt_iic_isr_register.o)
                              C:/Users/Francisco/Desktop/DE2_70_D5M/Eclipse/Software/Teste_bsp/\libhal_bsp.a(alt_iic.o) (alt_iic_isr_register)
C:/Users/Francisco/Desktop/DE2_70_D5M/Eclipse/Software/Teste_bsp/\libhal_bsp.a(alt_io_redirect.o)
                              C:/Users/Francisco/Desktop/DE2_70_D5M/Eclipse/Software/Teste_bsp/\libhal_bsp.a(alt_main.o) (alt_io_redirect)
[...]
Memory Configuration

Name             Origin             Length             Attributes
sdram            0x02000000         0x02000000
reset            0x04204000         0x00000020
Onchip_Memory    0x04204020         0x00003fe0
*default*        0x00000000         0xffffffff

Linker script and memory map

LOAD C:/Users/Francisco/Desktop/DE2_70_D5M/Eclipse/Software/Teste_bsp//obj/HAL/src/crt0.o
LOAD obj/default/hello_world.o
LOAD c:/altera/13.0sp1/nios2eds/bin/gnu/h-i686-mingw32/bin/../lib/gcc/nios2-elf/4.1.2/../../../../nios2-elf/lib/mno-hw-mul\libstdc++.a
LOAD c:/altera/13.0sp1/nios2eds/bin/gnu/h-i686-mingw32/bin/../lib/gcc/nios2-elf/4.1.2/../../../../nios2-elf/lib/mno-hw-mul\libm.a
LOAD c:/altera/13.0sp1/nios2eds/bin/gnu/h-i686-mingw32/bin/../lib/gcc/nios2-elf/4.1.2/mno-hw-mul\libgcc.a
START GROUP
LOAD c:/altera/13.0sp1/nios2eds/bin/gnu/h-i686-mingw32/bin/../lib/gcc/nios2-elf/4.1.2/../../../../nios2-elf/lib/mno-hw-mul\libc.a
LOAD c:/altera/13.0sp1/nios2eds/bin/gnu/h-i686-mingw32/bin/../lib/gcc/nios2-elf/4.1.2/mno-hw-mul\libgcc.a
LOAD C:/Users/Francisco/Desktop/DE2_70_D5M/Eclipse/Software/Teste_bsp/\libhal_bsp.a
END GROUP
LOAD c:/altera/13.0sp1/nios2eds/bin/gnu/h-i686-mingw32/bin/../lib/gcc/nios2-elf/4.1.2/mno-hw-mul\libgcc.a
                0x02000000                __alt_mem_sdram = 0x2000000
                0x04204000                __alt_mem_Onchip_Memory = 0x4204000

.entry          0x04204000       0x20
 *(.entry)
 .entry         0x04204000       0x20 C:/Users/Francisco/Desktop/DE2_70_D5M/Eclipse/Software/Teste_bsp//obj/HAL/src/crt0.o
                0x04204000                __reset

.exceptions     0x04204020      0x194 load address 0x02000000
                0x04204020                PROVIDE (__ram_exceptions_start, ABSOLUTE (.))
                0x04204020                . = ALIGN (0x20)
 *(.irq)
 *(.exceptions.entry.label)
 .exceptions.entry.label
                0x04204020        0x0 C:/Users/Francisco/Desktop/DE2_70_D5M/Eclipse/Software/Teste_bsp/\libhal_bsp.a(alt_irq_entry.o)
                0x04204020                alt_irq_entry
 .exceptions.entry.label
                0x04204020        0x0 C:/Users/Francisco/Desktop/DE2_70_D5M/Eclipse/Software/Teste_bsp/\libhal_bsp.a(alt_exception_entry.o)
                0x04204020                alt_exception
 *(.exceptions.entry.user)
 *(.exceptions.entry)
 .exceptions.entry
                0x04204020       0x54 C:/Users/Francisco/Desktop/DE2_70_D5M/Eclipse/Software/Teste_bsp/\libhal_bsp.a(alt_exception_entry.o)
 *(.exceptions.irqtest.user)
 *(.exceptions.irqtest)
 .exceptions.irqtest
                0x04204074       0x10 C:/Users/Francisco/Desktop/DE2_70_D5M/Eclipse/Software/Teste_bsp/\libhal_bsp.a(alt_irq_entry.o)
 *(.exceptions.irqhandler.user)
 *(.exceptions.irqhandler)
 .exceptions.irqhandler
                0x04204084        0x4 C:/Users/Francisco/Desktop/DE2_70_D5M/Eclipse/Software/Teste_bsp/\libhal_bsp.a(alt_irq_entry.o)
 *(.exceptions.irqreturn.user)
 *(.exceptions.irqreturn)
 .exceptions.irqreturn
                0x04204088        0x4 C:/Users/Francisco/Desktop/DE2_70_D5M/Eclipse/Software/Teste_bsp/\libhal_bsp.a(alt_irq_entry.o)
 *(.exceptions.notirq.label)
 .exceptions.notirq.label
                0x0420408c        0x0 C:/Users/Francisco/Desktop/DE2_70_D5M/Eclipse/Software/Teste_bsp/\libhal_bsp.a(alt_irq_entry.o)
 *(.exceptions.notirq.user)
 *(.exceptions.notirq)
 .exceptions.notirq
                0x0420408c        0x8 C:/Users/Francisco/Desktop/DE2_70_D5M/Eclipse/Software/Teste_bsp/\libhal_bsp.a(alt_exception_entry.o)
 *(.exceptions.soft.user)
 *(.exceptions.soft)
 *(.exceptions.unknown.user)
 *(.exceptions.unknown)
 .exceptions.unknown
                0x04204094        0x4 C:/Users/Francisco/Desktop/DE2_70_D5M/Eclipse/Software/Teste_bsp/\libhal_bsp.a(alt_exception_entry.o)
 *(.exceptions.exit.label)
 .exceptions.exit.label
                0x04204098        0x0 C:/Users/Francisco/Desktop/DE2_70_D5M/Eclipse/Software/Teste_bsp/\libhal_bsp.a(alt_irq_entry.o)
 .exceptions.exit.label
                0x04204098        0x0 C:/Users/Francisco/Desktop/DE2_70_D5M/Eclipse/Software/Teste_bsp/\libhal_bsp.a(alt_exception_entry.o)
 *(.exceptions.exit.user)
 *(.exceptions.exit)
 .exceptions.exit
                0x04204098       0x54 C:/Users/Francisco/Desktop/DE2_70_D5M/Eclipse/Software/Teste_bsp/\libhal_bsp.a(alt_exception_entry.o)
 *(.exceptions)
 .exceptions    0x042040ec       0xc8 C:/Users/Francisco/Desktop/DE2_70_D5M/Eclipse/Software/Teste_bsp/\libhal_bsp.a(alt_irq_handler.o)
                0x042040ec                alt_irq_handler
                0x042041b4                PROVIDE (__ram_exceptions_end, ABSOLUTE (.))
                0x02000000                PROVIDE (__flash_exceptions_start, LOADADDR (.exceptions))

.text           0x02000194     0x260c
                0x02000194                PROVIDE (stext, ABSOLUTE (.))
 *(.interp)
 *(.hash)
 *(.dynsym)
 *(.dynstr)
 *(.gnu.version)
 *(.gnu.version_d)
 *(.gnu.version_r)
 *(.rel.init)
 *(.rela.init)
 *(.rel.text .rel.text.* .rel.gnu.linkonce.t.*)
 *(.rela.text .rela.text.* .rela.gnu.linkonce.t.*)
 *(.rel.fini)
 *(.rela.fini)
 *(.rel.rodata .rel.rodata.* .rel.gnu.linkonce.r.*)
 *(.rela.rodata .rela.rodata.* .rela.gnu.linkonce.r.*)
 *(.rel.data .rel.data.* .rel.gnu.linkonce.d.*)
 *(.rela.data .rela.data.* .rela.gnu.linkonce.d.*)
 *(.rel.tdata .rel.tdata.* .rel.gnu.linkonce.td.*)
 *(.rela.tdata .rela.tdata.* .rela.gnu.linkonce.td.*)
 *(.rel.tbss .rel.tbss.* .rel.gnu.linkonce.tb.*)
 *(.rela.tbss .rela.tbss.* .rela.gnu.linkonce.tb.*)
 *(.rel.ctors)
 *(.rela.ctors)
 *(.rel.dtors)
 *(.rela.dtors)
 *(.rel.got)
 *(.rela.got)
 *(.rel.sdata .rel.sdata.* .rel.gnu.linkonce.s.*)
 *(.rela.sdata .rela.sdata.* .rela.gnu.linkonce.s.*)
 *(.rel.sbss .rel.sbss.* .rel.gnu.linkonce.sb.*)
 *(.rela.sbss .rela.sbss.* .rela.gnu.linkonce.sb.*)
 *(.rel.sdata2 .rel.sdata2.* .rel.gnu.linkonce.s2.*)
 *(.rela.sdata2 .rela.sdata2.* .rela.gnu.linkonce.s2.*)
 *(.rel.sbss2 .rel.sbss2.* .rel.gnu.linkonce.sb2.*)
 *(.rela.sbss2 .rela.sbss2.* .rela.gnu.linkonce.sb2.*)
 *(.rel.bss .rel.bss.* .rel.gnu.linkonce.b.*)
 *(.rela.bss .rela.bss.* .rela.gnu.linkonce.b.*)
 *(.rel.plt)
 *(.rela.plt)
 *(.rel.dyn)
 *(.init)
 *(.plt)
 *(.text .stub .text.* .gnu.linkonce.t.*)
 .text          0x02000194       0x3c C:/Users/Francisco/Desktop/DE2_70_D5M/Eclipse/Software/Teste_bsp//obj/HAL/src/crt0.o
                0x02000194                _start
 .text          0x020001d0      0x10c obj/default/hello_world.o
                0x020001d0                main
                0x02000228                VGA_box
 .text          0x020002dc       0xec C:/Users/Francisco/Desktop/DE2_70_D5M/Eclipse/Software/Teste_bsp/\libhal_bsp.a(alt_load.o)
                0x020002dc                alt_load
 .text          0x020003c8       0x6c C:/Users/Francisco/Desktop/DE2_70_D5M/Eclipse/Software/Teste_bsp/\libhal_bsp.a(alt_main.o)
                0x020003c8                alt_main
 .text          0x02000434      0x2b4 C:/Users/Francisco/Desktop/DE2_70_D5M/Eclipse/Software/Teste_bsp/\libhal_bsp.a(alt_sys_init.o)
                0x02000434                alt_irq_init
                0x02000468                alt_sys_init
 .text          0x020006e8      0x148 C:/Users/Francisco/Desktop/DE2_70_D5M/Eclipse/Software/Teste_bsp/\libhal_bsp.a(altera_avalon_jtag_uart_fd.o)
                0x020006e8                altera_avalon_jtag_uart_read_fd
                0x02000740                altera_avalon_jtag_uart_write_fd
                0x02000798                altera_avalon_jtag_uart_close_fd
                0x020007e0                altera_avalon_jtag_uart_ioctl_fd
 .text          0x02000830      0x40c C:/Users/Francisco/Desktop/DE2_70_D5M/Eclipse/Software/Teste_bsp/\libhal_bsp.a(altera_avalon_jtag_uart_init.o)
                0x02000830                altera_avalon_jtag_uart_init
                0x02000bc8                altera_avalon_jtag_uart_close
 .text          0x02000c3c       0xf4 C:/Users/Francisco/Desktop/DE2_70_D5M/Eclipse/Software/Teste_bsp/\libhal_bsp.a(altera_avalon_jtag_uart_ioctl.o)
                0x02000c3c                altera_avalon_jtag_uart_ioctl
 .text          0x02000d30      0x224 C:/Users/Francisco/Desktop/DE2_70_D5M/Eclipse/Software/Teste_bsp/\libhal_bsp.a(altera_avalon_jtag_uart_read.o)
                0x02000d30                altera_avalon_jtag_uart_read
 .text          0x02000f54      0x240 C:/Users/Francisco/Desktop/DE2_70_D5M/Eclipse/Software/Teste_bsp/\libhal_bsp.a(altera_avalon_jtag_uart_write.o)
                0x02000f54                altera_avalon_jtag_uart_write
 .text          0x02001194      0x154 C:/Users/Francisco/Desktop/DE2_70_D5M/Eclipse/Software/Teste_bsp/\libhal_bsp.a(alt_alarm_start.o)
                0x02001194                alt_alarm_start
 .text          0x020012e8      0x160 C:/Users/Francisco/Desktop/DE2_70_D5M/Eclipse/Software/Teste_bsp/\libhal_bsp.a(alt_close.o)
                0x020012e8                close
 .text          0x02001448       0x1c C:/Users/Francisco/Desktop/DE2_70_D5M/Eclipse/Software/Teste_bsp/\libhal_bsp.a(alt_dcache_flush_all.o)
                0x02001448                alt_dcache_flush_all
 .text          0x02001464       0x2c C:/Users/Francisco/Desktop/DE2_70_D5M/Eclipse/Software/Teste_bsp/\libhal_bsp.a(alt_dev.o)
 .text          0x02001490      0x114 C:/Users/Francisco/Desktop/DE2_70_D5M/Eclipse/Software/Teste_bsp/\libhal_bsp.a(alt_dev_llist_insert.o)
                0x02001490                alt_dev_llist_insert
 .text          0x020015a4       0x64 C:/Users/Francisco/Desktop/DE2_70_D5M/Eclipse/Software/Teste_bsp/\libhal_bsp.a(alt_do_ctors.o)
                0x020015a4                _do_ctors
 .text          0x02001608       0x64 C:/Users/Francisco/Desktop/DE2_70_D5M/Eclipse/Software/Teste_bsp/\libhal_bsp.a(alt_do_dtors.o)
                0x02001608                _do_dtors
 .text          0x0200166c        0x0 C:/Users/Francisco/Desktop/DE2_70_D5M/Eclipse/Software/Teste_bsp/\libhal_bsp.a(alt_errno.o)
 .text          0x0200166c       0x1c C:/Users/Francisco/Desktop/DE2_70_D5M/Eclipse/Software/Teste_bsp/\libhal_bsp.a(alt_icache_flush_all.o)
                0x0200166c                alt_icache_flush_all
 .text          0x02001688      0x1d4 C:/Users/Francisco/Desktop/DE2_70_D5M/Eclipse/Software/Teste_bsp/\libhal_bsp.a(alt_iic.o)
                0x02001688                alt_ic_isr_register
                0x020016d8                alt_ic_irq_enable
                0x02001774                alt_ic_irq_disable
                0x02001814                alt_ic_irq_enabled
 .text          0x0200185c       0xf8 C:/Users/Francisco/Desktop/DE2_70_D5M/Eclipse/Software/Teste_bsp/\libhal_bsp.a(alt_iic_isr_register.o)
                0x0200185c                alt_iic_isr_register
 .text          0x02001954      0x150 C:/Users/Francisco/Desktop/DE2_70_D5M/Eclipse/Software/Teste_bsp/\libhal_bsp.a(alt_io_redirect.o)
                0x02001a2c                alt_io_redirect
 .text          0x02001aa4        0x0 C:/Users/Francisco/Desktop/DE2_70_D5M/Eclipse/Software/Teste_bsp/\libhal_bsp.a(alt_irq_entry.o)
 .text          0x02001aa4        0x0 C:/Users/Francisco/Desktop/DE2_70_D5M/Eclipse/Software/Teste_bsp/\libhal_bsp.a(alt_irq_handler.o)
 .text          0x02001aa4        0x0 C:/Users/Francisco/Desktop/DE2_70_D5M/Eclipse/Software/Teste_bsp/\libhal_bsp.a(alt_irq_vars.o)
 .text          0x02001aa4      0x2e4 C:/Users/Francisco/Desktop/DE2_70_D5M/Eclipse/Software/Teste_bsp/\libhal_bsp.a(alt_open.o)
                0x02001b9c                open
 .text          0x02001d88       0x78 C:/Users/Francisco/Desktop/DE2_70_D5M/Eclipse/Software/Teste_bsp/\libhal_bsp.a(alt_release_fd.o)
                0x02001d88                alt_release_fd
 .text          0x02001e00      0x1a4 C:/Users/Francisco/Desktop/DE2_70_D5M/Eclipse/Software/Teste_bsp/\libhal_bsp.a(alt_tick.o)
                0x02001e00                alt_alarm_stop
                0x02001e98                alt_tick
 .text          0x02001fa4       0x20 C:/Users/Francisco/Desktop/DE2_70_D5M/Eclipse/Software/Teste_bsp/\libhal_bsp.a(altera_nios2_qsys_irq.o)
                0x02001fa4                altera_nios2_qsys_irq_init
 .text          0x02001fc4        0x0 C:/Users/Francisco/Desktop/DE2_70_D5M/Eclipse/Software/Teste_bsp/\libhal_bsp.a(alt_exception_entry.o)
 .text          0x02001fc4       0x94 C:/Users/Francisco/Desktop/DE2_70_D5M/Eclipse/Software/Teste_bsp/\libhal_bsp.a(alt_find_dev.o)
                0x02001fc4                alt_find_dev
 .text          0x02002058      0x120 C:/Users/Francisco/Desktop/DE2_70_D5M/Eclipse/Software/Teste_bsp/\libhal_bsp.a(alt_find_file.o)
                0x02002058                alt_find_file
 .text          0x02002178       0xd0 C:/Users/Francisco/Desktop/DE2_70_D5M/Eclipse/Software/Teste_bsp/\libhal_bsp.a(alt_get_fd.o)
                0x02002178                alt_get_fd
 .text          0x02002248       0x14 c:/altera/13.0sp1/nios2eds/bin/gnu/h-i686-mingw32/bin/../lib/gcc/nios2-elf/4.1.2/../../../../nios2-elf/lib/mno-hw-mul\libc.a(lib_a-atexit.o)
                0x02002248                atexit
 .text          0x0200225c       0x38 c:/altera/13.0sp1/nios2eds/bin/gnu/h-i686-mingw32/bin/../lib/gcc/nios2-elf/4.1.2/../../../../nios2-elf/lib/mno-hw-mul\libc.a(lib_a-exit.o)
                0x0200225c                exit
 .text          0x02002294        0x0 c:/altera/13.0sp1/nios2eds/bin/gnu/h-i686-mingw32/bin/../lib/gcc/nios2-elf/4.1.2/../../../../nios2-elf/lib/mno-hw-mul\libc.a(lib_a-impure.o)
 .text          0x02002294        0x0 c:/altera/13.0sp1/nios2eds/bin/gnu/h-i686-mingw32/bin/../lib/gcc/nios2-elf/4.1.2/../../../../nios2-elf/lib/mno-hw-mul\libc.a(lib_a-int_errno.o)
 .text          0x02002294       0x74 c:/altera/13.0sp1/nios2eds/bin/gnu/h-i686-mingw32/bin/../lib/gcc/nios2-elf/4.1.2/../../../../nios2-elf/lib/mno-hw-mul\libc.a(lib_a-memcmp.o)
                0x02002294                memcmp
 .text          0x02002308       0xa0 c:/altera/13.0sp1/nios2eds/bin/gnu/h-i686-mingw32/bin/../lib/gcc/nios2-elf/4.1.2/../../../../nios2-elf/lib/mno-hw-mul\libc.a(lib_a-memcpy.o)
                0x02002308                memcpy
 .text          0x020023a8       0x74 c:/altera/13.0sp1/nios2eds/bin/gnu/h-i686-mingw32/bin/../lib/gcc/nios2-elf/4.1.2/../../../../nios2-elf/lib/mno-hw-mul\libc.a(lib_a-strlen.o)
                0x020023a8                strlen
 .text          0x0200241c      0x134 c:/altera/13.0sp1/nios2eds/bin/gnu/h-i686-mingw32/bin/../lib/gcc/nios2-elf/4.1.2/../../../../nios2-elf/lib/mno-hw-mul\libc.a(lib_a-__atexit.o)
                0x0200241c                __register_exitproc
 .text          0x02002550      0x1b4 c:/altera/13.0sp1/nios2eds/bin/gnu/h-i686-mingw32/bin/../lib/gcc/nios2-elf/4.1.2/../../../../nios2-elf/lib/mno-hw-mul\libc.a(lib_a-__call_atexit.o)
                0x02002554                __call_exitprocs
 .text          0x02002704       0x38 c:/altera/13.0sp1/nios2eds/bin/gnu/h-i686-mingw32/bin/../lib/gcc/nios2-elf/4.1.2/mno-hw-mul\libgcc.a(lib2-mul.o)
                0x02002704                __mulsi3
 .text          0x0200273c       0x60 C:/Users/Francisco/Desktop/DE2_70_D5M/Eclipse/Software/Teste_bsp/\libhal_bsp.a(alt_exit.o)
                0x0200277c                _exit
 *(.gnu.warning.*)
 *(.fini)
                0x0200279c                PROVIDE (__etext, ABSOLUTE (.))
                0x0200279c                PROVIDE (_etext, ABSOLUTE (.))
                0x0200279c                PROVIDE (etext, ABSOLUTE (.))
 *(.eh_frame_hdr)
                0x0200279c                . = ALIGN (0x4)
                0x0200279c                PROVIDE (__preinit_array_start, ABSOLUTE (.))
 *(.preinit_array)
                0x0200279c                PROVIDE (__preinit_array_end, ABSOLUTE (.))
                0x0200279c                PROVIDE (__init_array_start, ABSOLUTE (.))
 *(.init_array)
                0x0200279c                PROVIDE (__init_array_end, ABSOLUTE (.))
                0x0200279c                PROVIDE (__fini_array_start, ABSOLUTE (.))
 *(.fini_array)
                0x0200279c                PROVIDE (__fini_array_end, ABSOLUTE (.))
 *(.eh_frame)
 *(.gcc_except_table)
 *(.dynamic)
                0x0200279c                PROVIDE (__CTOR_LIST__, ABSOLUTE (.))
 *(.ctors)
 *(SORT(.ctors.*))
 .ctors.65535   0x0200279c        0x4 c:/altera/13.0sp1/nios2eds/bin/gnu/h-i686-mingw32/bin/../lib/gcc/nios2-elf/4.1.2/../../../../nios2-elf/lib/mno-hw-mul\libc.a(lib_a-__call_atexit.o)
                0x020027a0                PROVIDE (__CTOR_END__, ABSOLUTE (.))
                0x020027a0                PROVIDE (__DTOR_LIST__, ABSOLUTE (.))
 *(.dtors)
 *(SORT(.dtors.*))
                0x020027a0                PROVIDE (__DTOR_END__, ABSOLUTE (.))
 *(.jcr)
                0x020027a0                . = ALIGN (0x4)

.rodata         0x020027a0       0x58
                0x020027a0                PROVIDE (__ram_rodata_start, ABSOLUTE (.))
                0x020027a0                . = ALIGN (0x4)
 *(.rodata .rodata.* .gnu.linkonce.r.*)
 .rodata        0x020027a0       0x10 C:/Users/Francisco/Desktop/DE2_70_D5M/Eclipse/Software/Teste_bsp/\libhal_bsp.a(alt_main.o)
 .rodata        0x020027b0       0x38 C:/Users/Francisco/Desktop/DE2_70_D5M/Eclipse/Software/Teste_bsp/\libhal_bsp.a(alt_sys_init.o)
 .rodata        0x020027e8        0xc C:/Users/Francisco/Desktop/DE2_70_D5M/Eclipse/Software/Teste_bsp/\libhal_bsp.a(alt_dev.o)
 .rodata.str1.4
                0x020027f4        0x4 c:/altera/13.0sp1/nios2eds/bin/gnu/h-i686-mingw32/bin/../lib/gcc/nios2-elf/4.1.2/../../../../nios2-elf/lib/mno-hw-mul\libc.a(lib_a-impure.o)
 *(.rodata1)
                0x020027f8                . = ALIGN (0x4)
                0x020027f8                PROVIDE (__ram_rodata_end, ABSOLUTE (.))
                0x020027a0                PROVIDE (__flash_rodata_start, LOADADDR (.rodata))

.rwdata         0x020027f8     0x16b8 load address 0x02003eb0
                0x020027f8                PROVIDE (__ram_rwdata_start, ABSOLUTE (.))
                0x020027f8                . = ALIGN (0x4)
 *(.got.plt)
 *(.got)
 *(.data1)
 *(.data .data.* .gnu.linkonce.d.*)
 .data          0x020027f8        0x0 C:/Users/Francisco/Desktop/DE2_70_D5M/Eclipse/Software/Teste_bsp//obj/HAL/src/crt0.o
 .data          0x020027f8        0x0 obj/default/hello_world.o
 .data          0x020027f8        0x0 C:/Users/Francisco/Desktop/DE2_70_D5M/Eclipse/Software/Teste_bsp/\libhal_bsp.a(alt_load.o)
 .data          0x020027f8        0x0 C:/Users/Francisco/Desktop/DE2_70_D5M/Eclipse/Software/Teste_bsp/\libhal_bsp.a(alt_main.o)
 .data          0x020027f8     0x10e4 C:/Users/Francisco/Desktop/DE2_70_D5M/Eclipse/Software/Teste_bsp/\libhal_bsp.a(alt_sys_init.o)
 .data          0x020038dc        0x0 C:/Users/Francisco/Desktop/DE2_70_D5M/Eclipse/Software/Teste_bsp/\libhal_bsp.a(altera_avalon_jtag_uart_fd.o)
 .data          0x020038dc        0x0 C:/Users/Francisco/Desktop/DE2_70_D5M/Eclipse/Software/Teste_bsp/\libhal_bsp.a(altera_avalon_jtag_uart_init.o)
 .data          0x020038dc        0x0 C:/Users/Francisco/Desktop/DE2_70_D5M/Eclipse/Software/Teste_bsp/\libhal_bsp.a(altera_avalon_jtag_uart_ioctl.o)
 .data          0x020038dc        0x0 C:/Users/Francisco/Desktop/DE2_70_D5M/Eclipse/Software/Teste_bsp/\libhal_bsp.a(altera_avalon_jtag_uart_read.o)
 .data          0x020038dc        0x0 C:/Users/Francisco/Desktop/DE2_70_D5M/Eclipse/Software/Teste_bsp/\libhal_bsp.a(altera_avalon_jtag_uart_write.o)
 .data          0x020038dc        0x0 C:/Users/Francisco/Desktop/DE2_70_D5M/Eclipse/Software/Teste_bsp/\libhal_bsp.a(alt_alarm_start.o)
 .data          0x020038dc        0x0 C:/Users/Francisco/Desktop/DE2_70_D5M/Eclipse/Software/Teste_bsp/\libhal_bsp.a(alt_close.o)
 .data          0x020038dc        0x0 C:/Users/Francisco/Desktop/DE2_70_D5M/Eclipse/Software/Teste_bsp/\libhal_bsp.a(alt_dcache_flush_all.o)
 .data          0x020038dc      0x1a8 C:/Users/Francisco/Desktop/DE2_70_D5M/Eclipse/Software/Teste_bsp/\libhal_bsp.a(alt_dev.o)
                0x020038dc                alt_dev_null
                0x02003904                alt_fd_list
 .data          0x02003a84        0x0 C:/Users/Francisco/Desktop/DE2_70_D5M/Eclipse/Software/Teste_bsp/\libhal_bsp.a(alt_dev_llist_insert.o)
 .data          0x02003a84        0x0 C:/Users/Francisco/Desktop/DE2_70_D5M/Eclipse/Software/Teste_bsp/\libhal_bsp.a(alt_do_ctors.o)
 .data          0x02003a84        0x0 C:/Users/Francisco/Desktop/DE2_70_D5M/Eclipse/Software/Teste_bsp/\libhal_bsp.a(alt_do_dtors.o)
 .data          0x02003a84        0x0 C:/Users/Francisco/Desktop/DE2_70_D5M/Eclipse/Software/Teste_bsp/\libhal_bsp.a(alt_errno.o)
 .data          0x02003a84        0x0 C:/Users/Francisco/Desktop/DE2_70_D5M/Eclipse/Software/Teste_bsp/\libhal_bsp.a(alt_icache_flush_all.o)
 .data          0x02003a84        0x0 C:/Users/Francisco/Desktop/DE2_70_D5M/Eclipse/Software/Teste_bsp/\libhal_bsp.a(alt_iic.o)
 .data          0x02003a84        0x0 C:/Users/Francisco/Desktop/DE2_70_D5M/Eclipse/Software/Teste_bsp/\libhal_bsp.a(alt_iic_isr_register.o)
 .data          0x02003a84        0x0 C:/Users/Francisco/Desktop/DE2_70_D5M/Eclipse/Software/Teste_bsp/\libhal_bsp.a(alt_io_redirect.o)
 .data          0x02003a84        0x0 C:/Users/Francisco/Desktop/DE2_70_D5M/Eclipse/Software/Teste_bsp/\libhal_bsp.a(alt_irq_entry.o)
 .data          0x02003a84        0x0 C:/Users/Francisco/Desktop/DE2_70_D5M/Eclipse/Software/Teste_bsp/\libhal_bsp.a(alt_irq_handler.o)
 .data          0x02003a84        0x0 C:/Users/Francisco/Desktop/DE2_70_D5M/Eclipse/Software/Teste_bsp/\libhal_bsp.a(alt_irq_vars.o)
 .data          0x02003a84        0x0 C:/Users/Francisco/Desktop/DE2_70_D5M/Eclipse/Software/Teste_bsp/\libhal_bsp.a(alt_open.o)
 .data          0x02003a84        0x0 C:/Users/Francisco/Desktop/DE2_70_D5M/Eclipse/Software/Teste_bsp/\libhal_bsp.a(alt_release_fd.o)
 .data          0x02003a84        0x0 C:/Users/Francisco/Desktop/DE2_70_D5M/Eclipse/Software/Teste_bsp/\libhal_bsp.a(alt_tick.o)
 .data          0x02003a84        0x0 C:/Users/Francisco/Desktop/DE2_70_D5M/Eclipse/Software/Teste_bsp/\libhal_bsp.a(altera_nios2_qsys_irq.o)
 .data          0x02003a84        0x0 C:/Users/Francisco/Desktop/DE2_70_D5M/Eclipse/Software/Teste_bsp/\libhal_bsp.a(alt_exception_entry.o)
 .data          0x02003a84        0x0 C:/Users/Francisco/Desktop/DE2_70_D5M/Eclipse/Software/Teste_bsp/\libhal_bsp.a(alt_find_dev.o)
 .data          0x02003a84        0x0 C:/Users/Francisco/Desktop/DE2_70_D5M/Eclipse/Software/Teste_bsp/\libhal_bsp.a(alt_find_file.o)
 .data          0x02003a84        0x0 C:/Users/Francisco/Desktop/DE2_70_D5M/Eclipse/Software/Teste_bsp/\libhal_bsp.a(alt_get_fd.o)
 .data          0x02003a84        0x0 c:/altera/13.0sp1/nios2eds/bin/gnu/h-i686-mingw32/bin/../lib/gcc/nios2-elf/4.1.2/../../../../nios2-elf/lib/mno-hw-mul\libc.a(lib_a-atexit.o)
 .data          0x02003a84        0x0 c:/altera/13.0sp1/nios2eds/bin/gnu/h-i686-mingw32/bin/../lib/gcc/nios2-elf/4.1.2/../../../../nios2-elf/lib/mno-hw-mul\libc.a(lib_a-exit.o)
 .data          0x02003a84      0x400 c:/altera/13.0sp1/nios2eds/bin/gnu/h-i686-mingw32/bin/../lib/gcc/nios2-elf/4.1.2/../../../../nios2-elf/lib/mno-hw-mul\libc.a(lib_a-impure.o)
 .data          0x02003e84        0x0 c:/altera/13.0sp1/nios2eds/bin/gnu/h-i686-mingw32/bin/../lib/gcc/nios2-elf/4.1.2/../../../../nios2-elf/lib/mno-hw-mul\libc.a(lib_a-int_errno.o)
 .data          0x02003e84        0x0 c:/altera/13.0sp1/nios2eds/bin/gnu/h-i686-mingw32/bin/../lib/gcc/nios2-elf/4.1.2/../../../../nios2-elf/lib/mno-hw-mul\libc.a(lib_a-memcmp.o)
 .data          0x02003e84        0x0 c:/altera/13.0sp1/nios2eds/bin/gnu/h-i686-mingw32/bin/../lib/gcc/nios2-elf/4.1.2/../../../../nios2-elf/lib/mno-hw-mul\libc.a(lib_a-memcpy.o)
 .data          0x02003e84        0x0 c:/altera/13.0sp1/nios2eds/bin/gnu/h-i686-mingw32/bin/../lib/gcc/nios2-elf/4.1.2/../../../../nios2-elf/lib/mno-hw-mul\libc.a(lib_a-strlen.o)
 .data          0x02003e84        0x0 c:/altera/13.0sp1/nios2eds/bin/gnu/h-i686-mingw32/bin/../lib/gcc/nios2-elf/4.1.2/../../../../nios2-elf/lib/mno-hw-mul\libc.a(lib_a-__atexit.o)
 .data          0x02003e84        0x0 c:/altera/13.0sp1/nios2eds/bin/gnu/h-i686-mingw32/bin/../lib/gcc/nios2-elf/4.1.2/../../../../nios2-elf/lib/mno-hw-mul\libc.a(lib_a-__call_atexit.o)
 .data          0x02003e84        0x0 c:/altera/13.0sp1/nios2eds/bin/gnu/h-i686-mingw32/bin/../lib/gcc/nios2-elf/4.1.2/mno-hw-mul\libgcc.a(lib2-mul.o)
 .data          0x02003e84        0x0 C:/Users/Francisco/Desktop/DE2_70_D5M/Eclipse/Software/Teste_bsp/\libhal_bsp.a(alt_exit.o)
                0x0200be84                _gp = ABSOLUTE ((. + 0x8000))
                0x0200be84                PROVIDE (gp, _gp)
 *(.rwdata .rwdata.*)
 *(.sdata .sdata.* .gnu.linkonce.s.*)
 .sdata         0x02003e84       0x14 C:/Users/Francisco/Desktop/DE2_70_D5M/Eclipse/Software/Teste_bsp/\libhal_bsp.a(alt_dev.o)
                0x02003e84                alt_fs_list
                0x02003e8c                alt_dev_list
                0x02003e94                alt_max_fd
 .sdata         0x02003e98        0x4 C:/Users/Francisco/Desktop/DE2_70_D5M/Eclipse/Software/Teste_bsp/\libhal_bsp.a(alt_errno.o)
                0x02003e98                alt_errno
 .sdata         0x02003e9c        0x4 C:/Users/Francisco/Desktop/DE2_70_D5M/Eclipse/Software/Teste_bsp/\libhal_bsp.a(alt_irq_vars.o)
                0x02003e9c                alt_priority_mask
 .sdata         0x02003ea0        0x8 C:/Users/Francisco/Desktop/DE2_70_D5M/Eclipse/Software/Teste_bsp/\libhal_bsp.a(alt_tick.o)
                0x02003ea0                alt_alarm_list
 .sdata         0x02003ea8        0x8 c:/altera/13.0sp1/nios2eds/bin/gnu/h-i686-mingw32/bin/../lib/gcc/nios2-elf/4.1.2/../../../../nios2-elf/lib/mno-hw-mul\libc.a(lib_a-impure.o)
                0x02003ea8                _impure_ptr
                0x02003eac                _global_impure_ptr
 *(.sdata2 .sdata2.* .gnu.linkonce.s2.*)
                0x02003eb0                . = ALIGN (0x4)
                0x02003eb0                _edata = ABSOLUTE (.)
                0x02003eb0                PROVIDE (edata, ABSOLUTE (.))
                0x02003eb0                PROVIDE (__ram_rwdata_end, ABSOLUTE (.))
                0x02003eb0                PROVIDE (__flash_rwdata_start, LOADADDR (.rwdata))

.bss            0x02005568      0x2ac
                0x02005568                __bss_start = ABSOLUTE (.)
                0x02005568                PROVIDE (__sbss_start, ABSOLUTE (.))
                0x02005568                PROVIDE (___sbss_start, ABSOLUTE (.))
 *(.dynsbss)
 *(.sbss .sbss.* .gnu.linkonce.sb.*)
 .sbss          0x02005568        0xc C:/Users/Francisco/Desktop/DE2_70_D5M/Eclipse/Software/Teste_bsp/\libhal_bsp.a(alt_main.o)
                0x02005568                alt_argc
                0x0200556c                alt_argv
                0x02005570                alt_envp
 .sbss          0x02005574        0x4 C:/Users/Francisco/Desktop/DE2_70_D5M/Eclipse/Software/Teste_bsp/\libhal_bsp.a(alt_irq_vars.o)
                0x02005574                alt_irq_active
 .sbss          0x02005578        0x8 C:/Users/Francisco/Desktop/DE2_70_D5M/Eclipse/Software/Teste_bsp/\libhal_bsp.a(alt_tick.o)
                0x02005578                _alt_tick_rate
                0x0200557c                _alt_nticks
 .sbss          0x02005580        0x4 c:/altera/13.0sp1/nios2eds/bin/gnu/h-i686-mingw32/bin/../lib/gcc/nios2-elf/4.1.2/../../../../nios2-elf/lib/mno-hw-mul\libc.a(lib_a-int_errno.o)
                0x02005580                errno
 *(.sbss2 .sbss2.* .gnu.linkonce.sb2.*)
 *(.scommon)
                0x02005584                PROVIDE (__sbss_end, ABSOLUTE (.))
                0x02005584                PROVIDE (___sbss_end, ABSOLUTE (.))
 *(.dynbss)
 *(.bss .bss.* .gnu.linkonce.b.*)
 .bss           0x02005584        0x0 C:/Users/Francisco/Desktop/DE2_70_D5M/Eclipse/Software/Teste_bsp//obj/HAL/src/crt0.o
 .bss           0x02005584        0x0 obj/default/hello_world.o
 .bss           0x02005584        0x0 C:/Users/Francisco/Desktop/DE2_70_D5M/Eclipse/Software/Teste_bsp/\libhal_bsp.a(alt_load.o)
 .bss           0x02005584        0x0 C:/Users/Francisco/Desktop/DE2_70_D5M/Eclipse/Software/Teste_bsp/\libhal_bsp.a(alt_main.o)
 .bss           0x02005584        0x0 C:/Users/Francisco/Desktop/DE2_70_D5M/Eclipse/Software/Teste_bsp/\libhal_bsp.a(alt_sys_init.o)
 .bss           0x02005584        0x0 C:/Users/Francisco/Desktop/DE2_70_D5M/Eclipse/Software/Teste_bsp/\libhal_bsp.a(altera_avalon_jtag_uart_fd.o)
 .bss           0x02005584        0x0 C:/Users/Francisco/Desktop/DE2_70_D5M/Eclipse/Software/Teste_bsp/\libhal_bsp.a(altera_avalon_jtag_uart_init.o)
 .bss           0x02005584        0x0 C:/Users/Francisco/Desktop/DE2_70_D5M/Eclipse/Software/Teste_bsp/\libhal_bsp.a(altera_avalon_jtag_uart_ioctl.o)
 .bss           0x02005584        0x0 C:/Users/Francisco/Desktop/DE2_70_D5M/Eclipse/Software/Teste_bsp/\libhal_bsp.a(altera_avalon_jtag_uart_read.o)
 .bss           0x02005584        0x0 C:/Users/Francisco/Desktop/DE2_70_D5M/Eclipse/Software/Teste_bsp/\libhal_bsp.a(altera_avalon_jtag_uart_write.o)
 .bss           0x02005584        0x0 C:/Users/Francisco/Desktop/DE2_70_D5M/Eclipse/Software/Teste_bsp/\libhal_bsp.a(alt_alarm_start.o)
 .bss           0x02005584        0x0 C:/Users/Francisco/Desktop/DE2_70_D5M/Eclipse/Software/Teste_bsp/\libhal_bsp.a(alt_close.o)
 .bss           0x02005584        0x0 C:/Users/Francisco/Desktop/DE2_70_D5M/Eclipse/Software/Teste_bsp/\libhal_bsp.a(alt_dcache_flush_all.o)
 .bss           0x02005584        0x0 C:/Users/Francisco/Desktop/DE2_70_D5M/Eclipse/Software/Teste_bsp/\libhal_bsp.a(alt_dev.o)
 .bss           0x02005584        0x0 C:/Users/Francisco/Desktop/DE2_70_D5M/Eclipse/Software/Teste_bsp/\libhal_bsp.a(alt_dev_llist_insert.o)
 .bss           0x02005584        0x0 C:/Users/Francisco/Desktop/DE2_70_D5M/Eclipse/Software/Teste_bsp/\libhal_bsp.a(alt_do_ctors.o)
 .bss           0x02005584        0x0 C:/Users/Francisco/Desktop/DE2_70_D5M/Eclipse/Software/Teste_bsp/\libhal_bsp.a(alt_do_dtors.o)
 .bss           0x02005584        0x0 C:/Users/Francisco/Desktop/DE2_70_D5M/Eclipse/Software/Teste_bsp/\libhal_bsp.a(alt_errno.o)
 .bss           0x02005584        0x0 C:/Users/Francisco/Desktop/DE2_70_D5M/Eclipse/Software/Teste_bsp/\libhal_bsp.a(alt_icache_flush_all.o)
 .bss           0x02005584        0x0 C:/Users/Francisco/Desktop/DE2_70_D5M/Eclipse/Software/Teste_bsp/\libhal_bsp.a(alt_iic.o)
 .bss           0x02005584        0x0 C:/Users/Francisco/Desktop/DE2_70_D5M/Eclipse/Software/Teste_bsp/\libhal_bsp.a(alt_iic_isr_register.o)
 .bss           0x02005584        0x0 C:/Users/Francisco/Desktop/DE2_70_D5M/Eclipse/Software/Teste_bsp/\libhal_bsp.a(alt_io_redirect.o)
 .bss           0x02005584        0x0 C:/Users/Francisco/Desktop/DE2_70_D5M/Eclipse/Software/Teste_bsp/\libhal_bsp.a(alt_irq_entry.o)
 .bss           0x02005584        0x0 C:/Users/Francisco/Desktop/DE2_70_D5M/Eclipse/Software/Teste_bsp/\libhal_bsp.a(alt_irq_handler.o)
 .bss           0x02005584        0x0 C:/Users/Francisco/Desktop/DE2_70_D5M/Eclipse/Software/Teste_bsp/\libhal_bsp.a(alt_irq_vars.o)
 .bss           0x02005584        0x0 C:/Users/Francisco/Desktop/DE2_70_D5M/Eclipse/Software/Teste_bsp/\libhal_bsp.a(alt_open.o)
 .bss           0x02005584        0x0 C:/Users/Francisco/Desktop/DE2_70_D5M/Eclipse/Software/Teste_bsp/\libhal_bsp.a(alt_release_fd.o)
 .bss           0x02005584        0x0 C:/Users/Francisco/Desktop/DE2_70_D5M/Eclipse/Software/Teste_bsp/\libhal_bsp.a(alt_tick.o)
 .bss           0x02005584        0x0 C:/Users/Francisco/Desktop/DE2_70_D5M/Eclipse/Software/Teste_bsp/\libhal_bsp.a(altera_nios2_qsys_irq.o)
 .bss           0x02005584        0x0 C:/Users/Francisco/Desktop/DE2_70_D5M/Eclipse/Software/Teste_bsp/\libhal_bsp.a(alt_exception_entry.o)
 .bss           0x02005584        0x0 C:/Users/Francisco/Desktop/DE2_70_D5M/Eclipse/Software/Teste_bsp/\libhal_bsp.a(alt_find_dev.o)
 .bss           0x02005584        0x0 C:/Users/Francisco/Desktop/DE2_70_D5M/Eclipse/Software/Teste_bsp/\libhal_bsp.a(alt_find_file.o)
 .bss           0x02005584        0x0 C:/Users/Francisco/Desktop/DE2_70_D5M/Eclipse/Software/Teste_bsp/\libhal_bsp.a(alt_get_fd.o)
 .bss           0x02005584        0x0 c:/altera/13.0sp1/nios2eds/bin/gnu/h-i686-mingw32/bin/../lib/gcc/nios2-elf/4.1.2/../../../../nios2-elf/lib/mno-hw-mul\libc.a(lib_a-atexit.o)
 .bss           0x02005584        0x0 c:/altera/13.0sp1/nios2eds/bin/gnu/h-i686-mingw32/bin/../lib/gcc/nios2-elf/4.1.2/../../../../nios2-elf/lib/mno-hw-mul\libc.a(lib_a-exit.o)
 .bss           0x02005584        0x0 c:/altera/13.0sp1/nios2eds/bin/gnu/h-i686-mingw32/bin/../lib/gcc/nios2-elf/4.1.2/../../../../nios2-elf/lib/mno-hw-mul\libc.a(lib_a-impure.o)
 .bss           0x02005584        0x0 c:/altera/13.0sp1/nios2eds/bin/gnu/h-i686-mingw32/bin/../lib/gcc/nios2-elf/4.1.2/../../../../nios2-elf/lib/mno-hw-mul\libc.a(lib_a-int_errno.o)
 .bss           0x02005584        0x0 c:/altera/13.0sp1/nios2eds/bin/gnu/h-i686-mingw32/bin/../lib/gcc/nios2-elf/4.1.2/../../../../nios2-elf/lib/mno-hw-mul\libc.a(lib_a-memcmp.o)
 .bss           0x02005584        0x0 c:/altera/13.0sp1/nios2eds/bin/gnu/h-i686-mingw32/bin/../lib/gcc/nios2-elf/4.1.2/../../../../nios2-elf/lib/mno-hw-mul\libc.a(lib_a-memcpy.o)
 .bss           0x02005584        0x0 c:/altera/13.0sp1/nios2eds/bin/gnu/h-i686-mingw32/bin/../lib/gcc/nios2-elf/4.1.2/../../../../nios2-elf/lib/mno-hw-mul\libc.a(lib_a-strlen.o)
 .bss           0x02005584        0x0 c:/altera/13.0sp1/nios2eds/bin/gnu/h-i686-mingw32/bin/../lib/gcc/nios2-elf/4.1.2/../../../../nios2-elf/lib/mno-hw-mul\libc.a(lib_a-__atexit.o)
 .bss           0x02005584        0x0 c:/altera/13.0sp1/nios2eds/bin/gnu/h-i686-mingw32/bin/../lib/gcc/nios2-elf/4.1.2/../../../../nios2-elf/lib/mno-hw-mul\libc.a(lib_a-__call_atexit.o)
 .bss           0x02005584        0x0 c:/altera/13.0sp1/nios2eds/bin/gnu/h-i686-mingw32/bin/../lib/gcc/nios2-elf/4.1.2/mno-hw-mul\libgcc.a(lib2-mul.o)
 .bss           0x02005584        0x0 C:/Users/Francisco/Desktop/DE2_70_D5M/Eclipse/Software/Teste_bsp/\libhal_bsp.a(alt_exit.o)
 *(COMMON)
 COMMON         0x02005584      0x100 C:/Users/Francisco/Desktop/DE2_70_D5M/Eclipse/Software/Teste_bsp/\libhal_bsp.a(alt_irq_handler.o)
                0x02005584                alt_irq
 COMMON         0x02005684      0x190 c:/altera/13.0sp1/nios2eds/bin/gnu/h-i686-mingw32/bin/../lib/gcc/nios2-elf/4.1.2/../../../../nios2-elf/lib/mno-hw-mul\libc.a(lib_a-atexit.o)
                0x02005684                _atexit0
                0x02005814                . = ALIGN (0x4)
                0x02005814                __bss_end = ABSOLUTE (.)

.sdram          0x02005814        0x0
                0x02005814                PROVIDE (_alt_partition_sdram_start, ABSOLUTE (.))
 *(.sdram. sdram.*)
                0x02005814                . = ALIGN (0x4)
                0x02005814                PROVIDE (_alt_partition_sdram_end, ABSOLUTE (.))
                0x02005814                _end = ABSOLUTE (.)
                0x02005814                end = ABSOLUTE (.)
                0x02005814                __alt_stack_base = ABSOLUTE (.)
                0x02005814                PROVIDE (_alt_partition_sdram_load_addr, LOADADDR (.sdram))

.Onchip_Memory  0x042041b4        0x0 load address 0x02005814
                0x042041b4                PROVIDE (_alt_partition_Onchip_Memory_start, ABSOLUTE (.))
 *(.Onchip_Memory. Onchip_Memory.*)
                0x042041b4                . = ALIGN (0x4)
                0x042041b4                PROVIDE (_alt_partition_Onchip_Memory_end, ABSOLUTE (.))
                0x02005814                PROVIDE (_alt_partition_Onchip_Memory_load_addr, LOADADDR (.Onchip_Memory))

.stab
 *(.stab)

.stabstr
 *(.stabstr)

.stab.excl
 *(.stab.excl)

.stab.exclstr
 *(.stab.exclstr)

.stab.index
 *(.stab.index)

.stab.indexstr
 *(.stab.indexstr)

.comment        0x00000000       0x26
 *(.comment)
 .comment       0x00000000       0x26 obj/default/hello_world.o
                                 0x27 (size before relaxing)
 .comment       0x00000000       0x27 C:/Users/Francisco/Desktop/DE2_70_D5M/Eclipse/Software/Teste_bsp/\libhal_bsp.a(alt_load.o)
 .comment       0x00000000       0x27 C:/Users/Francisco/Desktop/DE2_70_D5M/Eclipse/Software/Teste_bsp/\libhal_bsp.a(alt_main.o)
 .comment       0x00000000       0x27 C:/Users/Francisco/Desktop/DE2_70_D5M/Eclipse/Software/Teste_bsp/\libhal_bsp.a(alt_sys_init.o)
 .comment       0x00000000       0x27 C:/Users/Francisco/Desktop/DE2_70_D5M/Eclipse/Software/Teste_bsp/\libhal_bsp.a(altera_avalon_jtag_uart_fd.o)
 .comment       0x00000000       0x27 C:/Users/Francisco/Desktop/DE2_70_D5M/Eclipse/Software/Teste_bsp/\libhal_bsp.a(altera_avalon_jtag_uart_init.o)
 .comment       0x00000000       0x27 C:/Users/Francisco/Desktop/DE2_70_D5M/Eclipse/Software/Teste_bsp/\libhal_bsp.a(altera_avalon_jtag_uart_ioctl.o)
 .comment       0x00000000       0x27 C:/Users/Francisco/Desktop/DE2_70_D5M/Eclipse/Software/Teste_bsp/\libhal_bsp.a(altera_avalon_jtag_uart_read.o)
 .comment       0x00000000       0x27 C:/Users/Francisco/Desktop/DE2_70_D5M/Eclipse/Software/Teste_bsp/\libhal_bsp.a(altera_avalon_jtag_uart_write.o)
 .comment       0x00000000       0x27 C:/Users/Francisco/Desktop/DE2_70_D5M/Eclipse/Software/Teste_bsp/\libhal_bsp.a(alt_alarm_start.o)
 .comment       0x00000000       0x27 C:/Users/Francisco/Desktop/DE2_70_D5M/Eclipse/Software/Teste_bsp/\libhal_bsp.a(alt_close.o)
 .comment       0x00000000       0x27 C:/Users/Francisco/Desktop/DE2_70_D5M/Eclipse/Software/Teste_bsp/\libhal_bsp.a(alt_dcache_flush_all.o)
 .comment       0x00000000       0x27 C:/Users/Francisco/Desktop/DE2_70_D5M/Eclipse/Software/Teste_bsp/\libhal_bsp.a(alt_dev.o)
 .comment       0x00000000       0x27 C:/Users/Francisco/Desktop/DE2_70_D5M/Eclipse/Software/Teste_bsp/\libhal_bsp.a(alt_dev_llist_insert.o)
 .comment       0x00000000       0x27 C:/Users/Francisco/Desktop/DE2_70_D5M/Eclipse/Software/Teste_bsp/\libhal_bsp.a(alt_do_ctors.o)
 .comment       0x00000000       0x27 C:/Users/Francisco/Desktop/DE2_70_D5M/Eclipse/Software/Teste_bsp/\libhal_bsp.a(alt_do_dtors.o)
 .comment       0x00000000       0x27 C:/Users/Francisco/Desktop/DE2_70_D5M/Eclipse/Software/Teste_bsp/\libhal_bsp.a(alt_errno.o)
 .comment       0x00000000       0x27 C:/Users/Francisco/Desktop/DE2_70_D5M/Eclipse/Software/Teste_bsp/\libhal_bsp.a(alt_icache_flush_all.o)
 .comment       0x00000000       0x27 C:/Users/Francisco/Desktop/DE2_70_D5M/Eclipse/Software/Teste_bsp/\libhal_bsp.a(alt_iic.o)
 .comment       0x00000000       0x27 C:/Users/Francisco/Desktop/DE2_70_D5M/Eclipse/Software/Teste_bsp/\libhal_bsp.a(alt_iic_isr_register.o)
 .comment       0x00000000       0x27 C:/Users/Francisco/Desktop/DE2_70_D5M/Eclipse/Software/Teste_bsp/\libhal_bsp.a(alt_io_redirect.o)
 .comment       0x00000000       0x27 C:/Users/Francisco/Desktop/DE2_70_D5M/Eclipse/Software/Teste_bsp/\libhal_bsp.a(alt_irq_handler.o)
 .comment       0x00000000       0x27 C:/Users/Francisco/Desktop/DE2_70_D5M/Eclipse/Software/Teste_bsp/\libhal_bsp.a(alt_irq_vars.o)
 .comment       0x00000000       0x27 C:/Users/Francisco/Desktop/DE2_70_D5M/Eclipse/Software/Teste_bsp/\libhal_bsp.a(alt_open.o)
 .comment       0x00000000       0x27 C:/Users/Francisco/Desktop/DE2_70_D5M/Eclipse/Software/Teste_bsp/\libhal_bsp.a(alt_release_fd.o)
 .comment       0x00000000       0x27 C:/Users/Francisco/Desktop/DE2_70_D5M/Eclipse/Software/Teste_bsp/\libhal_bsp.a(alt_tick.o)
 .comment       0x00000000       0x27 C:/Users/Francisco/Desktop/DE2_70_D5M/Eclipse/Software/Teste_bsp/\libhal_bsp.a(altera_nios2_qsys_irq.o)
 .comment       0x00000000       0x27 C:/Users/Francisco/Desktop/DE2_70_D5M/Eclipse/Software/Teste_bsp/\libhal_bsp.a(alt_find_dev.o)
 .comment       0x00000000       0x27 C:/Users/Francisco/Desktop/DE2_70_D5M/Eclipse/Software/Teste_bsp/\libhal_bsp.a(alt_find_file.o)
 .comment       0x00000000       0x27 C:/Users/Francisco/Desktop/DE2_70_D5M/Eclipse/Software/Teste_bsp/\libhal_bsp.a(alt_get_fd.o)
 .comment       0x00000000       0x27 c:/altera/13.0sp1/nios2eds/bin/gnu/h-i686-mingw32/bin/../lib/gcc/nios2-elf/4.1.2/../../../../nios2-elf/lib/mno-hw-mul\libc.a(lib_a-atexit.o)
 .comment       0x00000000       0x27 c:/altera/13.0sp1/nios2eds/bin/gnu/h-i686-mingw32/bin/../lib/gcc/nios2-elf/4.1.2/../../../../nios2-elf/lib/mno-hw-mul\libc.a(lib_a-exit.o)
 .comment       0x00000000       0x27 c:/altera/13.0sp1/nios2eds/bin/gnu/h-i686-mingw32/bin/../lib/gcc/nios2-elf/4.1.2/../../../../nios2-elf/lib/mno-hw-mul\libc.a(lib_a-impure.o)
 .comment       0x00000000       0x27 c:/altera/13.0sp1/nios2eds/bin/gnu/h-i686-mingw32/bin/../lib/gcc/nios2-elf/4.1.2/../../../../nios2-elf/lib/mno-hw-mul\libc.a(lib_a-int_errno.o)
 .comment       0x00000000       0x27 c:/altera/13.0sp1/nios2eds/bin/gnu/h-i686-mingw32/bin/../lib/gcc/nios2-elf/4.1.2/../../../../nios2-elf/lib/mno-hw-mul\libc.a(lib_a-memcmp.o)
 .comment       0x00000000       0x27 c:/altera/13.0sp1/nios2eds/bin/gnu/h-i686-mingw32/bin/../lib/gcc/nios2-elf/4.1.2/../../../../nios2-elf/lib/mno-hw-mul\libc.a(lib_a-memcpy.o)
 .comment       0x00000000       0x27 c:/altera/13.0sp1/nios2eds/bin/gnu/h-i686-mingw32/bin/../lib/gcc/nios2-elf/4.1.2/../../../../nios2-elf/lib/mno-hw-mul\libc.a(lib_a-strlen.o)
 .comment       0x00000000       0x27 c:/altera/13.0sp1/nios2eds/bin/gnu/h-i686-mingw32/bin/../lib/gcc/nios2-elf/4.1.2/../../../../nios2-elf/lib/mno-hw-mul\libc.a(lib_a-__atexit.o)
 .comment       0x00000000       0x27 c:/altera/13.0sp1/nios2eds/bin/gnu/h-i686-mingw32/bin/../lib/gcc/nios2-elf/4.1.2/../../../../nios2-elf/lib/mno-hw-mul\libc.a(lib_a-__call_atexit.o)
 .comment       0x00000000       0x27 c:/altera/13.0sp1/nios2eds/bin/gnu/h-i686-mingw32/bin/../lib/gcc/nios2-elf/4.1.2/mno-hw-mul\libgcc.a(lib2-mul.o)
 .comment       0x00000000       0x27 C:/Users/Francisco/Desktop/DE2_70_D5M/Eclipse/Software/Teste_bsp/\libhal_bsp.a(alt_exit.o)

.debug
 *(.debug)

.line
 *(.line)

.debug_srcinfo
 *(.debug_srcinfo)

.debug_sfnames
 *(.debug_sfnames)

.debug_aranges  0x00000000      0x538
 *(.debug_aranges)
 .debug_aranges
                0x00000000       0x28 C:/Users/Francisco/Desktop/DE2_70_D5M/Eclipse/Software/Teste_bsp//obj/HAL/src/crt0.o
 .debug_aranges
                0x00000028       0x20 obj/default/hello_world.o
 .debug_aranges
                0x00000048       0x20 C:/Users/Francisco/Desktop/DE2_70_D5M/Eclipse/Software/Teste_bsp/\libhal_bsp.a(alt_load.o)
 .debug_aranges
                0x00000068       0x20 C:/Users/Francisco/Desktop/DE2_70_D5M/Eclipse/Software/Teste_bsp/\libhal_bsp.a(alt_main.o)
 .debug_aranges
                0x00000088       0x20 C:/Users/Francisco/Desktop/DE2_70_D5M/Eclipse/Software/Teste_bsp/\libhal_bsp.a(alt_sys_init.o)
 .debug_aranges
                0x000000a8       0x20 C:/Users/Francisco/Desktop/DE2_70_D5M/Eclipse/Software/Teste_bsp/\libhal_bsp.a(altera_avalon_jtag_uart_fd.o)
 .debug_aranges
                0x000000c8       0x20 C:/Users/Francisco/Desktop/DE2_70_D5M/Eclipse/Software/Teste_bsp/\libhal_bsp.a(altera_avalon_jtag_uart_init.o)
 .debug_aranges
                0x000000e8       0x20 C:/Users/Francisco/Desktop/DE2_70_D5M/Eclipse/Software/Teste_bsp/\libhal_bsp.a(altera_avalon_jtag_uart_ioctl.o)
 .debug_aranges
                0x00000108       0x20 C:/Users/Francisco/Desktop/DE2_70_D5M/Eclipse/Software/Teste_bsp/\libhal_bsp.a(altera_avalon_jtag_uart_read.o)
 .debug_aranges
                0x00000128       0x20 C:/Users/Francisco/Desktop/DE2_70_D5M/Eclipse/Software/Teste_bsp/\libhal_bsp.a(altera_avalon_jtag_uart_write.o)
 .debug_aranges
                0x00000148       0x20 C:/Users/Francisco/Desktop/DE2_70_D5M/Eclipse/Software/Teste_bsp/\libhal_bsp.a(alt_alarm_start.o)
 .debug_aranges
                0x00000168       0x20 C:/Users/Francisco/Desktop/DE2_70_D5M/Eclipse/Software/Teste_bsp/\libhal_bsp.a(alt_close.o)
 .debug_aranges
                0x00000188       0x20 C:/Users/Francisco/Desktop/DE2_70_D5M/Eclipse/Software/Teste_bsp/\libhal_bsp.a(alt_dcache_flush_all.o)
 .debug_aranges
                0x000001a8       0x20 C:/Users/Francisco/Desktop/DE2_70_D5M/Eclipse/Software/Teste_bsp/\libhal_bsp.a(alt_dev.o)
 .debug_aranges
                0x000001c8       0x20 C:/Users/Francisco/Desktop/DE2_70_D5M/Eclipse/Software/Teste_bsp/\libhal_bsp.a(alt_dev_llist_insert.o)
 .debug_aranges
                0x000001e8       0x20 C:/Users/Francisco/Desktop/DE2_70_D5M/Eclipse/Software/Teste_bsp/\libhal_bsp.a(alt_do_ctors.o)
 .debug_aranges
                0x00000208       0x20 C:/Users/Francisco/Desktop/DE2_70_D5M/Eclipse/Software/Teste_bsp/\libhal_bsp.a(alt_do_dtors.o)
 .debug_aranges
                0x00000228       0x20 C:/Users/Francisco/Desktop/DE2_70_D5M/Eclipse/Software/Teste_bsp/\libhal_bsp.a(alt_icache_flush_all.o)
 .debug_aranges
                0x00000248       0x20 C:/Users/Francisco/Desktop/DE2_70_D5M/Eclipse/Software/Teste_bsp/\libhal_bsp.a(alt_iic.o)
 .debug_aranges
                0x00000268       0x20 C:/Users/Francisco/Desktop/DE2_70_D5M/Eclipse/Software/Teste_bsp/\libhal_bsp.a(alt_iic_isr_register.o)
 .debug_aranges
                0x00000288       0x20 C:/Users/Francisco/Desktop/DE2_70_D5M/Eclipse/Software/Teste_bsp/\libhal_bsp.a(alt_io_redirect.o)
 .debug_aranges
                0x000002a8       0x30 C:/Users/Francisco/Desktop/DE2_70_D5M/Eclipse/Software/Teste_bsp/\libhal_bsp.a(alt_irq_entry.o)
 .debug_aranges
                0x000002d8       0x28 C:/Users/Francisco/Desktop/DE2_70_D5M/Eclipse/Software/Teste_bsp/\libhal_bsp.a(alt_irq_handler.o)
 .debug_aranges
                0x00000300       0x20 C:/Users/Francisco/Desktop/DE2_70_D5M/Eclipse/Software/Teste_bsp/\libhal_bsp.a(alt_open.o)
 .debug_aranges
                0x00000320       0x20 C:/Users/Francisco/Desktop/DE2_70_D5M/Eclipse/Software/Teste_bsp/\libhal_bsp.a(alt_release_fd.o)
 .debug_aranges
                0x00000340       0x20 C:/Users/Francisco/Desktop/DE2_70_D5M/Eclipse/Software/Teste_bsp/\libhal_bsp.a(alt_tick.o)
 .debug_aranges
                0x00000360       0x20 C:/Users/Francisco/Desktop/DE2_70_D5M/Eclipse/Software/Teste_bsp/\libhal_bsp.a(altera_nios2_qsys_irq.o)
 .debug_aranges
                0x00000380       0x38 C:/Users/Francisco/Desktop/DE2_70_D5M/Eclipse/Software/Teste_bsp/\libhal_bsp.a(alt_exception_entry.o)
 .debug_aranges
                0x000003b8       0x20 C:/Users/Francisco/Desktop/DE2_70_D5M/Eclipse/Software/Teste_bsp/\libhal_bsp.a(alt_find_dev.o)
 .debug_aranges
                0x000003d8       0x20 C:/Users/Francisco/Desktop/DE2_70_D5M/Eclipse/Software/Teste_bsp/\libhal_bsp.a(alt_find_file.o)
 .debug_aranges
                0x000003f8       0x20 C:/Users/Francisco/Desktop/DE2_70_D5M/Eclipse/Software/Teste_bsp/\libhal_bsp.a(alt_get_fd.o)
 .debug_aranges
                0x00000418       0x20 c:/altera/13.0sp1/nios2eds/bin/gnu/h-i686-mingw32/bin/../lib/gcc/nios2-elf/4.1.2/../../../../nios2-elf/lib/mno-hw-mul\libc.a(lib_a-atexit.o)
 .debug_aranges
                0x00000438       0x20 c:/altera/13.0sp1/nios2eds/bin/gnu/h-i686-mingw32/bin/../lib/gcc/nios2-elf/4.1.2/../../../../nios2-elf/lib/mno-hw-mul\libc.a(lib_a-exit.o)
 .debug_aranges
                0x00000458       0x20 c:/altera/13.0sp1/nios2eds/bin/gnu/h-i686-mingw32/bin/../lib/gcc/nios2-elf/4.1.2/../../../../nios2-elf/lib/mno-hw-mul\libc.a(lib_a-memcmp.o)
 .debug_aranges
                0x00000478       0x20 c:/altera/13.0sp1/nios2eds/bin/gnu/h-i686-mingw32/bin/../lib/gcc/nios2-elf/4.1.2/../../../../nios2-elf/lib/mno-hw-mul\libc.a(lib_a-memcpy.o)
 .debug_aranges
                0x00000498       0x20 c:/altera/13.0sp1/nios2eds/bin/gnu/h-i686-mingw32/bin/../lib/gcc/nios2-elf/4.1.2/../../../../nios2-elf/lib/mno-hw-mul\libc.a(lib_a-strlen.o)
 .debug_aranges
                0x000004b8       0x20 c:/altera/13.0sp1/nios2eds/bin/gnu/h-i686-mingw32/bin/../lib/gcc/nios2-elf/4.1.2/../../../../nios2-elf/lib/mno-hw-mul\libc.a(lib_a-__atexit.o)
 .debug_aranges
                0x000004d8       0x20 c:/altera/13.0sp1/nios2eds/bin/gnu/h-i686-mingw32/bin/../lib/gcc/nios2-elf/4.1.2/../../../../nios2-elf/lib/mno-hw-mul\libc.a(lib_a-__call_atexit.o)
 .debug_aranges
                0x000004f8       0x20 c:/altera/13.0sp1/nios2eds/bin/gnu/h-i686-mingw32/bin/../lib/gcc/nios2-elf/4.1.2/mno-hw-mul\libgcc.a(lib2-mul.o)
 .debug_aranges
                0x00000518       0x20 C:/Users/Francisco/Desktop/DE2_70_D5M/Eclipse/Software/Teste_bsp/\libhal_bsp.a(alt_exit.o)

.debug_pubnames
                0x00000000      0x7c5
 *(.debug_pubnames)
 .debug_pubnames
                0x00000000       0x27 obj/default/hello_world.o
 .debug_pubnames
                0x00000027       0x1f C:/Users/Francisco/Desktop/DE2_70_D5M/Eclipse/Software/Teste_bsp/\libhal_bsp.a(alt_load.o)
 .debug_pubnames
                0x00000046       0x46 C:/Users/Francisco/Desktop/DE2_70_D5M/Eclipse/Software/Teste_bsp/\libhal_bsp.a(alt_main.o)
 .debug_pubnames
                0x0000008c       0x34 C:/Users/Francisco/Desktop/DE2_70_D5M/Eclipse/Software/Teste_bsp/\libhal_bsp.a(alt_sys_init.o)
 .debug_pubnames
                0x000000c0       0xa5 C:/Users/Francisco/Desktop/DE2_70_D5M/Eclipse/Software/Teste_bsp/\libhal_bsp.a(altera_avalon_jtag_uart_fd.o)
 .debug_pubnames
                0x00000165       0x55 C:/Users/Francisco/Desktop/DE2_70_D5M/Eclipse/Software/Teste_bsp/\libhal_bsp.a(altera_avalon_jtag_uart_init.o)
 .debug_pubnames
                0x000001ba       0x34 C:/Users/Francisco/Desktop/DE2_70_D5M/Eclipse/Software/Teste_bsp/\libhal_bsp.a(altera_avalon_jtag_uart_ioctl.o)
 .debug_pubnames
                0x000001ee       0x33 C:/Users/Francisco/Desktop/DE2_70_D5M/Eclipse/Software/Teste_bsp/\libhal_bsp.a(altera_avalon_jtag_uart_read.o)
 .debug_pubnames
                0x00000221       0x34 C:/Users/Francisco/Desktop/DE2_70_D5M/Eclipse/Software/Teste_bsp/\libhal_bsp.a(altera_avalon_jtag_uart_write.o)
 .debug_pubnames
                0x00000255       0x26 C:/Users/Francisco/Desktop/DE2_70_D5M/Eclipse/Software/Teste_bsp/\libhal_bsp.a(alt_alarm_start.o)
 .debug_pubnames
                0x0000027b       0x1c C:/Users/Francisco/Desktop/DE2_70_D5M/Eclipse/Software/Teste_bsp/\libhal_bsp.a(alt_close.o)
 .debug_pubnames
                0x00000297       0x2b C:/Users/Francisco/Desktop/DE2_70_D5M/Eclipse/Software/Teste_bsp/\libhal_bsp.a(alt_dcache_flush_all.o)
 .debug_pubnames
                0x000002c2       0x63 C:/Users/Francisco/Desktop/DE2_70_D5M/Eclipse/Software/Teste_bsp/\libhal_bsp.a(alt_dev.o)
 .debug_pubnames
                0x00000325       0x2b C:/Users/Francisco/Desktop/DE2_70_D5M/Eclipse/Software/Teste_bsp/\libhal_bsp.a(alt_dev_llist_insert.o)
 .debug_pubnames
                0x00000350       0x20 C:/Users/Francisco/Desktop/DE2_70_D5M/Eclipse/Software/Teste_bsp/\libhal_bsp.a(alt_do_ctors.o)
 .debug_pubnames
                0x00000370       0x20 C:/Users/Francisco/Desktop/DE2_70_D5M/Eclipse/Software/Teste_bsp/\libhal_bsp.a(alt_do_dtors.o)
 .debug_pubnames
                0x00000390       0x20 C:/Users/Francisco/Desktop/DE2_70_D5M/Eclipse/Software/Teste_bsp/\libhal_bsp.a(alt_errno.o)
 .debug_pubnames
                0x000003b0       0x2b C:/Users/Francisco/Desktop/DE2_70_D5M/Eclipse/Software/Teste_bsp/\libhal_bsp.a(alt_icache_flush_all.o)
 .debug_pubnames
                0x000003db       0x6e C:/Users/Francisco/Desktop/DE2_70_D5M/Eclipse/Software/Teste_bsp/\libhal_bsp.a(alt_iic.o)
 .debug_pubnames
                0x00000449       0x2b C:/Users/Francisco/Desktop/DE2_70_D5M/Eclipse/Software/Teste_bsp/\libhal_bsp.a(alt_iic_isr_register.o)
 .debug_pubnames
                0x00000474       0x26 C:/Users/Francisco/Desktop/DE2_70_D5M/Eclipse/Software/Teste_bsp/\libhal_bsp.a(alt_io_redirect.o)
 .debug_pubnames
                0x0000049a       0x32 C:/Users/Francisco/Desktop/DE2_70_D5M/Eclipse/Software/Teste_bsp/\libhal_bsp.a(alt_irq_handler.o)
 .debug_pubnames
                0x000004cc       0x3b C:/Users/Francisco/Desktop/DE2_70_D5M/Eclipse/Software/Teste_bsp/\libhal_bsp.a(alt_irq_vars.o)
 .debug_pubnames
                0x00000507       0x1b C:/Users/Francisco/Desktop/DE2_70_D5M/Eclipse/Software/Teste_bsp/\libhal_bsp.a(alt_open.o)
 .debug_pubnames
                0x00000522       0x25 C:/Users/Francisco/Desktop/DE2_70_D5M/Eclipse/Software/Teste_bsp/\libhal_bsp.a(alt_release_fd.o)
 .debug_pubnames
                0x00000547       0x68 C:/Users/Francisco/Desktop/DE2_70_D5M/Eclipse/Software/Teste_bsp/\libhal_bsp.a(alt_tick.o)
 .debug_pubnames
                0x000005af       0x31 C:/Users/Francisco/Desktop/DE2_70_D5M/Eclipse/Software/Teste_bsp/\libhal_bsp.a(altera_nios2_qsys_irq.o)
 .debug_pubnames
                0x000005e0       0x23 C:/Users/Francisco/Desktop/DE2_70_D5M/Eclipse/Software/Teste_bsp/\libhal_bsp.a(alt_find_dev.o)
 .debug_pubnames
                0x00000603       0x24 C:/Users/Francisco/Desktop/DE2_70_D5M/Eclipse/Software/Teste_bsp/\libhal_bsp.a(alt_find_file.o)
 .debug_pubnames
                0x00000627       0x21 C:/Users/Francisco/Desktop/DE2_70_D5M/Eclipse/Software/Teste_bsp/\libhal_bsp.a(alt_get_fd.o)
 .debug_pubnames
                0x00000648       0x2a c:/altera/13.0sp1/nios2eds/bin/gnu/h-i686-mingw32/bin/../lib/gcc/nios2-elf/4.1.2/../../../../nios2-elf/lib/mno-hw-mul\libc.a(lib_a-atexit.o)
 .debug_pubnames
                0x00000672       0x1b c:/altera/13.0sp1/nios2eds/bin/gnu/h-i686-mingw32/bin/../lib/gcc/nios2-elf/4.1.2/../../../../nios2-elf/lib/mno-hw-mul\libc.a(lib_a-exit.o)
 .debug_pubnames
                0x0000068d       0x39 c:/altera/13.0sp1/nios2eds/bin/gnu/h-i686-mingw32/bin/../lib/gcc/nios2-elf/4.1.2/../../../../nios2-elf/lib/mno-hw-mul\libc.a(lib_a-impure.o)
 .debug_pubnames
                0x000006c6       0x1c c:/altera/13.0sp1/nios2eds/bin/gnu/h-i686-mingw32/bin/../lib/gcc/nios2-elf/4.1.2/../../../../nios2-elf/lib/mno-hw-mul\libc.a(lib_a-int_errno.o)
 .debug_pubnames
                0x000006e2       0x1d c:/altera/13.0sp1/nios2eds/bin/gnu/h-i686-mingw32/bin/../lib/gcc/nios2-elf/4.1.2/../../../../nios2-elf/lib/mno-hw-mul\libc.a(lib_a-memcmp.o)
 .debug_pubnames
                0x000006ff       0x1d c:/altera/13.0sp1/nios2eds/bin/gnu/h-i686-mingw32/bin/../lib/gcc/nios2-elf/4.1.2/../../../../nios2-elf/lib/mno-hw-mul\libc.a(lib_a-memcpy.o)
 .debug_pubnames
                0x0000071c       0x1d c:/altera/13.0sp1/nios2eds/bin/gnu/h-i686-mingw32/bin/../lib/gcc/nios2-elf/4.1.2/../../../../nios2-elf/lib/mno-hw-mul\libc.a(lib_a-strlen.o)
 .debug_pubnames
                0x00000739       0x2a c:/altera/13.0sp1/nios2eds/bin/gnu/h-i686-mingw32/bin/../lib/gcc/nios2-elf/4.1.2/../../../../nios2-elf/lib/mno-hw-mul\libc.a(lib_a-__atexit.o)
 .debug_pubnames
                0x00000763       0x27 c:/altera/13.0sp1/nios2eds/bin/gnu/h-i686-mingw32/bin/../lib/gcc/nios2-elf/4.1.2/../../../../nios2-elf/lib/mno-hw-mul\libc.a(lib_a-__call_atexit.o)
 .debug_pubnames
                0x0000078a       0x1f c:/altera/13.0sp1/nios2eds/bin/gnu/h-i686-mingw32/bin/../lib/gcc/nios2-elf/4.1.2/mno-hw-mul\libgcc.a(lib2-mul.o)
 .debug_pubnames
                0x000007a9       0x1c C:/Users/Francisco/Desktop/DE2_70_D5M/Eclipse/Software/Teste_bsp/\libhal_bsp.a(alt_exit.o)

.debug_info     0x00000000     0x9f52
 *(.debug_info .gnu.linkonce.wi.*)
 .debug_info    0x00000000       0x72 C:/Users/Francisco/Desktop/DE2_70_D5M/Eclipse/Software/Teste_bsp//obj/HAL/src/crt0.o
 .debug_info    0x00000072      0x156 obj/default/hello_world.o
 .debug_info    0x000001c8      0x284 C:/Users/Francisco/Desktop/DE2_70_D5M/Eclipse/Software/Teste_bsp/\libhal_bsp.a(alt_load.o)
 .debug_info    0x0000044c      0x21c C:/Users/Francisco/Desktop/DE2_70_D5M/Eclipse/Software/Teste_bsp/\libhal_bsp.a(alt_main.o)
 .debug_info    0x00000668      0x984 C:/Users/Francisco/Desktop/DE2_70_D5M/Eclipse/Software/Teste_bsp/\libhal_bsp.a(alt_sys_init.o)
 .debug_info    0x00000fec      0x7d0 C:/Users/Francisco/Desktop/DE2_70_D5M/Eclipse/Software/Teste_bsp/\libhal_bsp.a(altera_avalon_jtag_uart_fd.o)
 .debug_info    0x000017bc      0x5f8 C:/Users/Francisco/Desktop/DE2_70_D5M/Eclipse/Software/Teste_bsp/\libhal_bsp.a(altera_avalon_jtag_uart_init.o)
 .debug_info    0x00001db4      0x43a C:/Users/Francisco/Desktop/DE2_70_D5M/Eclipse/Software/Teste_bsp/\libhal_bsp.a(altera_avalon_jtag_uart_ioctl.o)
 .debug_info    0x000021ee      0x53d C:/Users/Francisco/Desktop/DE2_70_D5M/Eclipse/Software/Teste_bsp/\libhal_bsp.a(altera_avalon_jtag_uart_read.o)
 .debug_info    0x0000272b      0x535 C:/Users/Francisco/Desktop/DE2_70_D5M/Eclipse/Software/Teste_bsp/\libhal_bsp.a(altera_avalon_jtag_uart_write.o)
 .debug_info    0x00002c60      0x439 C:/Users/Francisco/Desktop/DE2_70_D5M/Eclipse/Software/Teste_bsp/\libhal_bsp.a(alt_alarm_start.o)
 .debug_info    0x00003099      0x45e C:/Users/Francisco/Desktop/DE2_70_D5M/Eclipse/Software/Teste_bsp/\libhal_bsp.a(alt_close.o)
 .debug_info    0x000034f7      0x153 C:/Users/Francisco/Desktop/DE2_70_D5M/Eclipse/Software/Teste_bsp/\libhal_bsp.a(alt_dcache_flush_all.o)
 .debug_info    0x0000364a      0x676 C:/Users/Francisco/Desktop/DE2_70_D5M/Eclipse/Software/Teste_bsp/\libhal_bsp.a(alt_dev.o)
 .debug_info    0x00003cc0      0x2ae C:/Users/Francisco/Desktop/DE2_70_D5M/Eclipse/Software/Teste_bsp/\libhal_bsp.a(alt_dev_llist_insert.o)
 .debug_info    0x00003f6e      0x106 C:/Users/Francisco/Desktop/DE2_70_D5M/Eclipse/Software/Teste_bsp/\libhal_bsp.a(alt_do_ctors.o)
 .debug_info    0x00004074      0x105 C:/Users/Francisco/Desktop/DE2_70_D5M/Eclipse/Software/Teste_bsp/\libhal_bsp.a(alt_do_dtors.o)
 .debug_info    0x00004179      0x15b C:/Users/Francisco/Desktop/DE2_70_D5M/Eclipse/Software/Teste_bsp/\libhal_bsp.a(alt_errno.o)
 .debug_info    0x000042d4      0x153 C:/Users/Francisco/Desktop/DE2_70_D5M/Eclipse/Software/Teste_bsp/\libhal_bsp.a(alt_icache_flush_all.o)
 .debug_info    0x00004427      0x48a C:/Users/Francisco/Desktop/DE2_70_D5M/Eclipse/Software/Teste_bsp/\libhal_bsp.a(alt_iic.o)
 .debug_info    0x000048b1      0x30b C:/Users/Francisco/Desktop/DE2_70_D5M/Eclipse/Software/Teste_bsp/\libhal_bsp.a(alt_iic_isr_register.o)
 .debug_info    0x00004bbc      0x68c C:/Users/Francisco/Desktop/DE2_70_D5M/Eclipse/Software/Teste_bsp/\libhal_bsp.a(alt_io_redirect.o)
 .debug_info    0x00005248       0x7b C:/Users/Francisco/Desktop/DE2_70_D5M/Eclipse/Software/Teste_bsp/\libhal_bsp.a(alt_irq_entry.o)
 .debug_info    0x000052c3      0x26c C:/Users/Francisco/Desktop/DE2_70_D5M/Eclipse/Software/Teste_bsp/\libhal_bsp.a(alt_irq_handler.o)
 .debug_info    0x0000552f      0x15e C:/Users/Francisco/Desktop/DE2_70_D5M/Eclipse/Software/Teste_bsp/\libhal_bsp.a(alt_irq_vars.o)
 .debug_info    0x0000568d      0x51c C:/Users/Francisco/Desktop/DE2_70_D5M/Eclipse/Software/Teste_bsp/\libhal_bsp.a(alt_open.o)
 .debug_info    0x00005ba9      0x3e9 C:/Users/Francisco/Desktop/DE2_70_D5M/Eclipse/Software/Teste_bsp/\libhal_bsp.a(alt_release_fd.o)
 .debug_info    0x00005f92      0x3f5 C:/Users/Francisco/Desktop/DE2_70_D5M/Eclipse/Software/Teste_bsp/\libhal_bsp.a(alt_tick.o)
 .debug_info    0x00006387      0x15a C:/Users/Francisco/Desktop/DE2_70_D5M/Eclipse/Software/Teste_bsp/\libhal_bsp.a(altera_nios2_qsys_irq.o)
 .debug_info    0x000064e1       0x81 C:/Users/Francisco/Desktop/DE2_70_D5M/Eclipse/Software/Teste_bsp/\libhal_bsp.a(alt_exception_entry.o)
 .debug_info    0x00006562      0x40f C:/Users/Francisco/Desktop/DE2_70_D5M/Eclipse/Software/Teste_bsp/\libhal_bsp.a(alt_find_dev.o)
 .debug_info    0x00006971      0x416 C:/Users/Francisco/Desktop/DE2_70_D5M/Eclipse/Software/Teste_bsp/\libhal_bsp.a(alt_find_file.o)
 .debug_info    0x00006d87      0x457 C:/Users/Francisco/Desktop/DE2_70_D5M/Eclipse/Software/Teste_bsp/\libhal_bsp.a(alt_get_fd.o)
 .debug_info    0x000071de      0x181 c:/altera/13.0sp1/nios2eds/bin/gnu/h-i686-mingw32/bin/../lib/gcc/nios2-elf/4.1.2/../../../../nios2-elf/lib/mno-hw-mul\libc.a(lib_a-atexit.o)
 .debug_info    0x0000735f      0x93f c:/altera/13.0sp1/nios2eds/bin/gnu/h-i686-mingw32/bin/../lib/gcc/nios2-elf/4.1.2/../../../../nios2-elf/lib/mno-hw-mul\libc.a(lib_a-exit.o)
 .debug_info    0x00007c9e      0x93d c:/altera/13.0sp1/nios2eds/bin/gnu/h-i686-mingw32/bin/../lib/gcc/nios2-elf/4.1.2/../../../../nios2-elf/lib/mno-hw-mul\libc.a(lib_a-impure.o)
 .debug_info    0x000085db       0x8c c:/altera/13.0sp1/nios2eds/bin/gnu/h-i686-mingw32/bin/../lib/gcc/nios2-elf/4.1.2/../../../../nios2-elf/lib/mno-hw-mul\libc.a(lib_a-int_errno.o)
 .debug_info    0x00008667      0x115 c:/altera/13.0sp1/nios2eds/bin/gnu/h-i686-mingw32/bin/../lib/gcc/nios2-elf/4.1.2/../../../../nios2-elf/lib/mno-hw-mul\libc.a(lib_a-memcmp.o)
 .debug_info    0x0000877c      0x106 c:/altera/13.0sp1/nios2eds/bin/gnu/h-i686-mingw32/bin/../lib/gcc/nios2-elf/4.1.2/../../../../nios2-elf/lib/mno-hw-mul\libc.a(lib_a-memcpy.o)
 .debug_info    0x00008882       0xdb c:/altera/13.0sp1/nios2eds/bin/gnu/h-i686-mingw32/bin/../lib/gcc/nios2-elf/4.1.2/../../../../nios2-elf/lib/mno-hw-mul\libc.a(lib_a-strlen.o)
 .debug_info    0x0000895d      0x99c c:/altera/13.0sp1/nios2eds/bin/gnu/h-i686-mingw32/bin/../lib/gcc/nios2-elf/4.1.2/../../../../nios2-elf/lib/mno-hw-mul\libc.a(lib_a-__atexit.o)
 .debug_info    0x000092f9      0x9e2 c:/altera/13.0sp1/nios2eds/bin/gnu/h-i686-mingw32/bin/../lib/gcc/nios2-elf/4.1.2/../../../../nios2-elf/lib/mno-hw-mul\libc.a(lib_a-__call_atexit.o)
 .debug_info    0x00009cdb       0xf3 c:/altera/13.0sp1/nios2eds/bin/gnu/h-i686-mingw32/bin/../lib/gcc/nios2-elf/4.1.2/mno-hw-mul\libgcc.a(lib2-mul.o)
 .debug_info    0x00009dce      0x184 C:/Users/Francisco/Desktop/DE2_70_D5M/Eclipse/Software/Teste_bsp/\libhal_bsp.a(alt_exit.o)

.debug_abbrev   0x00000000     0x2474
 *(.debug_abbrev)
 .debug_abbrev  0x00000000       0x12 C:/Users/Francisco/Desktop/DE2_70_D5M/Eclipse/Software/Teste_bsp//obj/HAL/src/crt0.o
 .debug_abbrev  0x00000012       0x7b obj/default/hello_world.o
 .debug_abbrev  0x0000008d       0x88 C:/Users/Francisco/Desktop/DE2_70_D5M/Eclipse/Software/Teste_bsp/\libhal_bsp.a(alt_load.o)
 .debug_abbrev  0x00000115       0xb7 C:/Users/Francisco/Desktop/DE2_70_D5M/Eclipse/Software/Teste_bsp/\libhal_bsp.a(alt_main.o)
 .debug_abbrev  0x000001cc      0x168 C:/Users/Francisco/Desktop/DE2_70_D5M/Eclipse/Software/Teste_bsp/\libhal_bsp.a(alt_sys_init.o)
 .debug_abbrev  0x00000334       0xf7 C:/Users/Francisco/Desktop/DE2_70_D5M/Eclipse/Software/Teste_bsp/\libhal_bsp.a(altera_avalon_jtag_uart_fd.o)
 .debug_abbrev  0x0000042b      0x17c C:/Users/Francisco/Desktop/DE2_70_D5M/Eclipse/Software/Teste_bsp/\libhal_bsp.a(altera_avalon_jtag_uart_init.o)
 .debug_abbrev  0x000005a7       0xf0 C:/Users/Francisco/Desktop/DE2_70_D5M/Eclipse/Software/Teste_bsp/\libhal_bsp.a(altera_avalon_jtag_uart_ioctl.o)
 .debug_abbrev  0x00000697      0x191 C:/Users/Francisco/Desktop/DE2_70_D5M/Eclipse/Software/Teste_bsp/\libhal_bsp.a(altera_avalon_jtag_uart_read.o)
 .debug_abbrev  0x00000828      0x18d C:/Users/Francisco/Desktop/DE2_70_D5M/Eclipse/Software/Teste_bsp/\libhal_bsp.a(altera_avalon_jtag_uart_write.o)
 .debug_abbrev  0x000009b5      0x172 C:/Users/Francisco/Desktop/DE2_70_D5M/Eclipse/Software/Teste_bsp/\libhal_bsp.a(alt_alarm_start.o)
 .debug_abbrev  0x00000b27       0xfb C:/Users/Francisco/Desktop/DE2_70_D5M/Eclipse/Software/Teste_bsp/\libhal_bsp.a(alt_close.o)
 .debug_abbrev  0x00000c22       0x3f C:/Users/Francisco/Desktop/DE2_70_D5M/Eclipse/Software/Teste_bsp/\libhal_bsp.a(alt_dcache_flush_all.o)
 .debug_abbrev  0x00000c61       0xc7 C:/Users/Francisco/Desktop/DE2_70_D5M/Eclipse/Software/Teste_bsp/\libhal_bsp.a(alt_dev.o)
 .debug_abbrev  0x00000d28       0xf6 C:/Users/Francisco/Desktop/DE2_70_D5M/Eclipse/Software/Teste_bsp/\libhal_bsp.a(alt_dev_llist_insert.o)
 .debug_abbrev  0x00000e1e       0x76 C:/Users/Francisco/Desktop/DE2_70_D5M/Eclipse/Software/Teste_bsp/\libhal_bsp.a(alt_do_ctors.o)
 .debug_abbrev  0x00000e94       0x76 C:/Users/Francisco/Desktop/DE2_70_D5M/Eclipse/Software/Teste_bsp/\libhal_bsp.a(alt_do_dtors.o)
 .debug_abbrev  0x00000f0a       0x5e C:/Users/Francisco/Desktop/DE2_70_D5M/Eclipse/Software/Teste_bsp/\libhal_bsp.a(alt_errno.o)
 .debug_abbrev  0x00000f68       0x3f C:/Users/Francisco/Desktop/DE2_70_D5M/Eclipse/Software/Teste_bsp/\libhal_bsp.a(alt_icache_flush_all.o)
 .debug_abbrev  0x00000fa7      0x134 C:/Users/Francisco/Desktop/DE2_70_D5M/Eclipse/Software/Teste_bsp/\libhal_bsp.a(alt_iic.o)
 .debug_abbrev  0x000010db      0x14e C:/Users/Francisco/Desktop/DE2_70_D5M/Eclipse/Software/Teste_bsp/\libhal_bsp.a(alt_iic_isr_register.o)
 .debug_abbrev  0x00001229       0xf0 C:/Users/Francisco/Desktop/DE2_70_D5M/Eclipse/Software/Teste_bsp/\libhal_bsp.a(alt_io_redirect.o)
 .debug_abbrev  0x00001319       0x12 C:/Users/Francisco/Desktop/DE2_70_D5M/Eclipse/Software/Teste_bsp/\libhal_bsp.a(alt_irq_entry.o)
 .debug_abbrev  0x0000132b      0x10c C:/Users/Francisco/Desktop/DE2_70_D5M/Eclipse/Software/Teste_bsp/\libhal_bsp.a(alt_irq_handler.o)
 .debug_abbrev  0x00001437       0x44 C:/Users/Francisco/Desktop/DE2_70_D5M/Eclipse/Software/Teste_bsp/\libhal_bsp.a(alt_irq_vars.o)
 .debug_abbrev  0x0000147b      0x112 C:/Users/Francisco/Desktop/DE2_70_D5M/Eclipse/Software/Teste_bsp/\libhal_bsp.a(alt_open.o)
 .debug_abbrev  0x0000158d       0xc1 C:/Users/Francisco/Desktop/DE2_70_D5M/Eclipse/Software/Teste_bsp/\libhal_bsp.a(alt_release_fd.o)
 .debug_abbrev  0x0000164e      0x150 C:/Users/Francisco/Desktop/DE2_70_D5M/Eclipse/Software/Teste_bsp/\libhal_bsp.a(alt_tick.o)
 .debug_abbrev  0x0000179e       0x3f C:/Users/Francisco/Desktop/DE2_70_D5M/Eclipse/Software/Teste_bsp/\libhal_bsp.a(altera_nios2_qsys_irq.o)
 .debug_abbrev  0x000017dd       0x12 C:/Users/Francisco/Desktop/DE2_70_D5M/Eclipse/Software/Teste_bsp/\libhal_bsp.a(alt_exception_entry.o)
 .debug_abbrev  0x000017ef       0xcf C:/Users/Francisco/Desktop/DE2_70_D5M/Eclipse/Software/Teste_bsp/\libhal_bsp.a(alt_find_dev.o)
 .debug_abbrev  0x000018be       0xcf C:/Users/Francisco/Desktop/DE2_70_D5M/Eclipse/Software/Teste_bsp/\libhal_bsp.a(alt_find_file.o)
 .debug_abbrev  0x0000198d       0xfb C:/Users/Francisco/Desktop/DE2_70_D5M/Eclipse/Software/Teste_bsp/\libhal_bsp.a(alt_get_fd.o)
 .debug_abbrev  0x00001a88       0xb7 c:/altera/13.0sp1/nios2eds/bin/gnu/h-i686-mingw32/bin/../lib/gcc/nios2-elf/4.1.2/../../../../nios2-elf/lib/mno-hw-mul\libc.a(lib_a-atexit.o)
 .debug_abbrev  0x00001b3f      0x16e c:/altera/13.0sp1/nios2eds/bin/gnu/h-i686-mingw32/bin/../lib/gcc/nios2-elf/4.1.2/../../../../nios2-elf/lib/mno-hw-mul\libc.a(lib_a-exit.o)
 .debug_abbrev  0x00001cad      0x157 c:/altera/13.0sp1/nios2eds/bin/gnu/h-i686-mingw32/bin/../lib/gcc/nios2-elf/4.1.2/../../../../nios2-elf/lib/mno-hw-mul\libc.a(lib_a-impure.o)
 .debug_abbrev  0x00001e04       0x3b c:/altera/13.0sp1/nios2eds/bin/gnu/h-i686-mingw32/bin/../lib/gcc/nios2-elf/4.1.2/../../../../nios2-elf/lib/mno-hw-mul\libc.a(lib_a-int_errno.o)
 .debug_abbrev  0x00001e3f       0x7c c:/altera/13.0sp1/nios2eds/bin/gnu/h-i686-mingw32/bin/../lib/gcc/nios2-elf/4.1.2/../../../../nios2-elf/lib/mno-hw-mul\libc.a(lib_a-memcmp.o)
 .debug_abbrev  0x00001ebb       0xb5 c:/altera/13.0sp1/nios2eds/bin/gnu/h-i686-mingw32/bin/../lib/gcc/nios2-elf/4.1.2/../../../../nios2-elf/lib/mno-hw-mul\libc.a(lib_a-memcpy.o)
 .debug_abbrev  0x00001f70       0x8b c:/altera/13.0sp1/nios2eds/bin/gnu/h-i686-mingw32/bin/../lib/gcc/nios2-elf/4.1.2/../../../../nios2-elf/lib/mno-hw-mul\libc.a(lib_a-strlen.o)
 .debug_abbrev  0x00001ffb      0x1ae c:/altera/13.0sp1/nios2eds/bin/gnu/h-i686-mingw32/bin/../lib/gcc/nios2-elf/4.1.2/../../../../nios2-elf/lib/mno-hw-mul\libc.a(lib_a-__atexit.o)
 .debug_abbrev  0x000021a9      0x1de c:/altera/13.0sp1/nios2eds/bin/gnu/h-i686-mingw32/bin/../lib/gcc/nios2-elf/4.1.2/../../../../nios2-elf/lib/mno-hw-mul\libc.a(lib_a-__call_atexit.o)
 .debug_abbrev  0x00002387       0x7b c:/altera/13.0sp1/nios2eds/bin/gnu/h-i686-mingw32/bin/../lib/gcc/nios2-elf/4.1.2/mno-hw-mul\libgcc.a(lib2-mul.o)
 .debug_abbrev  0x00002402       0x72 C:/Users/Francisco/Desktop/DE2_70_D5M/Eclipse/Software/Teste_bsp/\libhal_bsp.a(alt_exit.o)

.debug_line     0x00000000     0x5f8d
 *(.debug_line)
 .debug_line    0x00000000       0x66 C:/Users/Francisco/Desktop/DE2_70_D5M/Eclipse/Software/Teste_bsp//obj/HAL/src/crt0.o
 .debug_line    0x00000066       0xca obj/default/hello_world.o
 .debug_line    0x00000130      0x217 C:/Users/Francisco/Desktop/DE2_70_D5M/Eclipse/Software/Teste_bsp/\libhal_bsp.a(alt_load.o)
 .debug_line    0x00000347      0x2ca C:/Users/Francisco/Desktop/DE2_70_D5M/Eclipse/Software/Teste_bsp/\libhal_bsp.a(alt_main.o)
 .debug_line    0x00000611      0x310 C:/Users/Francisco/Desktop/DE2_70_D5M/Eclipse/Software/Teste_bsp/\libhal_bsp.a(alt_sys_init.o)
 .debug_line    0x00000921      0x217 C:/Users/Francisco/Desktop/DE2_70_D5M/Eclipse/Software/Teste_bsp/\libhal_bsp.a(altera_avalon_jtag_uart_fd.o)
 .debug_line    0x00000b38      0x4ab C:/Users/Francisco/Desktop/DE2_70_D5M/Eclipse/Software/Teste_bsp/\libhal_bsp.a(altera_avalon_jtag_uart_init.o)
 .debug_line    0x00000fe3      0x317 C:/Users/Francisco/Desktop/DE2_70_D5M/Eclipse/Software/Teste_bsp/\libhal_bsp.a(altera_avalon_jtag_uart_ioctl.o)
 .debug_line    0x000012fa      0x3f7 C:/Users/Francisco/Desktop/DE2_70_D5M/Eclipse/Software/Teste_bsp/\libhal_bsp.a(altera_avalon_jtag_uart_read.o)
 .debug_line    0x000016f1      0x405 C:/Users/Francisco/Desktop/DE2_70_D5M/Eclipse/Software/Teste_bsp/\libhal_bsp.a(altera_avalon_jtag_uart_write.o)
 .debug_line    0x00001af6      0x2dc C:/Users/Francisco/Desktop/DE2_70_D5M/Eclipse/Software/Teste_bsp/\libhal_bsp.a(alt_alarm_start.o)
 .debug_line    0x00001dd2      0x299 C:/Users/Francisco/Desktop/DE2_70_D5M/Eclipse/Software/Teste_bsp/\libhal_bsp.a(alt_close.o)
 .debug_line    0x0000206b      0x1b5 C:/Users/Francisco/Desktop/DE2_70_D5M/Eclipse/Software/Teste_bsp/\libhal_bsp.a(alt_dcache_flush_all.o)
 .debug_line    0x00002220      0x254 C:/Users/Francisco/Desktop/DE2_70_D5M/Eclipse/Software/Teste_bsp/\libhal_bsp.a(alt_dev.o)
 .debug_line    0x00002474      0x25a C:/Users/Francisco/Desktop/DE2_70_D5M/Eclipse/Software/Teste_bsp/\libhal_bsp.a(alt_dev_llist_insert.o)
 .debug_line    0x000026ce       0x83 C:/Users/Francisco/Desktop/DE2_70_D5M/Eclipse/Software/Teste_bsp/\libhal_bsp.a(alt_do_ctors.o)
 .debug_line    0x00002751       0x83 C:/Users/Francisco/Desktop/DE2_70_D5M/Eclipse/Software/Teste_bsp/\libhal_bsp.a(alt_do_dtors.o)
 .debug_line    0x000027d4      0x1aa C:/Users/Francisco/Desktop/DE2_70_D5M/Eclipse/Software/Teste_bsp/\libhal_bsp.a(alt_errno.o)
 .debug_line    0x0000297e      0x1b5 C:/Users/Francisco/Desktop/DE2_70_D5M/Eclipse/Software/Teste_bsp/\libhal_bsp.a(alt_icache_flush_all.o)
 .debug_line    0x00002b33      0x2c8 C:/Users/Francisco/Desktop/DE2_70_D5M/Eclipse/Software/Teste_bsp/\libhal_bsp.a(alt_iic.o)
 .debug_line    0x00002dfb      0x249 C:/Users/Francisco/Desktop/DE2_70_D5M/Eclipse/Software/Teste_bsp/\libhal_bsp.a(alt_iic_isr_register.o)
 .debug_line    0x00003044      0x2b4 C:/Users/Francisco/Desktop/DE2_70_D5M/Eclipse/Software/Teste_bsp/\libhal_bsp.a(alt_io_redirect.o)
 .debug_line    0x000032f8       0x6b C:/Users/Francisco/Desktop/DE2_70_D5M/Eclipse/Software/Teste_bsp/\libhal_bsp.a(alt_irq_entry.o)
 .debug_line    0x00003363      0x248 C:/Users/Francisco/Desktop/DE2_70_D5M/Eclipse/Software/Teste_bsp/\libhal_bsp.a(alt_irq_handler.o)
 .debug_line    0x000035ab       0x72 C:/Users/Francisco/Desktop/DE2_70_D5M/Eclipse/Software/Teste_bsp/\libhal_bsp.a(alt_irq_vars.o)
 .debug_line    0x0000361d      0x2ff C:/Users/Francisco/Desktop/DE2_70_D5M/Eclipse/Software/Teste_bsp/\libhal_bsp.a(alt_open.o)
 .debug_line    0x0000391c       0xed C:/Users/Francisco/Desktop/DE2_70_D5M/Eclipse/Software/Teste_bsp/\libhal_bsp.a(alt_release_fd.o)
 .debug_line    0x00003a09      0x2dc C:/Users/Francisco/Desktop/DE2_70_D5M/Eclipse/Software/Teste_bsp/\libhal_bsp.a(alt_tick.o)
 .debug_line    0x00003ce5      0x1ce C:/Users/Francisco/Desktop/DE2_70_D5M/Eclipse/Software/Teste_bsp/\libhal_bsp.a(altera_nios2_qsys_irq.o)
 .debug_line    0x00003eb3       0xab C:/Users/Francisco/Desktop/DE2_70_D5M/Eclipse/Software/Teste_bsp/\libhal_bsp.a(alt_exception_entry.o)
 .debug_line    0x00003f5e      0x26b C:/Users/Francisco/Desktop/DE2_70_D5M/Eclipse/Software/Teste_bsp/\libhal_bsp.a(alt_find_dev.o)
 .debug_line    0x000041c9      0x27c C:/Users/Francisco/Desktop/DE2_70_D5M/Eclipse/Software/Teste_bsp/\libhal_bsp.a(alt_find_file.o)
 .debug_line    0x00004445      0x297 C:/Users/Francisco/Desktop/DE2_70_D5M/Eclipse/Software/Teste_bsp/\libhal_bsp.a(alt_get_fd.o)
 .debug_line    0x000046dc      0x203 c:/altera/13.0sp1/nios2eds/bin/gnu/h-i686-mingw32/bin/../lib/gcc/nios2-elf/4.1.2/../../../../nios2-elf/lib/mno-hw-mul\libc.a(lib_a-atexit.o)
 .debug_line    0x000048df      0x23b c:/altera/13.0sp1/nios2eds/bin/gnu/h-i686-mingw32/bin/../lib/gcc/nios2-elf/4.1.2/../../../../nios2-elf/lib/mno-hw-mul\libc.a(lib_a-exit.o)
 .debug_line    0x00004b1a      0x230 c:/altera/13.0sp1/nios2eds/bin/gnu/h-i686-mingw32/bin/../lib/gcc/nios2-elf/4.1.2/../../../../nios2-elf/lib/mno-hw-mul\libc.a(lib_a-impure.o)
 .debug_line    0x00004d4a      0x1e2 c:/altera/13.0sp1/nios2eds/bin/gnu/h-i686-mingw32/bin/../lib/gcc/nios2-elf/4.1.2/../../../../nios2-elf/lib/mno-hw-mul\libc.a(lib_a-int_errno.o)
 .debug_line    0x00004f2c      0x2a2 c:/altera/13.0sp1/nios2eds/bin/gnu/h-i686-mingw32/bin/../lib/gcc/nios2-elf/4.1.2/../../../../nios2-elf/lib/mno-hw-mul\libc.a(lib_a-memcmp.o)
 .debug_line    0x000051ce      0x1af c:/altera/13.0sp1/nios2eds/bin/gnu/h-i686-mingw32/bin/../lib/gcc/nios2-elf/4.1.2/../../../../nios2-elf/lib/mno-hw-mul\libc.a(lib_a-memcpy.o)
 .debug_line    0x0000537d      0x270 c:/altera/13.0sp1/nios2eds/bin/gnu/h-i686-mingw32/bin/../lib/gcc/nios2-elf/4.1.2/../../../../nios2-elf/lib/mno-hw-mul\libc.a(lib_a-strlen.o)
 .debug_line    0x000055ed      0x316 c:/altera/13.0sp1/nios2eds/bin/gnu/h-i686-mingw32/bin/../lib/gcc/nios2-elf/4.1.2/../../../../nios2-elf/lib/mno-hw-mul\libc.a(lib_a-__atexit.o)
 .debug_line    0x00005903      0x36a c:/altera/13.0sp1/nios2eds/bin/gnu/h-i686-mingw32/bin/../lib/gcc/nios2-elf/4.1.2/../../../../nios2-elf/lib/mno-hw-mul\libc.a(lib_a-__call_atexit.o)
 .debug_line    0x00005c6d      0x11a c:/altera/13.0sp1/nios2eds/bin/gnu/h-i686-mingw32/bin/../lib/gcc/nios2-elf/4.1.2/mno-hw-mul\libgcc.a(lib2-mul.o)
 .debug_line    0x00005d87      0x206 C:/Users/Francisco/Desktop/DE2_70_D5M/Eclipse/Software/Teste_bsp/\libhal_bsp.a(alt_exit.o)

.debug_frame    0x00000000      0x884
 *(.debug_frame)
 .debug_frame   0x00000000       0x48 obj/default/hello_world.o
 .debug_frame   0x00000048       0x48 C:/Users/Francisco/Desktop/DE2_70_D5M/Eclipse/Software/Teste_bsp/\libhal_bsp.a(alt_load.o)
 .debug_frame   0x00000090       0x2c C:/Users/Francisco/Desktop/DE2_70_D5M/Eclipse/Software/Teste_bsp/\libhal_bsp.a(alt_main.o)
 .debug_frame   0x000000bc       0x64 C:/Users/Francisco/Desktop/DE2_70_D5M/Eclipse/Software/Teste_bsp/\libhal_bsp.a(alt_sys_init.o)
 .debug_frame   0x00000120       0x80 C:/Users/Francisco/Desktop/DE2_70_D5M/Eclipse/Software/Teste_bsp/\libhal_bsp.a(altera_avalon_jtag_uart_fd.o)
 .debug_frame   0x000001a0       0x80 C:/Users/Francisco/Desktop/DE2_70_D5M/Eclipse/Software/Teste_bsp/\libhal_bsp.a(altera_avalon_jtag_uart_init.o)
 .debug_frame   0x00000220       0x2c C:/Users/Francisco/Desktop/DE2_70_D5M/Eclipse/Software/Teste_bsp/\libhal_bsp.a(altera_avalon_jtag_uart_ioctl.o)
 .debug_frame   0x0000024c       0x2c C:/Users/Francisco/Desktop/DE2_70_D5M/Eclipse/Software/Teste_bsp/\libhal_bsp.a(altera_avalon_jtag_uart_read.o)
 .debug_frame   0x00000278       0x2c C:/Users/Francisco/Desktop/DE2_70_D5M/Eclipse/Software/Teste_bsp/\libhal_bsp.a(altera_avalon_jtag_uart_write.o)
 .debug_frame   0x000002a4       0x2c C:/Users/Francisco/Desktop/DE2_70_D5M/Eclipse/Software/Teste_bsp/\libhal_bsp.a(alt_alarm_start.o)
 .debug_frame   0x000002d0       0x48 C:/Users/Francisco/Desktop/DE2_70_D5M/Eclipse/Software/Teste_bsp/\libhal_bsp.a(alt_close.o)
 .debug_frame   0x00000318       0x2c C:/Users/Francisco/Desktop/DE2_70_D5M/Eclipse/Software/Teste_bsp/\libhal_bsp.a(alt_dcache_flush_all.o)
 .debug_frame   0x00000344       0x2c C:/Users/Francisco/Desktop/DE2_70_D5M/Eclipse/Software/Teste_bsp/\libhal_bsp.a(alt_dev.o)
 .debug_frame   0x00000370       0x48 C:/Users/Francisco/Desktop/DE2_70_D5M/Eclipse/Software/Teste_bsp/\libhal_bsp.a(alt_dev_llist_insert.o)
 .debug_frame   0x000003b8       0x2c C:/Users/Francisco/Desktop/DE2_70_D5M/Eclipse/Software/Teste_bsp/\libhal_bsp.a(alt_do_ctors.o)
 .debug_frame   0x000003e4       0x2c C:/Users/Francisco/Desktop/DE2_70_D5M/Eclipse/Software/Teste_bsp/\libhal_bsp.a(alt_do_dtors.o)
 .debug_frame   0x00000410       0x2c C:/Users/Francisco/Desktop/DE2_70_D5M/Eclipse/Software/Teste_bsp/\libhal_bsp.a(alt_icache_flush_all.o)
 .debug_frame   0x0000043c       0x80 C:/Users/Francisco/Desktop/DE2_70_D5M/Eclipse/Software/Teste_bsp/\libhal_bsp.a(alt_iic.o)
 .debug_frame   0x000004bc       0x2c C:/Users/Francisco/Desktop/DE2_70_D5M/Eclipse/Software/Teste_bsp/\libhal_bsp.a(alt_iic_isr_register.o)
 .debug_frame   0x000004e8       0x4c C:/Users/Francisco/Desktop/DE2_70_D5M/Eclipse/Software/Teste_bsp/\libhal_bsp.a(alt_io_redirect.o)
 .debug_frame   0x00000534       0x2c C:/Users/Francisco/Desktop/DE2_70_D5M/Eclipse/Software/Teste_bsp/\libhal_bsp.a(alt_irq_handler.o)
 .debug_frame   0x00000560       0x68 C:/Users/Francisco/Desktop/DE2_70_D5M/Eclipse/Software/Teste_bsp/\libhal_bsp.a(alt_open.o)
 .debug_frame   0x000005c8       0x30 C:/Users/Francisco/Desktop/DE2_70_D5M/Eclipse/Software/Teste_bsp/\libhal_bsp.a(alt_release_fd.o)
 .debug_frame   0x000005f8       0x48 C:/Users/Francisco/Desktop/DE2_70_D5M/Eclipse/Software/Teste_bsp/\libhal_bsp.a(alt_tick.o)
 .debug_frame   0x00000640       0x2c C:/Users/Francisco/Desktop/DE2_70_D5M/Eclipse/Software/Teste_bsp/\libhal_bsp.a(altera_nios2_qsys_irq.o)
 .debug_frame   0x0000066c       0x2c C:/Users/Francisco/Desktop/DE2_70_D5M/Eclipse/Software/Teste_bsp/\libhal_bsp.a(alt_find_dev.o)
 .debug_frame   0x00000698       0x2c C:/Users/Francisco/Desktop/DE2_70_D5M/Eclipse/Software/Teste_bsp/\libhal_bsp.a(alt_find_file.o)
 .debug_frame   0x000006c4       0x30 C:/Users/Francisco/Desktop/DE2_70_D5M/Eclipse/Software/Teste_bsp/\libhal_bsp.a(alt_get_fd.o)
 .debug_frame   0x000006f4       0x20 c:/altera/13.0sp1/nios2eds/bin/gnu/h-i686-mingw32/bin/../lib/gcc/nios2-elf/4.1.2/../../../../nios2-elf/lib/mno-hw-mul\libc.a(lib_a-atexit.o)
 .debug_frame   0x00000714       0x28 c:/altera/13.0sp1/nios2eds/bin/gnu/h-i686-mingw32/bin/../lib/gcc/nios2-elf/4.1.2/../../../../nios2-elf/lib/mno-hw-mul\libc.a(lib_a-exit.o)
 .debug_frame   0x0000073c       0x20 c:/altera/13.0sp1/nios2eds/bin/gnu/h-i686-mingw32/bin/../lib/gcc/nios2-elf/4.1.2/../../../../nios2-elf/lib/mno-hw-mul\libc.a(lib_a-memcmp.o)
 .debug_frame   0x0000075c       0x20 c:/altera/13.0sp1/nios2eds/bin/gnu/h-i686-mingw32/bin/../lib/gcc/nios2-elf/4.1.2/../../../../nios2-elf/lib/mno-hw-mul\libc.a(lib_a-memcpy.o)
 .debug_frame   0x0000077c       0x20 c:/altera/13.0sp1/nios2eds/bin/gnu/h-i686-mingw32/bin/../lib/gcc/nios2-elf/4.1.2/../../../../nios2-elf/lib/mno-hw-mul\libc.a(lib_a-strlen.o)
 .debug_frame   0x0000079c       0x34 c:/altera/13.0sp1/nios2eds/bin/gnu/h-i686-mingw32/bin/../lib/gcc/nios2-elf/4.1.2/../../../../nios2-elf/lib/mno-hw-mul\libc.a(lib_a-__atexit.o)
 .debug_frame   0x000007d0       0x4c c:/altera/13.0sp1/nios2eds/bin/gnu/h-i686-mingw32/bin/../lib/gcc/nios2-elf/4.1.2/../../../../nios2-elf/lib/mno-hw-mul\libc.a(lib_a-__call_atexit.o)
 .debug_frame   0x0000081c       0x20 c:/altera/13.0sp1/nios2eds/bin/gnu/h-i686-mingw32/bin/../lib/gcc/nios2-elf/4.1.2/mno-hw-mul\libgcc.a(lib2-mul.o)
 .debug_frame   0x0000083c       0x48 C:/Users/Francisco/Desktop/DE2_70_D5M/Eclipse/Software/Teste_bsp/\libhal_bsp.a(alt_exit.o)

.debug_str      0x00000000      0xbba
 *(.debug_str)
 .debug_str     0x00000000       0x12 C:/Users/Francisco/Desktop/DE2_70_D5M/Eclipse/Software/Teste_bsp/\libhal_bsp.a(alt_load.o)
 .debug_str     0x00000012       0x12 C:/Users/Francisco/Desktop/DE2_70_D5M/Eclipse/Software/Teste_bsp/\libhal_bsp.a(alt_main.o)
 .debug_str     0x00000024       0x43 C:/Users/Francisco/Desktop/DE2_70_D5M/Eclipse/Software/Teste_bsp/\libhal_bsp.a(alt_sys_init.o)
 .debug_str     0x00000067       0x12 C:/Users/Francisco/Desktop/DE2_70_D5M/Eclipse/Software/Teste_bsp/\libhal_bsp.a(altera_avalon_jtag_uart_fd.o)
 .debug_str     0x00000079       0x1a C:/Users/Francisco/Desktop/DE2_70_D5M/Eclipse/Software/Teste_bsp/\libhal_bsp.a(altera_avalon_jtag_uart_init.o)
 .debug_str     0x00000093       0x12 C:/Users/Francisco/Desktop/DE2_70_D5M/Eclipse/Software/Teste_bsp/\libhal_bsp.a(altera_avalon_jtag_uart_ioctl.o)
 .debug_str     0x000000a5       0x1a C:/Users/Francisco/Desktop/DE2_70_D5M/Eclipse/Software/Teste_bsp/\libhal_bsp.a(altera_avalon_jtag_uart_read.o)
 .debug_str     0x000000bf       0x1a C:/Users/Francisco/Desktop/DE2_70_D5M/Eclipse/Software/Teste_bsp/\libhal_bsp.a(altera_avalon_jtag_uart_write.o)
 .debug_str     0x000000d9       0x23 C:/Users/Francisco/Desktop/DE2_70_D5M/Eclipse/Software/Teste_bsp/\libhal_bsp.a(alt_alarm_start.o)
 .debug_str     0x000000fc       0x12 C:/Users/Francisco/Desktop/DE2_70_D5M/Eclipse/Software/Teste_bsp/\libhal_bsp.a(alt_close.o)
 .debug_str     0x0000010e       0x12 C:/Users/Francisco/Desktop/DE2_70_D5M/Eclipse/Software/Teste_bsp/\libhal_bsp.a(alt_dcache_flush_all.o)
 .debug_str     0x00000120       0x12 C:/Users/Francisco/Desktop/DE2_70_D5M/Eclipse/Software/Teste_bsp/\libhal_bsp.a(alt_dev.o)
 .debug_str     0x00000132       0x12 C:/Users/Francisco/Desktop/DE2_70_D5M/Eclipse/Software/Teste_bsp/\libhal_bsp.a(alt_dev_llist_insert.o)
 .debug_str     0x00000144       0x12 C:/Users/Francisco/Desktop/DE2_70_D5M/Eclipse/Software/Teste_bsp/\libhal_bsp.a(alt_errno.o)
 .debug_str     0x00000156       0x12 C:/Users/Francisco/Desktop/DE2_70_D5M/Eclipse/Software/Teste_bsp/\libhal_bsp.a(alt_icache_flush_all.o)
 .debug_str     0x00000168       0x18 C:/Users/Francisco/Desktop/DE2_70_D5M/Eclipse/Software/Teste_bsp/\libhal_bsp.a(alt_iic.o)
 .debug_str     0x00000180       0x1a C:/Users/Francisco/Desktop/DE2_70_D5M/Eclipse/Software/Teste_bsp/\libhal_bsp.a(alt_iic_isr_register.o)
 .debug_str     0x0000019a       0x12 C:/Users/Francisco/Desktop/DE2_70_D5M/Eclipse/Software/Teste_bsp/\libhal_bsp.a(alt_io_redirect.o)
 .debug_str     0x000001ac       0x12 C:/Users/Francisco/Desktop/DE2_70_D5M/Eclipse/Software/Teste_bsp/\libhal_bsp.a(alt_irq_handler.o)
 .debug_str     0x000001be       0x12 C:/Users/Francisco/Desktop/DE2_70_D5M/Eclipse/Software/Teste_bsp/\libhal_bsp.a(alt_open.o)
 .debug_str     0x000001d0       0x1a C:/Users/Francisco/Desktop/DE2_70_D5M/Eclipse/Software/Teste_bsp/\libhal_bsp.a(alt_tick.o)
 .debug_str     0x000001ea       0x12 C:/Users/Francisco/Desktop/DE2_70_D5M/Eclipse/Software/Teste_bsp/\libhal_bsp.a(altera_nios2_qsys_irq.o)
 .debug_str     0x000001fc       0x12 C:/Users/Francisco/Desktop/DE2_70_D5M/Eclipse/Software/Teste_bsp/\libhal_bsp.a(alt_find_dev.o)
 .debug_str     0x0000020e       0x12 C:/Users/Francisco/Desktop/DE2_70_D5M/Eclipse/Software/Teste_bsp/\libhal_bsp.a(alt_find_file.o)
 .debug_str     0x00000220       0x12 C:/Users/Francisco/Desktop/DE2_70_D5M/Eclipse/Software/Teste_bsp/\libhal_bsp.a(alt_get_fd.o)
 .debug_str     0x00000232      0x187 c:/altera/13.0sp1/nios2eds/bin/gnu/h-i686-mingw32/bin/../lib/gcc/nios2-elf/4.1.2/../../../../nios2-elf/lib/mno-hw-mul\libc.a(lib_a-atexit.o)
                                0x1cd (size before relaxing)
 .debug_str     0x000003b9      0x387 c:/altera/13.0sp1/nios2eds/bin/gnu/h-i686-mingw32/bin/../lib/gcc/nios2-elf/4.1.2/../../../../nios2-elf/lib/mno-hw-mul\libc.a(lib_a-exit.o)
                                0x51a (size before relaxing)
 .debug_str     0x00000740       0xdf c:/altera/13.0sp1/nios2eds/bin/gnu/h-i686-mingw32/bin/../lib/gcc/nios2-elf/4.1.2/../../../../nios2-elf/lib/mno-hw-mul\libc.a(lib_a-impure.o)
                                0x528 (size before relaxing)
 .debug_str     0x0000081f       0x40 c:/altera/13.0sp1/nios2eds/bin/gnu/h-i686-mingw32/bin/../lib/gcc/nios2-elf/4.1.2/../../../../nios2-elf/lib/mno-hw-mul\libc.a(lib_a-int_errno.o)
                                0x171 (size before relaxing)
 .debug_str     0x0000085f       0xe3 c:/altera/13.0sp1/nios2eds/bin/gnu/h-i686-mingw32/bin/../lib/gcc/nios2-elf/4.1.2/../../../../nios2-elf/lib/mno-hw-mul\libc.a(lib_a-memcmp.o)
                                0x178 (size before relaxing)
 .debug_str     0x00000942       0x6c c:/altera/13.0sp1/nios2eds/bin/gnu/h-i686-mingw32/bin/../lib/gcc/nios2-elf/4.1.2/../../../../nios2-elf/lib/mno-hw-mul\libc.a(lib_a-memcpy.o)
                                0x136 (size before relaxing)
 .debug_str     0x000009ae       0x52 c:/altera/13.0sp1/nios2eds/bin/gnu/h-i686-mingw32/bin/../lib/gcc/nios2-elf/4.1.2/../../../../nios2-elf/lib/mno-hw-mul\libc.a(lib_a-strlen.o)
                                0x18b (size before relaxing)
 .debug_str     0x00000a00       0x54 c:/altera/13.0sp1/nios2eds/bin/gnu/h-i686-mingw32/bin/../lib/gcc/nios2-elf/4.1.2/../../../../nios2-elf/lib/mno-hw-mul\libc.a(lib_a-__atexit.o)
                                0x532 (size before relaxing)
 .debug_str     0x00000a54       0x7e c:/altera/13.0sp1/nios2eds/bin/gnu/h-i686-mingw32/bin/../lib/gcc/nios2-elf/4.1.2/../../../../nios2-elf/lib/mno-hw-mul\libc.a(lib_a-__call_atexit.o)
                                0x55c (size before relaxing)
 .debug_str     0x00000ad2       0xcc c:/altera/13.0sp1/nios2eds/bin/gnu/h-i686-mingw32/bin/../lib/gcc/nios2-elf/4.1.2/mno-hw-mul\libgcc.a(lib2-mul.o)
                                0x175 (size before relaxing)
 .debug_str     0x00000b9e       0x1c C:/Users/Francisco/Desktop/DE2_70_D5M/Eclipse/Software/Teste_bsp/\libhal_bsp.a(alt_exit.o)

.debug_loc      0x00000000      0xdea
 *(.debug_loc)
 .debug_loc     0x00000000       0x56 obj/default/hello_world.o
 .debug_loc     0x00000056       0x56 C:/Users/Francisco/Desktop/DE2_70_D5M/Eclipse/Software/Teste_bsp/\libhal_bsp.a(alt_load.o)
 .debug_loc     0x000000ac       0x2b C:/Users/Francisco/Desktop/DE2_70_D5M/Eclipse/Software/Teste_bsp/\libhal_bsp.a(alt_main.o)
 .debug_loc     0x000000d7       0x81 C:/Users/Francisco/Desktop/DE2_70_D5M/Eclipse/Software/Teste_bsp/\libhal_bsp.a(alt_sys_init.o)
 .debug_loc     0x00000158       0xac C:/Users/Francisco/Desktop/DE2_70_D5M/Eclipse/Software/Teste_bsp/\libhal_bsp.a(altera_avalon_jtag_uart_fd.o)
 .debug_loc     0x00000204       0xac C:/Users/Francisco/Desktop/DE2_70_D5M/Eclipse/Software/Teste_bsp/\libhal_bsp.a(altera_avalon_jtag_uart_init.o)
 .debug_loc     0x000002b0       0x2b C:/Users/Francisco/Desktop/DE2_70_D5M/Eclipse/Software/Teste_bsp/\libhal_bsp.a(altera_avalon_jtag_uart_ioctl.o)
 .debug_loc     0x000002db       0x2b C:/Users/Francisco/Desktop/DE2_70_D5M/Eclipse/Software/Teste_bsp/\libhal_bsp.a(altera_avalon_jtag_uart_read.o)
 .debug_loc     0x00000306       0x2b C:/Users/Francisco/Desktop/DE2_70_D5M/Eclipse/Software/Teste_bsp/\libhal_bsp.a(altera_avalon_jtag_uart_write.o)
 .debug_loc     0x00000331       0x2b C:/Users/Francisco/Desktop/DE2_70_D5M/Eclipse/Software/Teste_bsp/\libhal_bsp.a(alt_alarm_start.o)
 .debug_loc     0x0000035c       0x56 C:/Users/Francisco/Desktop/DE2_70_D5M/Eclipse/Software/Teste_bsp/\libhal_bsp.a(alt_close.o)
 .debug_loc     0x000003b2       0x2b C:/Users/Francisco/Desktop/DE2_70_D5M/Eclipse/Software/Teste_bsp/\libhal_bsp.a(alt_dcache_flush_all.o)
 .debug_loc     0x000003dd       0x2b C:/Users/Francisco/Desktop/DE2_70_D5M/Eclipse/Software/Teste_bsp/\libhal_bsp.a(alt_dev.o)
 .debug_loc     0x00000408       0x56 C:/Users/Francisco/Desktop/DE2_70_D5M/Eclipse/Software/Teste_bsp/\libhal_bsp.a(alt_dev_llist_insert.o)
 .debug_loc     0x0000045e       0x2b C:/Users/Francisco/Desktop/DE2_70_D5M/Eclipse/Software/Teste_bsp/\libhal_bsp.a(alt_do_ctors.o)
 .debug_loc     0x00000489       0x2b C:/Users/Francisco/Desktop/DE2_70_D5M/Eclipse/Software/Teste_bsp/\libhal_bsp.a(alt_do_dtors.o)
 .debug_loc     0x000004b4       0x2b C:/Users/Francisco/Desktop/DE2_70_D5M/Eclipse/Software/Teste_bsp/\libhal_bsp.a(alt_icache_flush_all.o)
 .debug_loc     0x000004df       0xac C:/Users/Francisco/Desktop/DE2_70_D5M/Eclipse/Software/Teste_bsp/\libhal_bsp.a(alt_iic.o)
 .debug_loc     0x0000058b       0x2b C:/Users/Francisco/Desktop/DE2_70_D5M/Eclipse/Software/Teste_bsp/\libhal_bsp.a(alt_iic_isr_register.o)
 .debug_loc     0x000005b6       0x56 C:/Users/Francisco/Desktop/DE2_70_D5M/Eclipse/Software/Teste_bsp/\libhal_bsp.a(alt_io_redirect.o)
 .debug_loc     0x0000060c       0x2b C:/Users/Francisco/Desktop/DE2_70_D5M/Eclipse/Software/Teste_bsp/\libhal_bsp.a(alt_irq_handler.o)
 .debug_loc     0x00000637       0x81 C:/Users/Francisco/Desktop/DE2_70_D5M/Eclipse/Software/Teste_bsp/\libhal_bsp.a(alt_open.o)
 .debug_loc     0x000006b8       0x2b C:/Users/Francisco/Desktop/DE2_70_D5M/Eclipse/Software/Teste_bsp/\libhal_bsp.a(alt_release_fd.o)
 .debug_loc     0x000006e3       0x56 C:/Users/Francisco/Desktop/DE2_70_D5M/Eclipse/Software/Teste_bsp/\libhal_bsp.a(alt_tick.o)
 .debug_loc     0x00000739       0x2b C:/Users/Francisco/Desktop/DE2_70_D5M/Eclipse/Software/Teste_bsp/\libhal_bsp.a(altera_nios2_qsys_irq.o)
 .debug_loc     0x00000764       0x2b C:/Users/Francisco/Desktop/DE2_70_D5M/Eclipse/Software/Teste_bsp/\libhal_bsp.a(alt_find_dev.o)
 .debug_loc     0x0000078f       0x2b C:/Users/Francisco/Desktop/DE2_70_D5M/Eclipse/Software/Teste_bsp/\libhal_bsp.a(alt_find_file.o)
 .debug_loc     0x000007ba       0x2b C:/Users/Francisco/Desktop/DE2_70_D5M/Eclipse/Software/Teste_bsp/\libhal_bsp.a(alt_get_fd.o)
 .debug_loc     0x000007e5       0x1e c:/altera/13.0sp1/nios2eds/bin/gnu/h-i686-mingw32/bin/../lib/gcc/nios2-elf/4.1.2/../../../../nios2-elf/lib/mno-hw-mul\libc.a(lib_a-atexit.o)
 .debug_loc     0x00000803       0x3d c:/altera/13.0sp1/nios2eds/bin/gnu/h-i686-mingw32/bin/../lib/gcc/nios2-elf/4.1.2/../../../../nios2-elf/lib/mno-hw-mul\libc.a(lib_a-exit.o)
 .debug_loc     0x00000840      0x114 c:/altera/13.0sp1/nios2eds/bin/gnu/h-i686-mingw32/bin/../lib/gcc/nios2-elf/4.1.2/../../../../nios2-elf/lib/mno-hw-mul\libc.a(lib_a-memcmp.o)
 .debug_loc     0x00000954       0xca c:/altera/13.0sp1/nios2eds/bin/gnu/h-i686-mingw32/bin/../lib/gcc/nios2-elf/4.1.2/../../../../nios2-elf/lib/mno-hw-mul\libc.a(lib_a-memcpy.o)
 .debug_loc     0x00000a1e       0x3c c:/altera/13.0sp1/nios2eds/bin/gnu/h-i686-mingw32/bin/../lib/gcc/nios2-elf/4.1.2/../../../../nios2-elf/lib/mno-hw-mul\libc.a(lib_a-strlen.o)
 .debug_loc     0x00000a5a      0x120 c:/altera/13.0sp1/nios2eds/bin/gnu/h-i686-mingw32/bin/../lib/gcc/nios2-elf/4.1.2/../../../../nios2-elf/lib/mno-hw-mul\libc.a(lib_a-__atexit.o)
 .debug_loc     0x00000b7a      0x1cb c:/altera/13.0sp1/nios2eds/bin/gnu/h-i686-mingw32/bin/../lib/gcc/nios2-elf/4.1.2/../../../../nios2-elf/lib/mno-hw-mul\libc.a(lib_a-__call_atexit.o)
 .debug_loc     0x00000d45       0x4f c:/altera/13.0sp1/nios2eds/bin/gnu/h-i686-mingw32/bin/../lib/gcc/nios2-elf/4.1.2/mno-hw-mul\libgcc.a(lib2-mul.o)
 .debug_loc     0x00000d94       0x56 C:/Users/Francisco/Desktop/DE2_70_D5M/Eclipse/Software/Teste_bsp/\libhal_bsp.a(alt_exit.o)

.debug_macinfo
 *(.debug_macinfo)

.debug_weaknames
 *(.debug_weaknames)

.debug_funcnames
 *(.debug_funcnames)

.debug_typenames
 *(.debug_typenames)

.debug_varnames
 *(.debug_varnames)

.debug_alt_sim_info
                0x00000000       0x10
 *(.debug_alt_sim_info)
 .debug_alt_sim_info
                0x00000000       0x10 C:/Users/Francisco/Desktop/DE2_70_D5M/Eclipse/Software/Teste_bsp//obj/HAL/src/crt0.o
                0x04000000                __alt_data_end = 0x4000000
                0x04000000                PROVIDE (__alt_stack_pointer, __alt_data_end)
                0x02005814                PROVIDE (__alt_stack_limit, __alt_stack_base)
                0x02005814                PROVIDE (__alt_heap_start, end)
                0x04000000                PROVIDE (__alt_heap_limit, 0x4000000)
OUTPUT(Teste.elf elf32-littlenios2)

.debug_ranges   0x00000000       0x90
 .debug_ranges  0x00000000       0x20 C:/Users/Francisco/Desktop/DE2_70_D5M/Eclipse/Software/Teste_bsp//obj/HAL/src/crt0.o
 .debug_ranges  0x00000020       0x28 C:/Users/Francisco/Desktop/DE2_70_D5M/Eclipse/Software/Teste_bsp/\libhal_bsp.a(alt_irq_entry.o)
 .debug_ranges  0x00000048       0x30 C:/Users/Francisco/Desktop/DE2_70_D5M/Eclipse/Software/Teste_bsp/\libhal_bsp.a(alt_exception_entry.o)
 .debug_ranges  0x00000078       0x18 c:/altera/13.0sp1/nios2eds/bin/gnu/h-i686-mingw32/bin/../lib/gcc/nios2-elf/4.1.2/../../../../nios2-elf/lib/mno-hw-mul\libc.a(lib_a-__call_atexit.o)
