Archive member included because of file (symbol)

c:/altera/13.0sp1/nios2eds/bin/gnu/h-i686-mingw32/bin/../lib/gcc/nios2-elf/4.1.2/../../../../nios2-elf/lib/mno-hw-mul\libc.a(lib_a-puts.o)
                              obj/default/hello_world.o (puts)
c:/altera/13.0sp1/nios2eds/bin/gnu/h-i686-mingw32/bin/../lib/gcc/nios2-elf/4.1.2/../../../../nios2-elf/lib/mno-hw-mul\libc.a(lib_a-strlen.o)
                              c:/altera/13.0sp1/nios2eds/bin/gnu/h-i686-mingw32/bin/../lib/gcc/nios2-elf/4.1.2/../../../../nios2-elf/lib/mno-hw-mul\libc.a(lib_a-puts.o) (strlen)
c:/altera/13.0sp1/nios2eds/bin/gnu/h-i686-mingw32/bin/../lib/gcc/nios2-elf/4.1.2/../../../../nios2-elf/lib/mno-hw-mul\libc.a(lib_a-fvwrite.o)
                              c:/altera/13.0sp1/nios2eds/bin/gnu/h-i686-mingw32/bin/../lib/gcc/nios2-elf/4.1.2/../../../../nios2-elf/lib/mno-hw-mul\libc.a(lib_a-puts.o) (__sfvwrite_r)
c:/altera/13.0sp1/nios2eds/bin/gnu/h-i686-mingw32/bin/../lib/gcc/nios2-elf/4.1.2/../../../../nios2-elf/lib/mno-hw-mul\libc.a(lib_a-impure.o)
                              c:/altera/13.0sp1/nios2eds/bin/gnu/h-i686-mingw32/bin/../lib/gcc/nios2-elf/4.1.2/../../../../nios2-elf/lib/mno-hw-mul\libc.a(lib_a-puts.o) (_impure_ptr)
c:/altera/13.0sp1/nios2eds/bin/gnu/h-i686-mingw32/bin/../lib/gcc/nios2-elf/4.1.2/../../../../nios2-elf/lib/mno-hw-mul\libc.a(lib_a-mallocr.o)
                              c:/altera/13.0sp1/nios2eds/bin/gnu/h-i686-mingw32/bin/../lib/gcc/nios2-elf/4.1.2/../../../../nios2-elf/lib/mno-hw-mul\libc.a(lib_a-fvwrite.o) (_malloc_r)
c:/altera/13.0sp1/nios2eds/bin/gnu/h-i686-mingw32/bin/../lib/gcc/nios2-elf/4.1.2/../../../../nios2-elf/lib/mno-hw-mul\libc.a(lib_a-memchr.o)
                              c:/altera/13.0sp1/nios2eds/bin/gnu/h-i686-mingw32/bin/../lib/gcc/nios2-elf/4.1.2/../../../../nios2-elf/lib/mno-hw-mul\libc.a(lib_a-fvwrite.o) (memchr)
c:/altera/13.0sp1/nios2eds/bin/gnu/h-i686-mingw32/bin/../lib/gcc/nios2-elf/4.1.2/../../../../nios2-elf/lib/mno-hw-mul\libc.a(lib_a-memcpy.o)
                              c:/altera/13.0sp1/nios2eds/bin/gnu/h-i686-mingw32/bin/../lib/gcc/nios2-elf/4.1.2/../../../../nios2-elf/lib/mno-hw-mul\libc.a(lib_a-fvwrite.o) (memcpy)
c:/altera/13.0sp1/nios2eds/bin/gnu/h-i686-mingw32/bin/../lib/gcc/nios2-elf/4.1.2/../../../../nios2-elf/lib/mno-hw-mul\libc.a(lib_a-memmove.o)
                              c:/altera/13.0sp1/nios2eds/bin/gnu/h-i686-mingw32/bin/../lib/gcc/nios2-elf/4.1.2/../../../../nios2-elf/lib/mno-hw-mul\libc.a(lib_a-fvwrite.o) (memmove)
c:/altera/13.0sp1/nios2eds/bin/gnu/h-i686-mingw32/bin/../lib/gcc/nios2-elf/4.1.2/../../../../nios2-elf/lib/mno-hw-mul\libc.a(lib_a-reallocr.o)
                              c:/altera/13.0sp1/nios2eds/bin/gnu/h-i686-mingw32/bin/../lib/gcc/nios2-elf/4.1.2/../../../../nios2-elf/lib/mno-hw-mul\libc.a(lib_a-fvwrite.o) (_realloc_r)
c:/altera/13.0sp1/nios2eds/bin/gnu/h-i686-mingw32/bin/../lib/gcc/nios2-elf/4.1.2/../../../../nios2-elf/lib/mno-hw-mul\libc.a(lib_a-sbrkr.o)
                              c:/altera/13.0sp1/nios2eds/bin/gnu/h-i686-mingw32/bin/../lib/gcc/nios2-elf/4.1.2/../../../../nios2-elf/lib/mno-hw-mul\libc.a(lib_a-mallocr.o) (_sbrk_r)
c:/altera/13.0sp1/nios2eds/bin/gnu/h-i686-mingw32/bin/../lib/gcc/nios2-elf/4.1.2/../../../../nios2-elf/lib/mno-hw-mul\libc.a(lib_a-wsetup.o)
                              c:/altera/13.0sp1/nios2eds/bin/gnu/h-i686-mingw32/bin/../lib/gcc/nios2-elf/4.1.2/../../../../nios2-elf/lib/mno-hw-mul\libc.a(lib_a-fvwrite.o) (__swsetup_r)
c:/altera/13.0sp1/nios2eds/bin/gnu/h-i686-mingw32/bin/../lib/gcc/nios2-elf/4.1.2/../../../../nios2-elf/lib/mno-hw-mul\libc.a(lib_a-fflush.o)
                              c:/altera/13.0sp1/nios2eds/bin/gnu/h-i686-mingw32/bin/../lib/gcc/nios2-elf/4.1.2/../../../../nios2-elf/lib/mno-hw-mul\libc.a(lib_a-fvwrite.o) (_fflush_r)
c:/altera/13.0sp1/nios2eds/bin/gnu/h-i686-mingw32/bin/../lib/gcc/nios2-elf/4.1.2/../../../../nios2-elf/lib/mno-hw-mul\libc.a(lib_a-findfp.o)
                              c:/altera/13.0sp1/nios2eds/bin/gnu/h-i686-mingw32/bin/../lib/gcc/nios2-elf/4.1.2/../../../../nios2-elf/lib/mno-hw-mul\libc.a(lib_a-wsetup.o) (__sinit)
c:/altera/13.0sp1/nios2eds/bin/gnu/h-i686-mingw32/bin/../lib/gcc/nios2-elf/4.1.2/../../../../nios2-elf/lib/mno-hw-mul\libc.a(lib_a-freer.o)
                              c:/altera/13.0sp1/nios2eds/bin/gnu/h-i686-mingw32/bin/../lib/gcc/nios2-elf/4.1.2/../../../../nios2-elf/lib/mno-hw-mul\libc.a(lib_a-fvwrite.o) (_free_r)
c:/altera/13.0sp1/nios2eds/bin/gnu/h-i686-mingw32/bin/../lib/gcc/nios2-elf/4.1.2/../../../../nios2-elf/lib/mno-hw-mul\libc.a(lib_a-fwalk.o)
                              c:/altera/13.0sp1/nios2eds/bin/gnu/h-i686-mingw32/bin/../lib/gcc/nios2-elf/4.1.2/../../../../nios2-elf/lib/mno-hw-mul\libc.a(lib_a-fflush.o) (_fwalk_reent)
c:/altera/13.0sp1/nios2eds/bin/gnu/h-i686-mingw32/bin/../lib/gcc/nios2-elf/4.1.2/../../../../nios2-elf/lib/mno-hw-mul\libc.a(lib_a-int_errno.o)
[...]
Memory Configuration

Name             Origin             Length             Attributes
reset            0x02000000         0x00000020
SDRAM            0x02000020         0x01ffffe0
Onchip_Memory    0x04004000         0x00004000
*default*        0x00000000         0xffffffff

Linker script and memory map

LOAD C:/Users/Francisco/Desktop/DE2_70_D5M/Eclipse/Software/Teste_bsp//obj/HAL/src/crt0.o
LOAD obj/default/hello_world.o
LOAD c:/altera/13.0sp1/nios2eds/bin/gnu/h-i686-mingw32/bin/../lib/gcc/nios2-elf/4.1.2/../../../../nios2-elf/lib/mno-hw-mul\libstdc++.a
LOAD c:/altera/13.0sp1/nios2eds/bin/gnu/h-i686-mingw32/bin/../lib/gcc/nios2-elf/4.1.2/../../../../nios2-elf/lib/mno-hw-mul\libm.a
LOAD c:/altera/13.0sp1/nios2eds/bin/gnu/h-i686-mingw32/bin/../lib/gcc/nios2-elf/4.1.2/mno-hw-mul\libgcc.a
START GROUP
LOAD c:/altera/13.0sp1/nios2eds/bin/gnu/h-i686-mingw32/bin/../lib/gcc/nios2-elf/4.1.2/../../../../nios2-elf/lib/mno-hw-mul\libc.a
LOAD c:/altera/13.0sp1/nios2eds/bin/gnu/h-i686-mingw32/bin/../lib/gcc/nios2-elf/4.1.2/mno-hw-mul\libgcc.a
LOAD C:/Users/Francisco/Desktop/DE2_70_D5M/Eclipse/Software/Teste_bsp/\libhal_bsp.a
END GROUP
LOAD c:/altera/13.0sp1/nios2eds/bin/gnu/h-i686-mingw32/bin/../lib/gcc/nios2-elf/4.1.2/mno-hw-mul\libgcc.a
                0x02000000                __alt_mem_SDRAM = 0x2000000
                0x04004000                __alt_mem_Onchip_Memory = 0x4004000

.entry          0x02000000       0x20
 *(.entry)
 .entry         0x02000000       0x20 C:/Users/Francisco/Desktop/DE2_70_D5M/Eclipse/Software/Teste_bsp//obj/HAL/src/crt0.o
                0x02000000                __reset

.exceptions     0x02000020      0x194
                0x02000020                PROVIDE (__ram_exceptions_start, ABSOLUTE (.))
                0x02000020                . = ALIGN (0x20)
 *(.irq)
 *(.exceptions.entry.label)
 .exceptions.entry.label
                0x02000020        0x0 C:/Users/Francisco/Desktop/DE2_70_D5M/Eclipse/Software/Teste_bsp/\libhal_bsp.a(alt_irq_entry.o)
                0x02000020                alt_irq_entry
 .exceptions.entry.label
                0x02000020        0x0 C:/Users/Francisco/Desktop/DE2_70_D5M/Eclipse/Software/Teste_bsp/\libhal_bsp.a(alt_exception_entry.o)
                0x02000020                alt_exception
 *(.exceptions.entry.user)
 *(.exceptions.entry)
 .exceptions.entry
                0x02000020       0x54 C:/Users/Francisco/Desktop/DE2_70_D5M/Eclipse/Software/Teste_bsp/\libhal_bsp.a(alt_exception_entry.o)
 *(.exceptions.irqtest.user)
 *(.exceptions.irqtest)
 .exceptions.irqtest
                0x02000074       0x10 C:/Users/Francisco/Desktop/DE2_70_D5M/Eclipse/Software/Teste_bsp/\libhal_bsp.a(alt_irq_entry.o)
 *(.exceptions.irqhandler.user)
 *(.exceptions.irqhandler)
 .exceptions.irqhandler
                0x02000084        0x4 C:/Users/Francisco/Desktop/DE2_70_D5M/Eclipse/Software/Teste_bsp/\libhal_bsp.a(alt_irq_entry.o)
 *(.exceptions.irqreturn.user)
 *(.exceptions.irqreturn)
 .exceptions.irqreturn
                0x02000088        0x4 C:/Users/Francisco/Desktop/DE2_70_D5M/Eclipse/Software/Teste_bsp/\libhal_bsp.a(alt_irq_entry.o)
 *(.exceptions.notirq.label)
 .exceptions.notirq.label
                0x0200008c        0x0 C:/Users/Francisco/Desktop/DE2_70_D5M/Eclipse/Software/Teste_bsp/\libhal_bsp.a(alt_irq_entry.o)
 *(.exceptions.notirq.user)
 *(.exceptions.notirq)
 .exceptions.notirq
                0x0200008c        0x8 C:/Users/Francisco/Desktop/DE2_70_D5M/Eclipse/Software/Teste_bsp/\libhal_bsp.a(alt_exception_entry.o)
 *(.exceptions.soft.user)
 *(.exceptions.soft)
 *(.exceptions.unknown.user)
 *(.exceptions.unknown)
 .exceptions.unknown
                0x02000094        0x4 C:/Users/Francisco/Desktop/DE2_70_D5M/Eclipse/Software/Teste_bsp/\libhal_bsp.a(alt_exception_entry.o)
 *(.exceptions.exit.label)
 .exceptions.exit.label
                0x02000098        0x0 C:/Users/Francisco/Desktop/DE2_70_D5M/Eclipse/Software/Teste_bsp/\libhal_bsp.a(alt_irq_entry.o)
 .exceptions.exit.label
                0x02000098        0x0 C:/Users/Francisco/Desktop/DE2_70_D5M/Eclipse/Software/Teste_bsp/\libhal_bsp.a(alt_exception_entry.o)
 *(.exceptions.exit.user)
 *(.exceptions.exit)
 .exceptions.exit
                0x02000098       0x54 C:/Users/Francisco/Desktop/DE2_70_D5M/Eclipse/Software/Teste_bsp/\libhal_bsp.a(alt_exception_entry.o)
 *(.exceptions)
 .exceptions    0x020000ec       0xc8 C:/Users/Francisco/Desktop/DE2_70_D5M/Eclipse/Software/Teste_bsp/\libhal_bsp.a(alt_irq_handler.o)
                0x020000ec                alt_irq_handler
                0x020001b4                PROVIDE (__ram_exceptions_end, ABSOLUTE (.))
                0x02000020                PROVIDE (__flash_exceptions_start, LOADADDR (.exceptions))

.text           0x020001b4     0x5518
                0x020001b4                PROVIDE (stext, ABSOLUTE (.))
 *(.interp)
 *(.hash)
 *(.dynsym)
 *(.dynstr)
 *(.gnu.version)
 *(.gnu.version_d)
 *(.gnu.version_r)
 *(.rel.init)
 *(.rela.init)
 *(.rel.text .rel.text.* .rel.gnu.linkonce.t.*)
 *(.rela.text .rela.text.* .rela.gnu.linkonce.t.*)
 *(.rel.fini)
 *(.rela.fini)
 *(.rel.rodata .rel.rodata.* .rel.gnu.linkonce.r.*)
 *(.rela.rodata .rela.rodata.* .rela.gnu.linkonce.r.*)
 *(.rel.data .rel.data.* .rel.gnu.linkonce.d.*)
 *(.rela.data .rela.data.* .rela.gnu.linkonce.d.*)
 *(.rel.tdata .rel.tdata.* .rel.gnu.linkonce.td.*)
 *(.rela.tdata .rela.tdata.* .rela.gnu.linkonce.td.*)
 *(.rel.tbss .rel.tbss.* .rel.gnu.linkonce.tb.*)
 *(.rela.tbss .rela.tbss.* .rela.gnu.linkonce.tb.*)
 *(.rel.ctors)
 *(.rela.ctors)
 *(.rel.dtors)
 *(.rela.dtors)
 *(.rel.got)
 *(.rela.got)
 *(.rel.sdata .rel.sdata.* .rel.gnu.linkonce.s.*)
 *(.rela.sdata .rela.sdata.* .rela.gnu.linkonce.s.*)
 *(.rel.sbss .rel.sbss.* .rel.gnu.linkonce.sb.*)
 *(.rela.sbss .rela.sbss.* .rela.gnu.linkonce.sb.*)
 *(.rel.sdata2 .rel.sdata2.* .rel.gnu.linkonce.s2.*)
 *(.rela.sdata2 .rela.sdata2.* .rela.gnu.linkonce.s2.*)
 *(.rel.sbss2 .rel.sbss2.* .rel.gnu.linkonce.sb2.*)
 *(.rela.sbss2 .rela.sbss2.* .rela.gnu.linkonce.sb2.*)
 *(.rel.bss .rel.bss.* .rel.gnu.linkonce.b.*)
 *(.rela.bss .rela.bss.* .rela.gnu.linkonce.b.*)
 *(.rel.plt)
 *(.rela.plt)
 *(.rel.dyn)
 *(.init)
 *(.plt)
 *(.text .stub .text.* .gnu.linkonce.t.*)
 .text          0x020001b4       0x3c C:/Users/Francisco/Desktop/DE2_70_D5M/Eclipse/Software/Teste_bsp//obj/HAL/src/crt0.o
                0x020001b4                _start
 .text          0x020001f0       0x34 obj/default/hello_world.o
                0x020001f0                main
 .text          0x02000224       0xb4 c:/altera/13.0sp1/nios2eds/bin/gnu/h-i686-mingw32/bin/../lib/gcc/nios2-elf/4.1.2/../../../../nios2-elf/lib/mno-hw-mul\libc.a(lib_a-puts.o)
                0x02000224                _puts_r
                0x020002c4                puts
 .text          0x020002d8       0x74 c:/altera/13.0sp1/nios2eds/bin/gnu/h-i686-mingw32/bin/../lib/gcc/nios2-elf/4.1.2/../../../../nios2-elf/lib/mno-hw-mul\libc.a(lib_a-strlen.o)
                0x020002d8                strlen
 .text          0x0200034c      0x49c c:/altera/13.0sp1/nios2eds/bin/gnu/h-i686-mingw32/bin/../lib/gcc/nios2-elf/4.1.2/../../../../nios2-elf/lib/mno-hw-mul\libc.a(lib_a-fvwrite.o)
                0x0200034c                __sfvwrite_r
 .text          0x020007e8        0x0 c:/altera/13.0sp1/nios2eds/bin/gnu/h-i686-mingw32/bin/../lib/gcc/nios2-elf/4.1.2/../../../../nios2-elf/lib/mno-hw-mul\libc.a(lib_a-impure.o)
 .text          0x020007e8      0x740 c:/altera/13.0sp1/nios2eds/bin/gnu/h-i686-mingw32/bin/../lib/gcc/nios2-elf/4.1.2/../../../../nios2-elf/lib/mno-hw-mul\libc.a(lib_a-mallocr.o)
                0x020007e8                _malloc_r
 .text          0x02000f28       0xe4 c:/altera/13.0sp1/nios2eds/bin/gnu/h-i686-mingw32/bin/../lib/gcc/nios2-elf/4.1.2/../../../../nios2-elf/lib/mno-hw-mul\libc.a(lib_a-memchr.o)
                0x02000f28                memchr
 .text          0x0200100c       0xa0 c:/altera/13.0sp1/nios2eds/bin/gnu/h-i686-mingw32/bin/../lib/gcc/nios2-elf/4.1.2/../../../../nios2-elf/lib/mno-hw-mul\libc.a(lib_a-memcpy.o)
                0x0200100c                memcpy
 .text          0x020010ac       0xe0 c:/altera/13.0sp1/nios2eds/bin/gnu/h-i686-mingw32/bin/../lib/gcc/nios2-elf/4.1.2/../../../../nios2-elf/lib/mno-hw-mul\libc.a(lib_a-memmove.o)
                0x020010ac                memmove
 .text          0x0200118c      0x5f4 c:/altera/13.0sp1/nios2eds/bin/gnu/h-i686-mingw32/bin/../lib/gcc/nios2-elf/4.1.2/../../../../nios2-elf/lib/mno-hw-mul\libc.a(lib_a-reallocr.o)
                0x0200118c                _realloc_r
 .text          0x02001780       0x70 c:/altera/13.0sp1/nios2eds/bin/gnu/h-i686-mingw32/bin/../lib/gcc/nios2-elf/4.1.2/../../../../nios2-elf/lib/mno-hw-mul\libc.a(lib_a-sbrkr.o)
                0x02001780                _sbrk_r
 .text          0x020017f0      0x13c c:/altera/13.0sp1/nios2eds/bin/gnu/h-i686-mingw32/bin/../lib/gcc/nios2-elf/4.1.2/../../../../nios2-elf/lib/mno-hw-mul\libc.a(lib_a-wsetup.o)
                0x020017f0                __swsetup_r
 .text          0x0200192c      0x230 c:/altera/13.0sp1/nios2eds/bin/gnu/h-i686-mingw32/bin/../lib/gcc/nios2-elf/4.1.2/../../../../nios2-elf/lib/mno-hw-mul\libc.a(lib_a-fflush.o)
                0x0200192c                _fflush_r
                0x02001b28                fflush
 .text          0x02001b5c      0x2f4 c:/altera/13.0sp1/nios2eds/bin/gnu/h-i686-mingw32/bin/../lib/gcc/nios2-elf/4.1.2/../../../../nios2-elf/lib/mno-hw-mul\libc.a(lib_a-findfp.o)
                0x02001bb4                __sfp_lock_acquire
                0x02001bb8                __sfp_lock_release
                0x02001bbc                __sinit_lock_acquire
                0x02001bc0                __sinit_lock_release
                0x02001bc4                __sinit
                0x02001c78                __fp_unlock_all
                0x02001c90                __fp_lock_all
                0x02001ca8                _cleanup_r
                0x02001cb4                _cleanup
                0x02001cc4                __sfmoreglue
                0x02001d60                __sfp
 .text          0x02001e50      0x440 c:/altera/13.0sp1/nios2eds/bin/gnu/h-i686-mingw32/bin/../lib/gcc/nios2-elf/4.1.2/../../../../nios2-elf/lib/mno-hw-mul\libc.a(lib_a-freer.o)
                0x02001e50                _malloc_trim_r
                0x02001f7c                _free_r
 .text          0x02002290      0x180 c:/altera/13.0sp1/nios2eds/bin/gnu/h-i686-mingw32/bin/../lib/gcc/nios2-elf/4.1.2/../../../../nios2-elf/lib/mno-hw-mul\libc.a(lib_a-fwalk.o)
                0x02002290                _fwalk_reent
                0x02002358                _fwalk
 .text          0x02002410        0x0 c:/altera/13.0sp1/nios2eds/bin/gnu/h-i686-mingw32/bin/../lib/gcc/nios2-elf/4.1.2/../../../../nios2-elf/lib/mno-hw-mul\libc.a(lib_a-int_errno.o)
 .text          0x02002410      0x194 c:/altera/13.0sp1/nios2eds/bin/gnu/h-i686-mingw32/bin/../lib/gcc/nios2-elf/4.1.2/../../../../nios2-elf/lib/mno-hw-mul\libc.a(lib_a-makebuf.o)
                0x02002410                __smakebuf_r
 .text          0x020025a4       0x98 c:/altera/13.0sp1/nios2eds/bin/gnu/h-i686-mingw32/bin/../lib/gcc/nios2-elf/4.1.2/../../../../nios2-elf/lib/mno-hw-mul\libc.a(lib_a-memset.o)
                0x020025a4                memset
 .text          0x0200263c      0x14c c:/altera/13.0sp1/nios2eds/bin/gnu/h-i686-mingw32/bin/../lib/gcc/nios2-elf/4.1.2/../../../../nios2-elf/lib/mno-hw-mul\libc.a(lib_a-stdio.o)
                0x0200263c                __sclose
                0x02002644                __sseek
                0x020026ac                __swrite
                0x02002728                __sread
 .text          0x02002788       0x78 c:/altera/13.0sp1/nios2eds/bin/gnu/h-i686-mingw32/bin/../lib/gcc/nios2-elf/4.1.2/../../../../nios2-elf/lib/mno-hw-mul\libc.a(lib_a-writer.o)
                0x02002788                _write_r
 .text          0x02002800       0x70 c:/altera/13.0sp1/nios2eds/bin/gnu/h-i686-mingw32/bin/../lib/gcc/nios2-elf/4.1.2/../../../../nios2-elf/lib/mno-hw-mul\libc.a(lib_a-closer.o)
                0x02002800                _close_r
 .text          0x02002870      0x124 c:/altera/13.0sp1/nios2eds/bin/gnu/h-i686-mingw32/bin/../lib/gcc/nios2-elf/4.1.2/../../../../nios2-elf/lib/mno-hw-mul\libc.a(lib_a-fclose.o)
                0x02002870                _fclose_r
                0x02002980                fclose
 .text          0x02002994       0x74 c:/altera/13.0sp1/nios2eds/bin/gnu/h-i686-mingw32/bin/../lib/gcc/nios2-elf/4.1.2/../../../../nios2-elf/lib/mno-hw-mul\libc.a(lib_a-fstatr.o)
                0x02002994                _fstat_r
 .text          0x02002a08       0x70 c:/altera/13.0sp1/nios2eds/bin/gnu/h-i686-mingw32/bin/../lib/gcc/nios2-elf/4.1.2/../../../../nios2-elf/lib/mno-hw-mul\libc.a(lib_a-isattyr.o)
                0x02002a08                _isatty_r
 .text          0x02002a78       0x78 c:/altera/13.0sp1/nios2eds/bin/gnu/h-i686-mingw32/bin/../lib/gcc/nios2-elf/4.1.2/../../../../nios2-elf/lib/mno-hw-mul\libc.a(lib_a-lseekr.o)
                0x02002a78                _lseek_r
 .text          0x02002af0       0x78 c:/altera/13.0sp1/nios2eds/bin/gnu/h-i686-mingw32/bin/../lib/gcc/nios2-elf/4.1.2/../../../../nios2-elf/lib/mno-hw-mul\libc.a(lib_a-readr.o)
                0x02002af0                _read_r
 .text          0x02002b68       0x38 c:/altera/13.0sp1/nios2eds/bin/gnu/h-i686-mingw32/bin/../lib/gcc/nios2-elf/4.1.2/mno-hw-mul\libgcc.a(lib2-mul.o)
                0x02002b68                __mulsi3
 .text          0x02002ba0      0x160 C:/Users/Francisco/Desktop/DE2_70_D5M/Eclipse/Software/Teste_bsp/\libhal_bsp.a(alt_close.o)
                0x02002ba0                close
 .text          0x02002d00       0x2c C:/Users/Francisco/Desktop/DE2_70_D5M/Eclipse/Software/Teste_bsp/\libhal_bsp.a(alt_dev.o)
 .text          0x02002d2c        0x0 C:/Users/Francisco/Desktop/DE2_70_D5M/Eclipse/Software/Teste_bsp/\libhal_bsp.a(alt_errno.o)
 .text          0x02002d2c      0x138 C:/Users/Francisco/Desktop/DE2_70_D5M/Eclipse/Software/Teste_bsp/\libhal_bsp.a(alt_fstat.o)
                0x02002d2c                fstat
 .text          0x02002e64      0x124 C:/Users/Francisco/Desktop/DE2_70_D5M/Eclipse/Software/Teste_bsp/\libhal_bsp.a(alt_isatty.o)
                0x02002e64                isatty
 .text          0x02002f88       0xec C:/Users/Francisco/Desktop/DE2_70_D5M/Eclipse/Software/Teste_bsp/\libhal_bsp.a(alt_load.o)
                0x02002f88                alt_load
 .text          0x02003074      0x154 C:/Users/Francisco/Desktop/DE2_70_D5M/Eclipse/Software/Teste_bsp/\libhal_bsp.a(alt_lseek.o)
                0x02003074                lseek
 .text          0x020031c8       0x6c C:/Users/Francisco/Desktop/DE2_70_D5M/Eclipse/Software/Teste_bsp/\libhal_bsp.a(alt_main.o)
                0x020031c8                alt_main
 .text          0x02003234       0x40 C:/Users/Francisco/Desktop/DE2_70_D5M/Eclipse/Software/Teste_bsp/\libhal_bsp.a(alt_malloc_lock.o)
                0x02003234                __malloc_lock
                0x02003254                __malloc_unlock
 .text          0x02003274      0x184 C:/Users/Francisco/Desktop/DE2_70_D5M/Eclipse/Software/Teste_bsp/\libhal_bsp.a(alt_read.o)
                0x02003274                read
 .text          0x020033f8       0x78 C:/Users/Francisco/Desktop/DE2_70_D5M/Eclipse/Software/Teste_bsp/\libhal_bsp.a(alt_release_fd.o)
                0x020033f8                alt_release_fd
 .text          0x02003470       0xbc C:/Users/Francisco/Desktop/DE2_70_D5M/Eclipse/Software/Teste_bsp/\libhal_bsp.a(alt_sbrk.o)
                0x02003470                sbrk
 .text          0x0200352c      0x184 C:/Users/Francisco/Desktop/DE2_70_D5M/Eclipse/Software/Teste_bsp/\libhal_bsp.a(alt_write.o)
                0x0200352c                write
 .text          0x020036b0      0x2b4 C:/Users/Francisco/Desktop/DE2_70_D5M/Eclipse/Software/Teste_bsp/\libhal_bsp.a(alt_sys_init.o)
                0x020036b0                alt_irq_init
                0x020036e4                alt_sys_init
 .text          0x02003964      0x148 C:/Users/Francisco/Desktop/DE2_70_D5M/Eclipse/Software/Teste_bsp/\libhal_bsp.a(altera_avalon_jtag_uart_fd.o)
                0x02003964                altera_avalon_jtag_uart_read_fd
                0x020039bc                altera_avalon_jtag_uart_write_fd
                0x02003a14                altera_avalon_jtag_uart_close_fd
                0x02003a5c                altera_avalon_jtag_uart_ioctl_fd
 .text          0x02003aac      0x40c C:/Users/Francisco/Desktop/DE2_70_D5M/Eclipse/Software/Teste_bsp/\libhal_bsp.a(altera_avalon_jtag_uart_init.o)
                0x02003aac                altera_avalon_jtag_uart_init
                0x02003e44                altera_avalon_jtag_uart_close
 .text          0x02003eb8       0xf4 C:/Users/Francisco/Desktop/DE2_70_D5M/Eclipse/Software/Teste_bsp/\libhal_bsp.a(altera_avalon_jtag_uart_ioctl.o)
                0x02003eb8                altera_avalon_jtag_uart_ioctl
 .text          0x02003fac      0x224 C:/Users/Francisco/Desktop/DE2_70_D5M/Eclipse/Software/Teste_bsp/\libhal_bsp.a(altera_avalon_jtag_uart_read.o)
                0x02003fac                altera_avalon_jtag_uart_read
 .text          0x020041d0      0x240 C:/Users/Francisco/Desktop/DE2_70_D5M/Eclipse/Software/Teste_bsp/\libhal_bsp.a(altera_avalon_jtag_uart_write.o)
                0x020041d0                altera_avalon_jtag_uart_write
 .text          0x02004410      0x154 C:/Users/Francisco/Desktop/DE2_70_D5M/Eclipse/Software/Teste_bsp/\libhal_bsp.a(alt_alarm_start.o)
                0x02004410                alt_alarm_start
 .text          0x02004564       0x1c C:/Users/Francisco/Desktop/DE2_70_D5M/Eclipse/Software/Teste_bsp/\libhal_bsp.a(alt_dcache_flush_all.o)
                0x02004564                alt_dcache_flush_all
 .text          0x02004580      0x114 C:/Users/Francisco/Desktop/DE2_70_D5M/Eclipse/Software/Teste_bsp/\libhal_bsp.a(alt_dev_llist_insert.o)
                0x02004580                alt_dev_llist_insert
 .text          0x02004694       0x64 C:/Users/Francisco/Desktop/DE2_70_D5M/Eclipse/Software/Teste_bsp/\libhal_bsp.a(alt_do_ctors.o)
                0x02004694                _do_ctors
 .text          0x020046f8       0x64 C:/Users/Francisco/Desktop/DE2_70_D5M/Eclipse/Software/Teste_bsp/\libhal_bsp.a(alt_do_dtors.o)
                0x020046f8                _do_dtors
 .text          0x0200475c       0x1c C:/Users/Francisco/Desktop/DE2_70_D5M/Eclipse/Software/Teste_bsp/\libhal_bsp.a(alt_icache_flush_all.o)
                0x0200475c                alt_icache_flush_all
 .text          0x02004778      0x1d4 C:/Users/Francisco/Desktop/DE2_70_D5M/Eclipse/Software/Teste_bsp/\libhal_bsp.a(alt_iic.o)
                0x02004778                alt_ic_isr_register
                0x020047c8                alt_ic_irq_enable
                0x02004864                alt_ic_irq_disable
                0x02004904                alt_ic_irq_enabled
 .text          0x0200494c       0xf8 C:/Users/Francisco/Desktop/DE2_70_D5M/Eclipse/Software/Teste_bsp/\libhal_bsp.a(alt_iic_isr_register.o)
                0x0200494c                alt_iic_isr_register
 .text          0x02004a44      0x150 C:/Users/Francisco/Desktop/DE2_70_D5M/Eclipse/Software/Teste_bsp/\libhal_bsp.a(alt_io_redirect.o)
                0x02004b1c                alt_io_redirect
 .text          0x02004b94        0x0 C:/Users/Francisco/Desktop/DE2_70_D5M/Eclipse/Software/Teste_bsp/\libhal_bsp.a(alt_irq_entry.o)
 .text          0x02004b94        0x0 C:/Users/Francisco/Desktop/DE2_70_D5M/Eclipse/Software/Teste_bsp/\libhal_bsp.a(alt_irq_handler.o)
 .text          0x02004b94        0x0 C:/Users/Francisco/Desktop/DE2_70_D5M/Eclipse/Software/Teste_bsp/\libhal_bsp.a(alt_irq_vars.o)
 .text          0x02004b94      0x2e4 C:/Users/Francisco/Desktop/DE2_70_D5M/Eclipse/Software/Teste_bsp/\libhal_bsp.a(alt_open.o)
                0x02004c8c                open
 .text          0x02004e78      0x1a4 C:/Users/Francisco/Desktop/DE2_70_D5M/Eclipse/Software/Teste_bsp/\libhal_bsp.a(alt_tick.o)
                0x02004e78                alt_alarm_stop
                0x02004f10                alt_tick
 .text          0x0200501c       0x20 C:/Users/Francisco/Desktop/DE2_70_D5M/Eclipse/Software/Teste_bsp/\libhal_bsp.a(altera_nios2_qsys_irq.o)
                0x0200501c                altera_nios2_qsys_irq_init
 .text          0x0200503c        0x0 C:/Users/Francisco/Desktop/DE2_70_D5M/Eclipse/Software/Teste_bsp/\libhal_bsp.a(alt_exception_entry.o)
 .text          0x0200503c       0x94 C:/Users/Francisco/Desktop/DE2_70_D5M/Eclipse/Software/Teste_bsp/\libhal_bsp.a(alt_find_dev.o)
                0x0200503c                alt_find_dev
 .text          0x020050d0      0x120 C:/Users/Francisco/Desktop/DE2_70_D5M/Eclipse/Software/Teste_bsp/\libhal_bsp.a(alt_find_file.o)
                0x020050d0                alt_find_file
 .text          0x020051f0       0xd0 C:/Users/Francisco/Desktop/DE2_70_D5M/Eclipse/Software/Teste_bsp/\libhal_bsp.a(alt_get_fd.o)
                0x020051f0                alt_get_fd
 .text          0x020052c0       0x14 c:/altera/13.0sp1/nios2eds/bin/gnu/h-i686-mingw32/bin/../lib/gcc/nios2-elf/4.1.2/../../../../nios2-elf/lib/mno-hw-mul\libc.a(lib_a-atexit.o)
                0x020052c0                atexit
 .text          0x020052d4       0x38 c:/altera/13.0sp1/nios2eds/bin/gnu/h-i686-mingw32/bin/../lib/gcc/nios2-elf/4.1.2/../../../../nios2-elf/lib/mno-hw-mul\libc.a(lib_a-exit.o)
                0x020052d4                exit
 .text          0x0200530c       0x74 c:/altera/13.0sp1/nios2eds/bin/gnu/h-i686-mingw32/bin/../lib/gcc/nios2-elf/4.1.2/../../../../nios2-elf/lib/mno-hw-mul\libc.a(lib_a-memcmp.o)
                0x0200530c                memcmp
 .text          0x02005380      0x134 c:/altera/13.0sp1/nios2eds/bin/gnu/h-i686-mingw32/bin/../lib/gcc/nios2-elf/4.1.2/../../../../nios2-elf/lib/mno-hw-mul\libc.a(lib_a-__atexit.o)
                0x02005380                __register_exitproc
 .text          0x020054b4      0x1b4 c:/altera/13.0sp1/nios2eds/bin/gnu/h-i686-mingw32/bin/../lib/gcc/nios2-elf/4.1.2/../../../../nios2-elf/lib/mno-hw-mul\libc.a(lib_a-__call_atexit.o)
                0x020054b8                __call_exitprocs
 .text          0x02005668       0x60 C:/Users/Francisco/Desktop/DE2_70_D5M/Eclipse/Software/Teste_bsp/\libhal_bsp.a(alt_exit.o)
                0x020056a8                _exit
 *(.gnu.warning.*)
 *(.fini)
                0x020056c8                PROVIDE (__etext, ABSOLUTE (.))
                0x020056c8                PROVIDE (_etext, ABSOLUTE (.))
                0x020056c8                PROVIDE (etext, ABSOLUTE (.))
 *(.eh_frame_hdr)
                0x020056c8                . = ALIGN (0x4)
                0x020056c8                PROVIDE (__preinit_array_start, ABSOLUTE (.))
 *(.preinit_array)
                0x020056c8                PROVIDE (__preinit_array_end, ABSOLUTE (.))
                0x020056c8                PROVIDE (__init_array_start, ABSOLUTE (.))
 *(.init_array)
                0x020056c8                PROVIDE (__init_array_end, ABSOLUTE (.))
                0x020056c8                PROVIDE (__fini_array_start, ABSOLUTE (.))
 *(.fini_array)
                0x020056c8                PROVIDE (__fini_array_end, ABSOLUTE (.))
 *(.eh_frame)
 *(.gcc_except_table)
 *(.dynamic)
                0x020056c8                PROVIDE (__CTOR_LIST__, ABSOLUTE (.))
 *(.ctors)
 *(SORT(.ctors.*))
 .ctors.65535   0x020056c8        0x4 c:/altera/13.0sp1/nios2eds/bin/gnu/h-i686-mingw32/bin/../lib/gcc/nios2-elf/4.1.2/../../../../nios2-elf/lib/mno-hw-mul\libc.a(lib_a-__call_atexit.o)
                0x020056cc                PROVIDE (__CTOR_END__, ABSOLUTE (.))
                0x020056cc                PROVIDE (__DTOR_LIST__, ABSOLUTE (.))
 *(.dtors)
 *(SORT(.dtors.*))
                0x020056cc                PROVIDE (__DTOR_END__, ABSOLUTE (.))
 *(.jcr)
                0x020056cc                . = ALIGN (0x4)

.rodata         0x020056cc       0x70
                0x020056cc                PROVIDE (__ram_rodata_start, ABSOLUTE (.))
                0x020056cc                . = ALIGN (0x4)
 *(.rodata .rodata.* .gnu.linkonce.r.*)
 .rodata        0x020056cc       0x14 obj/default/hello_world.o
 .rodata.str1.4
                0x020056e0        0x2 c:/altera/13.0sp1/nios2eds/bin/gnu/h-i686-mingw32/bin/../lib/gcc/nios2-elf/4.1.2/../../../../nios2-elf/lib/mno-hw-mul\libc.a(lib_a-puts.o)
                                  0x4 (size before relaxing)
 *fill*         0x020056e2        0x2 00
 .rodata.str1.4
                0x020056e4        0x4 c:/altera/13.0sp1/nios2eds/bin/gnu/h-i686-mingw32/bin/../lib/gcc/nios2-elf/4.1.2/../../../../nios2-elf/lib/mno-hw-mul\libc.a(lib_a-impure.o)
 .rodata        0x020056e8        0xc C:/Users/Francisco/Desktop/DE2_70_D5M/Eclipse/Software/Teste_bsp/\libhal_bsp.a(alt_dev.o)
 .rodata        0x020056f4       0x10 C:/Users/Francisco/Desktop/DE2_70_D5M/Eclipse/Software/Teste_bsp/\libhal_bsp.a(alt_main.o)
 .rodata        0x02005704       0x38 C:/Users/Francisco/Desktop/DE2_70_D5M/Eclipse/Software/Teste_bsp/\libhal_bsp.a(alt_sys_init.o)
 *(.rodata1)
                0x0200573c                . = ALIGN (0x4)
                0x0200573c                PROVIDE (__ram_rodata_end, ABSOLUTE (.))
                0x020056cc                PROVIDE (__flash_rodata_start, LOADADDR (.rodata))

.rwdata         0x0200573c     0x1acc load address 0x02007208
                0x0200573c                PROVIDE (__ram_rwdata_start, ABSOLUTE (.))
                0x0200573c                . = ALIGN (0x4)
 *(.got.plt)
 *(.got)
 *(.data1)
 *(.data .data.* .gnu.linkonce.d.*)
 .data          0x0200573c        0x0 C:/Users/Francisco/Desktop/DE2_70_D5M/Eclipse/Software/Teste_bsp//obj/HAL/src/crt0.o
 .data          0x0200573c        0x0 obj/default/hello_world.o
 .data          0x0200573c        0x0 c:/altera/13.0sp1/nios2eds/bin/gnu/h-i686-mingw32/bin/../lib/gcc/nios2-elf/4.1.2/../../../../nios2-elf/lib/mno-hw-mul\libc.a(lib_a-puts.o)
 .data          0x0200573c        0x0 c:/altera/13.0sp1/nios2eds/bin/gnu/h-i686-mingw32/bin/../lib/gcc/nios2-elf/4.1.2/../../../../nios2-elf/lib/mno-hw-mul\libc.a(lib_a-strlen.o)
 .data          0x0200573c        0x0 c:/altera/13.0sp1/nios2eds/bin/gnu/h-i686-mingw32/bin/../lib/gcc/nios2-elf/4.1.2/../../../../nios2-elf/lib/mno-hw-mul\libc.a(lib_a-fvwrite.o)
 .data          0x0200573c      0x400 c:/altera/13.0sp1/nios2eds/bin/gnu/h-i686-mingw32/bin/../lib/gcc/nios2-elf/4.1.2/../../../../nios2-elf/lib/mno-hw-mul\libc.a(lib_a-impure.o)
 .data          0x02005b3c      0x408 c:/altera/13.0sp1/nios2eds/bin/gnu/h-i686-mingw32/bin/../lib/gcc/nios2-elf/4.1.2/../../../../nios2-elf/lib/mno-hw-mul\libc.a(lib_a-mallocr.o)
                0x02005b3c                __malloc_av_
 .data          0x02005f44        0x0 c:/altera/13.0sp1/nios2eds/bin/gnu/h-i686-mingw32/bin/../lib/gcc/nios2-elf/4.1.2/../../../../nios2-elf/lib/mno-hw-mul\libc.a(lib_a-memchr.o)
 .data          0x02005f44        0x0 c:/altera/13.0sp1/nios2eds/bin/gnu/h-i686-mingw32/bin/../lib/gcc/nios2-elf/4.1.2/../../../../nios2-elf/lib/mno-hw-mul\libc.a(lib_a-memcpy.o)
 .data          0x02005f44        0x0 c:/altera/13.0sp1/nios2eds/bin/gnu/h-i686-mingw32/bin/../lib/gcc/nios2-elf/4.1.2/../../../../nios2-elf/lib/mno-hw-mul\libc.a(lib_a-memmove.o)
 .data          0x02005f44        0x0 c:/altera/13.0sp1/nios2eds/bin/gnu/h-i686-mingw32/bin/../lib/gcc/nios2-elf/4.1.2/../../../../nios2-elf/lib/mno-hw-mul\libc.a(lib_a-reallocr.o)
 .data          0x02005f44        0x0 c:/altera/13.0sp1/nios2eds/bin/gnu/h-i686-mingw32/bin/../lib/gcc/nios2-elf/4.1.2/../../../../nios2-elf/lib/mno-hw-mul\libc.a(lib_a-sbrkr.o)
 .data          0x02005f44        0x0 c:/altera/13.0sp1/nios2eds/bin/gnu/h-i686-mingw32/bin/../lib/gcc/nios2-elf/4.1.2/../../../../nios2-elf/lib/mno-hw-mul\libc.a(lib_a-wsetup.o)
 .data          0x02005f44        0x0 c:/altera/13.0sp1/nios2eds/bin/gnu/h-i686-mingw32/bin/../lib/gcc/nios2-elf/4.1.2/../../../../nios2-elf/lib/mno-hw-mul\libc.a(lib_a-fflush.o)
 .data          0x02005f44        0x0 c:/altera/13.0sp1/nios2eds/bin/gnu/h-i686-mingw32/bin/../lib/gcc/nios2-elf/4.1.2/../../../../nios2-elf/lib/mno-hw-mul\libc.a(lib_a-findfp.o)
 .data          0x02005f44        0x0 c:/altera/13.0sp1/nios2eds/bin/gnu/h-i686-mingw32/bin/../lib/gcc/nios2-elf/4.1.2/../../../../nios2-elf/lib/mno-hw-mul\libc.a(lib_a-freer.o)
 .data          0x02005f44        0x0 c:/altera/13.0sp1/nios2eds/bin/gnu/h-i686-mingw32/bin/../lib/gcc/nios2-elf/4.1.2/../../../../nios2-elf/lib/mno-hw-mul\libc.a(lib_a-fwalk.o)
 .data          0x02005f44        0x0 c:/altera/13.0sp1/nios2eds/bin/gnu/h-i686-mingw32/bin/../lib/gcc/nios2-elf/4.1.2/../../../../nios2-elf/lib/mno-hw-mul\libc.a(lib_a-int_errno.o)
 .data          0x02005f44        0x0 c:/altera/13.0sp1/nios2eds/bin/gnu/h-i686-mingw32/bin/../lib/gcc/nios2-elf/4.1.2/../../../../nios2-elf/lib/mno-hw-mul\libc.a(lib_a-makebuf.o)
 .data          0x02005f44        0x0 c:/altera/13.0sp1/nios2eds/bin/gnu/h-i686-mingw32/bin/../lib/gcc/nios2-elf/4.1.2/../../../../nios2-elf/lib/mno-hw-mul\libc.a(lib_a-memset.o)
 .data          0x02005f44        0x0 c:/altera/13.0sp1/nios2eds/bin/gnu/h-i686-mingw32/bin/../lib/gcc/nios2-elf/4.1.2/../../../../nios2-elf/lib/mno-hw-mul\libc.a(lib_a-stdio.o)
 .data          0x02005f44        0x0 c:/altera/13.0sp1/nios2eds/bin/gnu/h-i686-mingw32/bin/../lib/gcc/nios2-elf/4.1.2/../../../../nios2-elf/lib/mno-hw-mul\libc.a(lib_a-writer.o)
 .data          0x02005f44        0x0 c:/altera/13.0sp1/nios2eds/bin/gnu/h-i686-mingw32/bin/../lib/gcc/nios2-elf/4.1.2/../../../../nios2-elf/lib/mno-hw-mul\libc.a(lib_a-closer.o)
 .data          0x02005f44        0x0 c:/altera/13.0sp1/nios2eds/bin/gnu/h-i686-mingw32/bin/../lib/gcc/nios2-elf/4.1.2/../../../../nios2-elf/lib/mno-hw-mul\libc.a(lib_a-fclose.o)
 .data          0x02005f44        0x0 c:/altera/13.0sp1/nios2eds/bin/gnu/h-i686-mingw32/bin/../lib/gcc/nios2-elf/4.1.2/../../../../nios2-elf/lib/mno-hw-mul\libc.a(lib_a-fstatr.o)
 .data          0x02005f44        0x0 c:/altera/13.0sp1/nios2eds/bin/gnu/h-i686-mingw32/bin/../lib/gcc/nios2-elf/4.1.2/../../../../nios2-elf/lib/mno-hw-mul\libc.a(lib_a-isattyr.o)
 .data          0x02005f44        0x0 c:/altera/13.0sp1/nios2eds/bin/gnu/h-i686-mingw32/bin/../lib/gcc/nios2-elf/4.1.2/../../../../nios2-elf/lib/mno-hw-mul\libc.a(lib_a-lseekr.o)
 .data          0x02005f44        0x0 c:/altera/13.0sp1/nios2eds/bin/gnu/h-i686-mingw32/bin/../lib/gcc/nios2-elf/4.1.2/../../../../nios2-elf/lib/mno-hw-mul\libc.a(lib_a-readr.o)
 .data          0x02005f44        0x0 c:/altera/13.0sp1/nios2eds/bin/gnu/h-i686-mingw32/bin/../lib/gcc/nios2-elf/4.1.2/mno-hw-mul\libgcc.a(lib2-mul.o)
 .data          0x02005f44        0x0 C:/Users/Francisco/Desktop/DE2_70_D5M/Eclipse/Software/Teste_bsp/\libhal_bsp.a(alt_close.o)
 .data          0x02005f44      0x1a8 C:/Users/Francisco/Desktop/DE2_70_D5M/Eclipse/Software/Teste_bsp/\libhal_bsp.a(alt_dev.o)
                0x02005f44                alt_dev_null
                0x02005f6c                alt_fd_list
 .data          0x020060ec        0x0 C:/Users/Francisco/Desktop/DE2_70_D5M/Eclipse/Software/Teste_bsp/\libhal_bsp.a(alt_errno.o)
 .data          0x020060ec        0x0 C:/Users/Francisco/Desktop/DE2_70_D5M/Eclipse/Software/Teste_bsp/\libhal_bsp.a(alt_fstat.o)
 .data          0x020060ec        0x0 C:/Users/Francisco/Desktop/DE2_70_D5M/Eclipse/Software/Teste_bsp/\libhal_bsp.a(alt_isatty.o)
 .data          0x020060ec        0x0 C:/Users/Francisco/Desktop/DE2_70_D5M/Eclipse/Software/Teste_bsp/\libhal_bsp.a(alt_load.o)
 .data          0x020060ec        0x0 C:/Users/Francisco/Desktop/DE2_70_D5M/Eclipse/Software/Teste_bsp/\libhal_bsp.a(alt_lseek.o)
 .data          0x020060ec        0x0 C:/Users/Francisco/Desktop/DE2_70_D5M/Eclipse/Software/Teste_bsp/\libhal_bsp.a(alt_main.o)
 .data          0x020060ec        0x0 C:/Users/Francisco/Desktop/DE2_70_D5M/Eclipse/Software/Teste_bsp/\libhal_bsp.a(alt_malloc_lock.o)
 .data          0x020060ec        0x0 C:/Users/Francisco/Desktop/DE2_70_D5M/Eclipse/Software/Teste_bsp/\libhal_bsp.a(alt_read.o)
 .data          0x020060ec        0x0 C:/Users/Francisco/Desktop/DE2_70_D5M/Eclipse/Software/Teste_bsp/\libhal_bsp.a(alt_release_fd.o)
 .data          0x020060ec        0x0 C:/Users/Francisco/Desktop/DE2_70_D5M/Eclipse/Software/Teste_bsp/\libhal_bsp.a(alt_sbrk.o)
 .data          0x020060ec        0x0 C:/Users/Francisco/Desktop/DE2_70_D5M/Eclipse/Software/Teste_bsp/\libhal_bsp.a(alt_write.o)
 .data          0x020060ec     0x10e4 C:/Users/Francisco/Desktop/DE2_70_D5M/Eclipse/Software/Teste_bsp/\libhal_bsp.a(alt_sys_init.o)
 .data          0x020071d0        0x0 C:/Users/Francisco/Desktop/DE2_70_D5M/Eclipse/Software/Teste_bsp/\libhal_bsp.a(altera_avalon_jtag_uart_fd.o)
 .data          0x020071d0        0x0 C:/Users/Francisco/Desktop/DE2_70_D5M/Eclipse/Software/Teste_bsp/\libhal_bsp.a(altera_avalon_jtag_uart_init.o)
 .data          0x020071d0        0x0 C:/Users/Francisco/Desktop/DE2_70_D5M/Eclipse/Software/Teste_bsp/\libhal_bsp.a(altera_avalon_jtag_uart_ioctl.o)
 .data          0x020071d0        0x0 C:/Users/Francisco/Desktop/DE2_70_D5M/Eclipse/Software/Teste_bsp/\libhal_bsp.a(altera_avalon_jtag_uart_read.o)
 .data          0x020071d0        0x0 C:/Users/Francisco/Desktop/DE2_70_D5M/Eclipse/Software/Teste_bsp/\libhal_bsp.a(altera_avalon_jtag_uart_write.o)
 .data          0x020071d0        0x0 C:/Users/Francisco/Desktop/DE2_70_D5M/Eclipse/Software/Teste_bsp/\libhal_bsp.a(alt_alarm_start.o)
 .data          0x020071d0        0x0 C:/Users/Francisco/Desktop/DE2_70_D5M/Eclipse/Software/Teste_bsp/\libhal_bsp.a(alt_dcache_flush_all.o)
 .data          0x020071d0        0x0 C:/Users/Francisco/Desktop/DE2_70_D5M/Eclipse/Software/Teste_bsp/\libhal_bsp.a(alt_dev_llist_insert.o)
 .data          0x020071d0        0x0 C:/Users/Francisco/Desktop/DE2_70_D5M/Eclipse/Software/Teste_bsp/\libhal_bsp.a(alt_do_ctors.o)
 .data          0x020071d0        0x0 C:/Users/Francisco/Desktop/DE2_70_D5M/Eclipse/Software/Teste_bsp/\libhal_bsp.a(alt_do_dtors.o)
 .data          0x020071d0        0x0 C:/Users/Francisco/Desktop/DE2_70_D5M/Eclipse/Software/Teste_bsp/\libhal_bsp.a(alt_icache_flush_all.o)
 .data          0x020071d0        0x0 C:/Users/Francisco/Desktop/DE2_70_D5M/Eclipse/Software/Teste_bsp/\libhal_bsp.a(alt_iic.o)
 .data          0x020071d0        0x0 C:/Users/Francisco/Desktop/DE2_70_D5M/Eclipse/Software/Teste_bsp/\libhal_bsp.a(alt_iic_isr_register.o)
 .data          0x020071d0        0x0 C:/Users/Francisco/Desktop/DE2_70_D5M/Eclipse/Software/Teste_bsp/\libhal_bsp.a(alt_io_redirect.o)
 .data          0x020071d0        0x0 C:/Users/Francisco/Desktop/DE2_70_D5M/Eclipse/Software/Teste_bsp/\libhal_bsp.a(alt_irq_entry.o)
 .data          0x020071d0        0x0 C:/Users/Francisco/Desktop/DE2_70_D5M/Eclipse/Software/Teste_bsp/\libhal_bsp.a(alt_irq_handler.o)
 .data          0x020071d0        0x0 C:/Users/Francisco/Desktop/DE2_70_D5M/Eclipse/Software/Teste_bsp/\libhal_bsp.a(alt_irq_vars.o)
 .data          0x020071d0        0x0 C:/Users/Francisco/Desktop/DE2_70_D5M/Eclipse/Software/Teste_bsp/\libhal_bsp.a(alt_open.o)
 .data          0x020071d0        0x0 C:/Users/Francisco/Desktop/DE2_70_D5M/Eclipse/Software/Teste_bsp/\libhal_bsp.a(alt_tick.o)
 .data          0x020071d0        0x0 C:/Users/Francisco/Desktop/DE2_70_D5M/Eclipse/Software/Teste_bsp/\libhal_bsp.a(altera_nios2_qsys_irq.o)
 .data          0x020071d0        0x0 C:/Users/Francisco/Desktop/DE2_70_D5M/Eclipse/Software/Teste_bsp/\libhal_bsp.a(alt_exception_entry.o)
 .data          0x020071d0        0x0 C:/Users/Francisco/Desktop/DE2_70_D5M/Eclipse/Software/Teste_bsp/\libhal_bsp.a(alt_find_dev.o)
 .data          0x020071d0        0x0 C:/Users/Francisco/Desktop/DE2_70_D5M/Eclipse/Software/Teste_bsp/\libhal_bsp.a(alt_find_file.o)
 .data          0x020071d0        0x0 C:/Users/Francisco/Desktop/DE2_70_D5M/Eclipse/Software/Teste_bsp/\libhal_bsp.a(alt_get_fd.o)
 .data          0x020071d0        0x0 c:/altera/13.0sp1/nios2eds/bin/gnu/h-i686-mingw32/bin/../lib/gcc/nios2-elf/4.1.2/../../../../nios2-elf/lib/mno-hw-mul\libc.a(lib_a-atexit.o)
 .data          0x020071d0        0x0 c:/altera/13.0sp1/nios2eds/bin/gnu/h-i686-mingw32/bin/../lib/gcc/nios2-elf/4.1.2/../../../../nios2-elf/lib/mno-hw-mul\libc.a(lib_a-exit.o)
 .data          0x020071d0        0x0 c:/altera/13.0sp1/nios2eds/bin/gnu/h-i686-mingw32/bin/../lib/gcc/nios2-elf/4.1.2/../../../../nios2-elf/lib/mno-hw-mul\libc.a(lib_a-memcmp.o)
 .data          0x020071d0        0x0 c:/altera/13.0sp1/nios2eds/bin/gnu/h-i686-mingw32/bin/../lib/gcc/nios2-elf/4.1.2/../../../../nios2-elf/lib/mno-hw-mul\libc.a(lib_a-__atexit.o)
 .data          0x020071d0        0x0 c:/altera/13.0sp1/nios2eds/bin/gnu/h-i686-mingw32/bin/../lib/gcc/nios2-elf/4.1.2/../../../../nios2-elf/lib/mno-hw-mul\libc.a(lib_a-__call_atexit.o)
 .data          0x020071d0        0x0 C:/Users/Francisco/Desktop/DE2_70_D5M/Eclipse/Software/Teste_bsp/\libhal_bsp.a(alt_exit.o)
                0x0200f1d0                _gp = ABSOLUTE ((. + 0x8000))
                0x0200f1d0                PROVIDE (gp, _gp)
 *(.rwdata .rwdata.*)
 *(.sdata .sdata.* .gnu.linkonce.s.*)
 .sdata         0x020071d0        0x8 c:/altera/13.0sp1/nios2eds/bin/gnu/h-i686-mingw32/bin/../lib/gcc/nios2-elf/4.1.2/../../../../nios2-elf/lib/mno-hw-mul\libc.a(lib_a-impure.o)
                0x020071d0                _impure_ptr
                0x020071d4                _global_impure_ptr
 .sdata         0x020071d8        0x8 c:/altera/13.0sp1/nios2eds/bin/gnu/h-i686-mingw32/bin/../lib/gcc/nios2-elf/4.1.2/../../../../nios2-elf/lib/mno-hw-mul\libc.a(lib_a-mallocr.o)
                0x020071d8                __malloc_trim_threshold
                0x020071dc                __malloc_sbrk_base
 .sdata         0x020071e0       0x14 C:/Users/Francisco/Desktop/DE2_70_D5M/Eclipse/Software/Teste_bsp/\libhal_bsp.a(alt_dev.o)
                0x020071e0                alt_fs_list
                0x020071e8                alt_dev_list
                0x020071f0                alt_max_fd
 .sdata         0x020071f4        0x4 C:/Users/Francisco/Desktop/DE2_70_D5M/Eclipse/Software/Teste_bsp/\libhal_bsp.a(alt_errno.o)
                0x020071f4                alt_errno
 .sdata         0x020071f8        0x4 C:/Users/Francisco/Desktop/DE2_70_D5M/Eclipse/Software/Teste_bsp/\libhal_bsp.a(alt_sbrk.o)
 .sdata         0x020071fc        0x4 C:/Users/Francisco/Desktop/DE2_70_D5M/Eclipse/Software/Teste_bsp/\libhal_bsp.a(alt_irq_vars.o)
                0x020071fc                alt_priority_mask
 .sdata         0x02007200        0x8 C:/Users/Francisco/Desktop/DE2_70_D5M/Eclipse/Software/Teste_bsp/\libhal_bsp.a(alt_tick.o)
                0x02007200                alt_alarm_list
 *(.sdata2 .sdata2.* .gnu.linkonce.s2.*)
                0x02007208                . = ALIGN (0x4)
                0x02007208                _edata = ABSOLUTE (.)
                0x02007208                PROVIDE (edata, ABSOLUTE (.))
                0x02007208                PROVIDE (__ram_rwdata_end, ABSOLUTE (.))
                0x02007208                PROVIDE (__flash_rwdata_start, LOADADDR (.rwdata))

.bss            0x02008cd4      0x2e0
                0x02008cd4                __bss_start = ABSOLUTE (.)
                0x02008cd4                PROVIDE (__sbss_start, ABSOLUTE (.))
                0x02008cd4                PROVIDE (___sbss_start, ABSOLUTE (.))
 *(.dynsbss)
 *(.sbss .sbss.* .gnu.linkonce.sb.*)
 .sbss          0x02008cd4        0xc c:/altera/13.0sp1/nios2eds/bin/gnu/h-i686-mingw32/bin/../lib/gcc/nios2-elf/4.1.2/../../../../nios2-elf/lib/mno-hw-mul\libc.a(lib_a-mallocr.o)
                0x02008cd4                __malloc_top_pad
                0x02008cd8                __malloc_max_sbrked_mem
                0x02008cdc                __malloc_max_total_mem
 .sbss          0x02008ce0        0x4 c:/altera/13.0sp1/nios2eds/bin/gnu/h-i686-mingw32/bin/../lib/gcc/nios2-elf/4.1.2/../../../../nios2-elf/lib/mno-hw-mul\libc.a(lib_a-int_errno.o)
                0x02008ce0                errno
 .sbss          0x02008ce4        0xc C:/Users/Francisco/Desktop/DE2_70_D5M/Eclipse/Software/Teste_bsp/\libhal_bsp.a(alt_main.o)
                0x02008ce4                alt_argc
                0x02008ce8                alt_argv
                0x02008cec                alt_envp
 .sbss          0x02008cf0        0x4 C:/Users/Francisco/Desktop/DE2_70_D5M/Eclipse/Software/Teste_bsp/\libhal_bsp.a(alt_irq_vars.o)
                0x02008cf0                alt_irq_active
 .sbss          0x02008cf4        0x8 C:/Users/Francisco/Desktop/DE2_70_D5M/Eclipse/Software/Teste_bsp/\libhal_bsp.a(alt_tick.o)
                0x02008cf4                _alt_tick_rate
                0x02008cf8                _alt_nticks
 *(.sbss2 .sbss2.* .gnu.linkonce.sb2.*)
 *(.scommon)
                0x02008cfc                PROVIDE (__sbss_end, ABSOLUTE (.))
                0x02008cfc                PROVIDE (___sbss_end, ABSOLUTE (.))
 *(.dynbss)
 *(.bss .bss.* .gnu.linkonce.b.*)
 .bss           0x02008cfc        0x0 C:/Users/Francisco/Desktop/DE2_70_D5M/Eclipse/Software/Teste_bsp//obj/HAL/src/crt0.o
 .bss           0x02008cfc        0x0 obj/default/hello_world.o
 .bss           0x02008cfc        0x0 c:/altera/13.0sp1/nios2eds/bin/gnu/h-i686-mingw32/bin/../lib/gcc/nios2-elf/4.1.2/../../../../nios2-elf/lib/mno-hw-mul\libc.a(lib_a-puts.o)
 .bss           0x02008cfc        0x0 c:/altera/13.0sp1/nios2eds/bin/gnu/h-i686-mingw32/bin/../lib/gcc/nios2-elf/4.1.2/../../../../nios2-elf/lib/mno-hw-mul\libc.a(lib_a-strlen.o)
 .bss           0x02008cfc        0x0 c:/altera/13.0sp1/nios2eds/bin/gnu/h-i686-mingw32/bin/../lib/gcc/nios2-elf/4.1.2/../../../../nios2-elf/lib/mno-hw-mul\libc.a(lib_a-fvwrite.o)
 .bss           0x02008cfc        0x0 c:/altera/13.0sp1/nios2eds/bin/gnu/h-i686-mingw32/bin/../lib/gcc/nios2-elf/4.1.2/../../../../nios2-elf/lib/mno-hw-mul\libc.a(lib_a-impure.o)
 .bss           0x02008cfc       0x28 c:/altera/13.0sp1/nios2eds/bin/gnu/h-i686-mingw32/bin/../lib/gcc/nios2-elf/4.1.2/../../../../nios2-elf/lib/mno-hw-mul\libc.a(lib_a-mallocr.o)
                0x02008cfc                __malloc_current_mallinfo
 .bss           0x02008d24        0x0 c:/altera/13.0sp1/nios2eds/bin/gnu/h-i686-mingw32/bin/../lib/gcc/nios2-elf/4.1.2/../../../../nios2-elf/lib/mno-hw-mul\libc.a(lib_a-memchr.o)
 .bss           0x02008d24        0x0 c:/altera/13.0sp1/nios2eds/bin/gnu/h-i686-mingw32/bin/../lib/gcc/nios2-elf/4.1.2/../../../../nios2-elf/lib/mno-hw-mul\libc.a(lib_a-memcpy.o)
 .bss           0x02008d24        0x0 c:/altera/13.0sp1/nios2eds/bin/gnu/h-i686-mingw32/bin/../lib/gcc/nios2-elf/4.1.2/../../../../nios2-elf/lib/mno-hw-mul\libc.a(lib_a-memmove.o)
 .bss           0x02008d24        0x0 c:/altera/13.0sp1/nios2eds/bin/gnu/h-i686-mingw32/bin/../lib/gcc/nios2-elf/4.1.2/../../../../nios2-elf/lib/mno-hw-mul\libc.a(lib_a-reallocr.o)
 .bss           0x02008d24        0x0 c:/altera/13.0sp1/nios2eds/bin/gnu/h-i686-mingw32/bin/../lib/gcc/nios2-elf/4.1.2/../../../../nios2-elf/lib/mno-hw-mul\libc.a(lib_a-sbrkr.o)
 .bss           0x02008d24        0x0 c:/altera/13.0sp1/nios2eds/bin/gnu/h-i686-mingw32/bin/../lib/gcc/nios2-elf/4.1.2/../../../../nios2-elf/lib/mno-hw-mul\libc.a(lib_a-wsetup.o)
 .bss           0x02008d24        0x0 c:/altera/13.0sp1/nios2eds/bin/gnu/h-i686-mingw32/bin/../lib/gcc/nios2-elf/4.1.2/../../../../nios2-elf/lib/mno-hw-mul\libc.a(lib_a-fflush.o)
 .bss           0x02008d24        0x0 c:/altera/13.0sp1/nios2eds/bin/gnu/h-i686-mingw32/bin/../lib/gcc/nios2-elf/4.1.2/../../../../nios2-elf/lib/mno-hw-mul\libc.a(lib_a-findfp.o)
 .bss           0x02008d24        0x0 c:/altera/13.0sp1/nios2eds/bin/gnu/h-i686-mingw32/bin/../lib/gcc/nios2-elf/4.1.2/../../../../nios2-elf/lib/mno-hw-mul\libc.a(lib_a-freer.o)
 .bss           0x02008d24        0x0 c:/altera/13.0sp1/nios2eds/bin/gnu/h-i686-mingw32/bin/../lib/gcc/nios2-elf/4.1.2/../../../../nios2-elf/lib/mno-hw-mul\libc.a(lib_a-fwalk.o)
 .bss           0x02008d24        0x0 c:/altera/13.0sp1/nios2eds/bin/gnu/h-i686-mingw32/bin/../lib/gcc/nios2-elf/4.1.2/../../../../nios2-elf/lib/mno-hw-mul\libc.a(lib_a-int_errno.o)
 .bss           0x02008d24        0x0 c:/altera/13.0sp1/nios2eds/bin/gnu/h-i686-mingw32/bin/../lib/gcc/nios2-elf/4.1.2/../../../../nios2-elf/lib/mno-hw-mul\libc.a(lib_a-makebuf.o)
 .bss           0x02008d24        0x0 c:/altera/13.0sp1/nios2eds/bin/gnu/h-i686-mingw32/bin/../lib/gcc/nios2-elf/4.1.2/../../../../nios2-elf/lib/mno-hw-mul\libc.a(lib_a-memset.o)
 .bss           0x02008d24        0x0 c:/altera/13.0sp1/nios2eds/bin/gnu/h-i686-mingw32/bin/../lib/gcc/nios2-elf/4.1.2/../../../../nios2-elf/lib/mno-hw-mul\libc.a(lib_a-stdio.o)
 .bss           0x02008d24        0x0 c:/altera/13.0sp1/nios2eds/bin/gnu/h-i686-mingw32/bin/../lib/gcc/nios2-elf/4.1.2/../../../../nios2-elf/lib/mno-hw-mul\libc.a(lib_a-writer.o)
 .bss           0x02008d24        0x0 c:/altera/13.0sp1/nios2eds/bin/gnu/h-i686-mingw32/bin/../lib/gcc/nios2-elf/4.1.2/../../../../nios2-elf/lib/mno-hw-mul\libc.a(lib_a-closer.o)
 .bss           0x02008d24        0x0 c:/altera/13.0sp1/nios2eds/bin/gnu/h-i686-mingw32/bin/../lib/gcc/nios2-elf/4.1.2/../../../../nios2-elf/lib/mno-hw-mul\libc.a(lib_a-fclose.o)
 .bss           0x02008d24        0x0 c:/altera/13.0sp1/nios2eds/bin/gnu/h-i686-mingw32/bin/../lib/gcc/nios2-elf/4.1.2/../../../../nios2-elf/lib/mno-hw-mul\libc.a(lib_a-fstatr.o)
 .bss           0x02008d24        0x0 c:/altera/13.0sp1/nios2eds/bin/gnu/h-i686-mingw32/bin/../lib/gcc/nios2-elf/4.1.2/../../../../nios2-elf/lib/mno-hw-mul\libc.a(lib_a-isattyr.o)
 .bss           0x02008d24        0x0 c:/altera/13.0sp1/nios2eds/bin/gnu/h-i686-mingw32/bin/../lib/gcc/nios2-elf/4.1.2/../../../../nios2-elf/lib/mno-hw-mul\libc.a(lib_a-lseekr.o)
 .bss           0x02008d24        0x0 c:/altera/13.0sp1/nios2eds/bin/gnu/h-i686-mingw32/bin/../lib/gcc/nios2-elf/4.1.2/../../../../nios2-elf/lib/mno-hw-mul\libc.a(lib_a-readr.o)
 .bss           0x02008d24        0x0 c:/altera/13.0sp1/nios2eds/bin/gnu/h-i686-mingw32/bin/../lib/gcc/nios2-elf/4.1.2/mno-hw-mul\libgcc.a(lib2-mul.o)
 .bss           0x02008d24        0x0 C:/Users/Francisco/Desktop/DE2_70_D5M/Eclipse/Software/Teste_bsp/\libhal_bsp.a(alt_close.o)
 .bss           0x02008d24        0x0 C:/Users/Francisco/Desktop/DE2_70_D5M/Eclipse/Software/Teste_bsp/\libhal_bsp.a(alt_dev.o)
 .bss           0x02008d24        0x0 C:/Users/Francisco/Desktop/DE2_70_D5M/Eclipse/Software/Teste_bsp/\libhal_bsp.a(alt_errno.o)
 .bss           0x02008d24        0x0 C:/Users/Francisco/Desktop/DE2_70_D5M/Eclipse/Software/Teste_bsp/\libhal_bsp.a(alt_fstat.o)
 .bss           0x02008d24        0x0 C:/Users/Francisco/Desktop/DE2_70_D5M/Eclipse/Software/Teste_bsp/\libhal_bsp.a(alt_isatty.o)
 .bss           0x02008d24        0x0 C:/Users/Francisco/Desktop/DE2_70_D5M/Eclipse/Software/Teste_bsp/\libhal_bsp.a(alt_load.o)
 .bss           0x02008d24        0x0 C:/Users/Francisco/Desktop/DE2_70_D5M/Eclipse/Software/Teste_bsp/\libhal_bsp.a(alt_lseek.o)
 .bss           0x02008d24        0x0 C:/Users/Francisco/Desktop/DE2_70_D5M/Eclipse/Software/Teste_bsp/\libhal_bsp.a(alt_main.o)
 .bss           0x02008d24        0x0 C:/Users/Francisco/Desktop/DE2_70_D5M/Eclipse/Software/Teste_bsp/\libhal_bsp.a(alt_malloc_lock.o)
 .bss           0x02008d24        0x0 C:/Users/Francisco/Desktop/DE2_70_D5M/Eclipse/Software/Teste_bsp/\libhal_bsp.a(alt_read.o)
 .bss           0x02008d24        0x0 C:/Users/Francisco/Desktop/DE2_70_D5M/Eclipse/Software/Teste_bsp/\libhal_bsp.a(alt_release_fd.o)
 .bss           0x02008d24        0x0 C:/Users/Francisco/Desktop/DE2_70_D5M/Eclipse/Software/Teste_bsp/\libhal_bsp.a(alt_sbrk.o)
 .bss           0x02008d24        0x0 C:/Users/Francisco/Desktop/DE2_70_D5M/Eclipse/Software/Teste_bsp/\libhal_bsp.a(alt_write.o)
 .bss           0x02008d24        0x0 C:/Users/Francisco/Desktop/DE2_70_D5M/Eclipse/Software/Teste_bsp/\libhal_bsp.a(alt_sys_init.o)
 .bss           0x02008d24        0x0 C:/Users/Francisco/Desktop/DE2_70_D5M/Eclipse/Software/Teste_bsp/\libhal_bsp.a(altera_avalon_jtag_uart_fd.o)
 .bss           0x02008d24        0x0 C:/Users/Francisco/Desktop/DE2_70_D5M/Eclipse/Software/Teste_bsp/\libhal_bsp.a(altera_avalon_jtag_uart_init.o)
 .bss           0x02008d24        0x0 C:/Users/Francisco/Desktop/DE2_70_D5M/Eclipse/Software/Teste_bsp/\libhal_bsp.a(altera_avalon_jtag_uart_ioctl.o)
 .bss           0x02008d24        0x0 C:/Users/Francisco/Desktop/DE2_70_D5M/Eclipse/Software/Teste_bsp/\libhal_bsp.a(altera_avalon_jtag_uart_read.o)
 .bss           0x02008d24        0x0 C:/Users/Francisco/Desktop/DE2_70_D5M/Eclipse/Software/Teste_bsp/\libhal_bsp.a(altera_avalon_jtag_uart_write.o)
 .bss           0x02008d24        0x0 C:/Users/Francisco/Desktop/DE2_70_D5M/Eclipse/Software/Teste_bsp/\libhal_bsp.a(alt_alarm_start.o)
 .bss           0x02008d24        0x0 C:/Users/Francisco/Desktop/DE2_70_D5M/Eclipse/Software/Teste_bsp/\libhal_bsp.a(alt_dcache_flush_all.o)
 .bss           0x02008d24        0x0 C:/Users/Francisco/Desktop/DE2_70_D5M/Eclipse/Software/Teste_bsp/\libhal_bsp.a(alt_dev_llist_insert.o)
 .bss           0x02008d24        0x0 C:/Users/Francisco/Desktop/DE2_70_D5M/Eclipse/Software/Teste_bsp/\libhal_bsp.a(alt_do_ctors.o)
 .bss           0x02008d24        0x0 C:/Users/Francisco/Desktop/DE2_70_D5M/Eclipse/Software/Teste_bsp/\libhal_bsp.a(alt_do_dtors.o)
 .bss           0x02008d24        0x0 C:/Users/Francisco/Desktop/DE2_70_D5M/Eclipse/Software/Teste_bsp/\libhal_bsp.a(alt_icache_flush_all.o)
 .bss           0x02008d24        0x0 C:/Users/Francisco/Desktop/DE2_70_D5M/Eclipse/Software/Teste_bsp/\libhal_bsp.a(alt_iic.o)
 .bss           0x02008d24        0x0 C:/Users/Francisco/Desktop/DE2_70_D5M/Eclipse/Software/Teste_bsp/\libhal_bsp.a(alt_iic_isr_register.o)
 .bss           0x02008d24        0x0 C:/Users/Francisco/Desktop/DE2_70_D5M/Eclipse/Software/Teste_bsp/\libhal_bsp.a(alt_io_redirect.o)
 .bss           0x02008d24        0x0 C:/Users/Francisco/Desktop/DE2_70_D5M/Eclipse/Software/Teste_bsp/\libhal_bsp.a(alt_irq_entry.o)
 .bss           0x02008d24        0x0 C:/Users/Francisco/Desktop/DE2_70_D5M/Eclipse/Software/Teste_bsp/\libhal_bsp.a(alt_irq_handler.o)
 .bss           0x02008d24        0x0 C:/Users/Francisco/Desktop/DE2_70_D5M/Eclipse/Software/Teste_bsp/\libhal_bsp.a(alt_irq_vars.o)
 .bss           0x02008d24        0x0 C:/Users/Francisco/Desktop/DE2_70_D5M/Eclipse/Software/Teste_bsp/\libhal_bsp.a(alt_open.o)
 .bss           0x02008d24        0x0 C:/Users/Francisco/Desktop/DE2_70_D5M/Eclipse/Software/Teste_bsp/\libhal_bsp.a(alt_tick.o)
 .bss           0x02008d24        0x0 C:/Users/Francisco/Desktop/DE2_70_D5M/Eclipse/Software/Teste_bsp/\libhal_bsp.a(altera_nios2_qsys_irq.o)
 .bss           0x02008d24        0x0 C:/Users/Francisco/Desktop/DE2_70_D5M/Eclipse/Software/Teste_bsp/\libhal_bsp.a(alt_exception_entry.o)
 .bss           0x02008d24        0x0 C:/Users/Francisco/Desktop/DE2_70_D5M/Eclipse/Software/Teste_bsp/\libhal_bsp.a(alt_find_dev.o)
 .bss           0x02008d24        0x0 C:/Users/Francisco/Desktop/DE2_70_D5M/Eclipse/Software/Teste_bsp/\libhal_bsp.a(alt_find_file.o)
 .bss           0x02008d24        0x0 C:/Users/Francisco/Desktop/DE2_70_D5M/Eclipse/Software/Teste_bsp/\libhal_bsp.a(alt_get_fd.o)
 .bss           0x02008d24        0x0 c:/altera/13.0sp1/nios2eds/bin/gnu/h-i686-mingw32/bin/../lib/gcc/nios2-elf/4.1.2/../../../../nios2-elf/lib/mno-hw-mul\libc.a(lib_a-atexit.o)
 .bss           0x02008d24        0x0 c:/altera/13.0sp1/nios2eds/bin/gnu/h-i686-mingw32/bin/../lib/gcc/nios2-elf/4.1.2/../../../../nios2-elf/lib/mno-hw-mul\libc.a(lib_a-exit.o)
 .bss           0x02008d24        0x0 c:/altera/13.0sp1/nios2eds/bin/gnu/h-i686-mingw32/bin/../lib/gcc/nios2-elf/4.1.2/../../../../nios2-elf/lib/mno-hw-mul\libc.a(lib_a-memcmp.o)
 .bss           0x02008d24        0x0 c:/altera/13.0sp1/nios2eds/bin/gnu/h-i686-mingw32/bin/../lib/gcc/nios2-elf/4.1.2/../../../../nios2-elf/lib/mno-hw-mul\libc.a(lib_a-__atexit.o)
 .bss           0x02008d24        0x0 c:/altera/13.0sp1/nios2eds/bin/gnu/h-i686-mingw32/bin/../lib/gcc/nios2-elf/4.1.2/../../../../nios2-elf/lib/mno-hw-mul\libc.a(lib_a-__call_atexit.o)
 .bss           0x02008d24        0x0 C:/Users/Francisco/Desktop/DE2_70_D5M/Eclipse/Software/Teste_bsp/\libhal_bsp.a(alt_exit.o)
 *(COMMON)
 COMMON         0x02008d24      0x100 C:/Users/Francisco/Desktop/DE2_70_D5M/Eclipse/Software/Teste_bsp/\libhal_bsp.a(alt_irq_handler.o)
                0x02008d24                alt_irq
 COMMON         0x02008e24      0x190 c:/altera/13.0sp1/nios2eds/bin/gnu/h-i686-mingw32/bin/../lib/gcc/nios2-elf/4.1.2/../../../../nios2-elf/lib/mno-hw-mul\libc.a(lib_a-atexit.o)
                0x02008e24                _atexit0
                0x02008fb4                . = ALIGN (0x4)
                0x02008fb4                __bss_end = ABSOLUTE (.)

.SDRAM          0x02008fb4        0x0
                0x02008fb4                PROVIDE (_alt_partition_SDRAM_start, ABSOLUTE (.))
 *(.SDRAM. SDRAM.*)
                0x02008fb4                . = ALIGN (0x4)
                0x02008fb4                PROVIDE (_alt_partition_SDRAM_end, ABSOLUTE (.))
                0x02008fb4                _end = ABSOLUTE (.)
                0x02008fb4                end = ABSOLUTE (.)
                0x02008fb4                __alt_stack_base = ABSOLUTE (.)
                0x02008fb4                PROVIDE (_alt_partition_SDRAM_load_addr, LOADADDR (.SDRAM))

.Onchip_Memory  0x04004000        0x0 load address 0x02008fb4
                0x04004000                PROVIDE (_alt_partition_Onchip_Memory_start, ABSOLUTE (.))
 *(.Onchip_Memory. Onchip_Memory.*)
                0x04004000                . = ALIGN (0x4)
                0x04004000                PROVIDE (_alt_partition_Onchip_Memory_end, ABSOLUTE (.))
                0x02008fb4                PROVIDE (_alt_partition_Onchip_Memory_load_addr, LOADADDR (.Onchip_Memory))

.stab
 *(.stab)

.stabstr
 *(.stabstr)

.stab.excl
 *(.stab.excl)

.stab.exclstr
 *(.stab.exclstr)

.stab.index
 *(.stab.index)

.stab.indexstr
 *(.stab.indexstr)

.comment        0x00000000       0x26
 *(.comment)
 .comment       0x00000000       0x26 obj/default/hello_world.o
                                 0x27 (size before relaxing)
 .comment       0x00000000       0x27 c:/altera/13.0sp1/nios2eds/bin/gnu/h-i686-mingw32/bin/../lib/gcc/nios2-elf/4.1.2/../../../../nios2-elf/lib/mno-hw-mul\libc.a(lib_a-puts.o)
 .comment       0x00000000       0x27 c:/altera/13.0sp1/nios2eds/bin/gnu/h-i686-mingw32/bin/../lib/gcc/nios2-elf/4.1.2/../../../../nios2-elf/lib/mno-hw-mul\libc.a(lib_a-strlen.o)
 .comment       0x00000000       0x27 c:/altera/13.0sp1/nios2eds/bin/gnu/h-i686-mingw32/bin/../lib/gcc/nios2-elf/4.1.2/../../../../nios2-elf/lib/mno-hw-mul\libc.a(lib_a-fvwrite.o)
 .comment       0x00000000       0x27 c:/altera/13.0sp1/nios2eds/bin/gnu/h-i686-mingw32/bin/../lib/gcc/nios2-elf/4.1.2/../../../../nios2-elf/lib/mno-hw-mul\libc.a(lib_a-impure.o)
 .comment       0x00000000       0x27 c:/altera/13.0sp1/nios2eds/bin/gnu/h-i686-mingw32/bin/../lib/gcc/nios2-elf/4.1.2/../../../../nios2-elf/lib/mno-hw-mul\libc.a(lib_a-mallocr.o)
 .comment       0x00000000       0x27 c:/altera/13.0sp1/nios2eds/bin/gnu/h-i686-mingw32/bin/../lib/gcc/nios2-elf/4.1.2/../../../../nios2-elf/lib/mno-hw-mul\libc.a(lib_a-memchr.o)
 .comment       0x00000000       0x27 c:/altera/13.0sp1/nios2eds/bin/gnu/h-i686-mingw32/bin/../lib/gcc/nios2-elf/4.1.2/../../../../nios2-elf/lib/mno-hw-mul\libc.a(lib_a-memcpy.o)
 .comment       0x00000000       0x27 c:/altera/13.0sp1/nios2eds/bin/gnu/h-i686-mingw32/bin/../lib/gcc/nios2-elf/4.1.2/../../../../nios2-elf/lib/mno-hw-mul\libc.a(lib_a-memmove.o)
 .comment       0x00000000       0x27 c:/altera/13.0sp1/nios2eds/bin/gnu/h-i686-mingw32/bin/../lib/gcc/nios2-elf/4.1.2/../../../../nios2-elf/lib/mno-hw-mul\libc.a(lib_a-reallocr.o)
 .comment       0x00000000       0x27 c:/altera/13.0sp1/nios2eds/bin/gnu/h-i686-mingw32/bin/../lib/gcc/nios2-elf/4.1.2/../../../../nios2-elf/lib/mno-hw-mul\libc.a(lib_a-sbrkr.o)
 .comment       0x00000000       0x27 c:/altera/13.0sp1/nios2eds/bin/gnu/h-i686-mingw32/bin/../lib/gcc/nios2-elf/4.1.2/../../../../nios2-elf/lib/mno-hw-mul\libc.a(lib_a-wsetup.o)
 .comment       0x00000000       0x27 c:/altera/13.0sp1/nios2eds/bin/gnu/h-i686-mingw32/bin/../lib/gcc/nios2-elf/4.1.2/../../../../nios2-elf/lib/mno-hw-mul\libc.a(lib_a-fflush.o)
 .comment       0x00000000       0x27 c:/altera/13.0sp1/nios2eds/bin/gnu/h-i686-mingw32/bin/../lib/gcc/nios2-elf/4.1.2/../../../../nios2-elf/lib/mno-hw-mul\libc.a(lib_a-findfp.o)
 .comment       0x00000000       0x27 c:/altera/13.0sp1/nios2eds/bin/gnu/h-i686-mingw32/bin/../lib/gcc/nios2-elf/4.1.2/../../../../nios2-elf/lib/mno-hw-mul\libc.a(lib_a-freer.o)
 .comment       0x00000000       0x27 c:/altera/13.0sp1/nios2eds/bin/gnu/h-i686-mingw32/bin/../lib/gcc/nios2-elf/4.1.2/../../../../nios2-elf/lib/mno-hw-mul\libc.a(lib_a-fwalk.o)
 .comment       0x00000000       0x27 c:/altera/13.0sp1/nios2eds/bin/gnu/h-i686-mingw32/bin/../lib/gcc/nios2-elf/4.1.2/../../../../nios2-elf/lib/mno-hw-mul\libc.a(lib_a-int_errno.o)
 .comment       0x00000000       0x27 c:/altera/13.0sp1/nios2eds/bin/gnu/h-i686-mingw32/bin/../lib/gcc/nios2-elf/4.1.2/../../../../nios2-elf/lib/mno-hw-mul\libc.a(lib_a-makebuf.o)
 .comment       0x00000000       0x27 c:/altera/13.0sp1/nios2eds/bin/gnu/h-i686-mingw32/bin/../lib/gcc/nios2-elf/4.1.2/../../../../nios2-elf/lib/mno-hw-mul\libc.a(lib_a-memset.o)
 .comment       0x00000000       0x27 c:/altera/13.0sp1/nios2eds/bin/gnu/h-i686-mingw32/bin/../lib/gcc/nios2-elf/4.1.2/../../../../nios2-elf/lib/mno-hw-mul\libc.a(lib_a-stdio.o)
 .comment       0x00000000       0x27 c:/altera/13.0sp1/nios2eds/bin/gnu/h-i686-mingw32/bin/../lib/gcc/nios2-elf/4.1.2/../../../../nios2-elf/lib/mno-hw-mul\libc.a(lib_a-writer.o)
 .comment       0x00000000       0x27 c:/altera/13.0sp1/nios2eds/bin/gnu/h-i686-mingw32/bin/../lib/gcc/nios2-elf/4.1.2/../../../../nios2-elf/lib/mno-hw-mul\libc.a(lib_a-closer.o)
 .comment       0x00000000       0x27 c:/altera/13.0sp1/nios2eds/bin/gnu/h-i686-mingw32/bin/../lib/gcc/nios2-elf/4.1.2/../../../../nios2-elf/lib/mno-hw-mul\libc.a(lib_a-fclose.o)
 .comment       0x00000000       0x27 c:/altera/13.0sp1/nios2eds/bin/gnu/h-i686-mingw32/bin/../lib/gcc/nios2-elf/4.1.2/../../../../nios2-elf/lib/mno-hw-mul\libc.a(lib_a-fstatr.o)
 .comment       0x00000000       0x27 c:/altera/13.0sp1/nios2eds/bin/gnu/h-i686-mingw32/bin/../lib/gcc/nios2-elf/4.1.2/../../../../nios2-elf/lib/mno-hw-mul\libc.a(lib_a-isattyr.o)
 .comment       0x00000000       0x27 c:/altera/13.0sp1/nios2eds/bin/gnu/h-i686-mingw32/bin/../lib/gcc/nios2-elf/4.1.2/../../../../nios2-elf/lib/mno-hw-mul\libc.a(lib_a-lseekr.o)
 .comment       0x00000000       0x27 c:/altera/13.0sp1/nios2eds/bin/gnu/h-i686-mingw32/bin/../lib/gcc/nios2-elf/4.1.2/../../../../nios2-elf/lib/mno-hw-mul\libc.a(lib_a-readr.o)
 .comment       0x00000000       0x27 c:/altera/13.0sp1/nios2eds/bin/gnu/h-i686-mingw32/bin/../lib/gcc/nios2-elf/4.1.2/mno-hw-mul\libgcc.a(lib2-mul.o)
 .comment       0x00000000       0x27 C:/Users/Francisco/Desktop/DE2_70_D5M/Eclipse/Software/Teste_bsp/\libhal_bsp.a(alt_close.o)
 .comment       0x00000000       0x27 C:/Users/Francisco/Desktop/DE2_70_D5M/Eclipse/Software/Teste_bsp/\libhal_bsp.a(alt_dev.o)
 .comment       0x00000000       0x27 C:/Users/Francisco/Desktop/DE2_70_D5M/Eclipse/Software/Teste_bsp/\libhal_bsp.a(alt_errno.o)
 .comment       0x00000000       0x27 C:/Users/Francisco/Desktop/DE2_70_D5M/Eclipse/Software/Teste_bsp/\libhal_bsp.a(alt_fstat.o)
 .comment       0x00000000       0x27 C:/Users/Francisco/Desktop/DE2_70_D5M/Eclipse/Software/Teste_bsp/\libhal_bsp.a(alt_isatty.o)
 .comment       0x00000000       0x27 C:/Users/Francisco/Desktop/DE2_70_D5M/Eclipse/Software/Teste_bsp/\libhal_bsp.a(alt_load.o)
 .comment       0x00000000       0x27 C:/Users/Francisco/Desktop/DE2_70_D5M/Eclipse/Software/Teste_bsp/\libhal_bsp.a(alt_lseek.o)
 .comment       0x00000000       0x27 C:/Users/Francisco/Desktop/DE2_70_D5M/Eclipse/Software/Teste_bsp/\libhal_bsp.a(alt_main.o)
 .comment       0x00000000       0x27 C:/Users/Francisco/Desktop/DE2_70_D5M/Eclipse/Software/Teste_bsp/\libhal_bsp.a(alt_malloc_lock.o)
 .comment       0x00000000       0x27 C:/Users/Francisco/Desktop/DE2_70_D5M/Eclipse/Software/Teste_bsp/\libhal_bsp.a(alt_read.o)
 .comment       0x00000000       0x27 C:/Users/Francisco/Desktop/DE2_70_D5M/Eclipse/Software/Teste_bsp/\libhal_bsp.a(alt_release_fd.o)
 .comment       0x00000000       0x27 C:/Users/Francisco/Desktop/DE2_70_D5M/Eclipse/Software/Teste_bsp/\libhal_bsp.a(alt_sbrk.o)
 .comment       0x00000000       0x27 C:/Users/Francisco/Desktop/DE2_70_D5M/Eclipse/Software/Teste_bsp/\libhal_bsp.a(alt_write.o)
 .comment       0x00000000       0x27 C:/Users/Francisco/Desktop/DE2_70_D5M/Eclipse/Software/Teste_bsp/\libhal_bsp.a(alt_sys_init.o)
 .comment       0x00000000       0x27 C:/Users/Francisco/Desktop/DE2_70_D5M/Eclipse/Software/Teste_bsp/\libhal_bsp.a(altera_avalon_jtag_uart_fd.o)
 .comment       0x00000000       0x27 C:/Users/Francisco/Desktop/DE2_70_D5M/Eclipse/Software/Teste_bsp/\libhal_bsp.a(altera_avalon_jtag_uart_init.o)
 .comment       0x00000000       0x27 C:/Users/Francisco/Desktop/DE2_70_D5M/Eclipse/Software/Teste_bsp/\libhal_bsp.a(altera_avalon_jtag_uart_ioctl.o)
 .comment       0x00000000       0x27 C:/Users/Francisco/Desktop/DE2_70_D5M/Eclipse/Software/Teste_bsp/\libhal_bsp.a(altera_avalon_jtag_uart_read.o)
 .comment       0x00000000       0x27 C:/Users/Francisco/Desktop/DE2_70_D5M/Eclipse/Software/Teste_bsp/\libhal_bsp.a(altera_avalon_jtag_uart_write.o)
 .comment       0x00000000       0x27 C:/Users/Francisco/Desktop/DE2_70_D5M/Eclipse/Software/Teste_bsp/\libhal_bsp.a(alt_alarm_start.o)
 .comment       0x00000000       0x27 C:/Users/Francisco/Desktop/DE2_70_D5M/Eclipse/Software/Teste_bsp/\libhal_bsp.a(alt_dcache_flush_all.o)
 .comment       0x00000000       0x27 C:/Users/Francisco/Desktop/DE2_70_D5M/Eclipse/Software/Teste_bsp/\libhal_bsp.a(alt_dev_llist_insert.o)
 .comment       0x00000000       0x27 C:/Users/Francisco/Desktop/DE2_70_D5M/Eclipse/Software/Teste_bsp/\libhal_bsp.a(alt_do_ctors.o)
 .comment       0x00000000       0x27 C:/Users/Francisco/Desktop/DE2_70_D5M/Eclipse/Software/Teste_bsp/\libhal_bsp.a(alt_do_dtors.o)
 .comment       0x00000000       0x27 C:/Users/Francisco/Desktop/DE2_70_D5M/Eclipse/Software/Teste_bsp/\libhal_bsp.a(alt_icache_flush_all.o)
 .comment       0x00000000       0x27 C:/Users/Francisco/Desktop/DE2_70_D5M/Eclipse/Software/Teste_bsp/\libhal_bsp.a(alt_iic.o)
 .comment       0x00000000       0x27 C:/Users/Francisco/Desktop/DE2_70_D5M/Eclipse/Software/Teste_bsp/\libhal_bsp.a(alt_iic_isr_register.o)
 .comment       0x00000000       0x27 C:/Users/Francisco/Desktop/DE2_70_D5M/Eclipse/Software/Teste_bsp/\libhal_bsp.a(alt_io_redirect.o)
 .comment       0x00000000       0x27 C:/Users/Francisco/Desktop/DE2_70_D5M/Eclipse/Software/Teste_bsp/\libhal_bsp.a(alt_irq_handler.o)
 .comment       0x00000000       0x27 C:/Users/Francisco/Desktop/DE2_70_D5M/Eclipse/Software/Teste_bsp/\libhal_bsp.a(alt_irq_vars.o)
 .comment       0x00000000       0x27 C:/Users/Francisco/Desktop/DE2_70_D5M/Eclipse/Software/Teste_bsp/\libhal_bsp.a(alt_open.o)
 .comment       0x00000000       0x27 C:/Users/Francisco/Desktop/DE2_70_D5M/Eclipse/Software/Teste_bsp/\libhal_bsp.a(alt_tick.o)
 .comment       0x00000000       0x27 C:/Users/Francisco/Desktop/DE2_70_D5M/Eclipse/Software/Teste_bsp/\libhal_bsp.a(altera_nios2_qsys_irq.o)
 .comment       0x00000000       0x27 C:/Users/Francisco/Desktop/DE2_70_D5M/Eclipse/Software/Teste_bsp/\libhal_bsp.a(alt_find_dev.o)
 .comment       0x00000000       0x27 C:/Users/Francisco/Desktop/DE2_70_D5M/Eclipse/Software/Teste_bsp/\libhal_bsp.a(alt_find_file.o)
 .comment       0x00000000       0x27 C:/Users/Francisco/Desktop/DE2_70_D5M/Eclipse/Software/Teste_bsp/\libhal_bsp.a(alt_get_fd.o)
 .comment       0x00000000       0x27 c:/altera/13.0sp1/nios2eds/bin/gnu/h-i686-mingw32/bin/../lib/gcc/nios2-elf/4.1.2/../../../../nios2-elf/lib/mno-hw-mul\libc.a(lib_a-atexit.o)
 .comment       0x00000000       0x27 c:/altera/13.0sp1/nios2eds/bin/gnu/h-i686-mingw32/bin/../lib/gcc/nios2-elf/4.1.2/../../../../nios2-elf/lib/mno-hw-mul\libc.a(lib_a-exit.o)
 .comment       0x00000000       0x27 c:/altera/13.0sp1/nios2eds/bin/gnu/h-i686-mingw32/bin/../lib/gcc/nios2-elf/4.1.2/../../../../nios2-elf/lib/mno-hw-mul\libc.a(lib_a-memcmp.o)
 .comment       0x00000000       0x27 c:/altera/13.0sp1/nios2eds/bin/gnu/h-i686-mingw32/bin/../lib/gcc/nios2-elf/4.1.2/../../../../nios2-elf/lib/mno-hw-mul\libc.a(lib_a-__atexit.o)
 .comment       0x00000000       0x27 c:/altera/13.0sp1/nios2eds/bin/gnu/h-i686-mingw32/bin/../lib/gcc/nios2-elf/4.1.2/../../../../nios2-elf/lib/mno-hw-mul\libc.a(lib_a-__call_atexit.o)
 .comment       0x00000000       0x27 C:/Users/Francisco/Desktop/DE2_70_D5M/Eclipse/Software/Teste_bsp/\libhal_bsp.a(alt_exit.o)

.debug
 *(.debug)

.line
 *(.line)

.debug_srcinfo
 *(.debug_srcinfo)

.debug_sfnames
 *(.debug_sfnames)

.debug_aranges  0x00000000      0x8d8
 *(.debug_aranges)
 .debug_aranges
                0x00000000       0x28 C:/Users/Francisco/Desktop/DE2_70_D5M/Eclipse/Software/Teste_bsp//obj/HAL/src/crt0.o
 .debug_aranges
                0x00000028       0x20 obj/default/hello_world.o
 .debug_aranges
                0x00000048       0x20 c:/altera/13.0sp1/nios2eds/bin/gnu/h-i686-mingw32/bin/../lib/gcc/nios2-elf/4.1.2/../../../../nios2-elf/lib/mno-hw-mul\libc.a(lib_a-puts.o)
 .debug_aranges
                0x00000068       0x20 c:/altera/13.0sp1/nios2eds/bin/gnu/h-i686-mingw32/bin/../lib/gcc/nios2-elf/4.1.2/../../../../nios2-elf/lib/mno-hw-mul\libc.a(lib_a-strlen.o)
 .debug_aranges
                0x00000088       0x20 c:/altera/13.0sp1/nios2eds/bin/gnu/h-i686-mingw32/bin/../lib/gcc/nios2-elf/4.1.2/../../../../nios2-elf/lib/mno-hw-mul\libc.a(lib_a-fvwrite.o)
 .debug_aranges
                0x000000a8       0x20 c:/altera/13.0sp1/nios2eds/bin/gnu/h-i686-mingw32/bin/../lib/gcc/nios2-elf/4.1.2/../../../../nios2-elf/lib/mno-hw-mul\libc.a(lib_a-mallocr.o)
 .debug_aranges
                0x000000c8       0x20 c:/altera/13.0sp1/nios2eds/bin/gnu/h-i686-mingw32/bin/../lib/gcc/nios2-elf/4.1.2/../../../../nios2-elf/lib/mno-hw-mul\libc.a(lib_a-memchr.o)
 .debug_aranges
                0x000000e8       0x20 c:/altera/13.0sp1/nios2eds/bin/gnu/h-i686-mingw32/bin/../lib/gcc/nios2-elf/4.1.2/../../../../nios2-elf/lib/mno-hw-mul\libc.a(lib_a-memcpy.o)
 .debug_aranges
                0x00000108       0x20 c:/altera/13.0sp1/nios2eds/bin/gnu/h-i686-mingw32/bin/../lib/gcc/nios2-elf/4.1.2/../../../../nios2-elf/lib/mno-hw-mul\libc.a(lib_a-memmove.o)
 .debug_aranges
                0x00000128       0x20 c:/altera/13.0sp1/nios2eds/bin/gnu/h-i686-mingw32/bin/../lib/gcc/nios2-elf/4.1.2/../../../../nios2-elf/lib/mno-hw-mul\libc.a(lib_a-reallocr.o)
 .debug_aranges
                0x00000148       0x20 c:/altera/13.0sp1/nios2eds/bin/gnu/h-i686-mingw32/bin/../lib/gcc/nios2-elf/4.1.2/../../../../nios2-elf/lib/mno-hw-mul\libc.a(lib_a-sbrkr.o)
 .debug_aranges
                0x00000168       0x20 c:/altera/13.0sp1/nios2eds/bin/gnu/h-i686-mingw32/bin/../lib/gcc/nios2-elf/4.1.2/../../../../nios2-elf/lib/mno-hw-mul\libc.a(lib_a-wsetup.o)
 .debug_aranges
                0x00000188       0x20 c:/altera/13.0sp1/nios2eds/bin/gnu/h-i686-mingw32/bin/../lib/gcc/nios2-elf/4.1.2/../../../../nios2-elf/lib/mno-hw-mul\libc.a(lib_a-fflush.o)
 .debug_aranges
                0x000001a8       0x20 c:/altera/13.0sp1/nios2eds/bin/gnu/h-i686-mingw32/bin/../lib/gcc/nios2-elf/4.1.2/../../../../nios2-elf/lib/mno-hw-mul\libc.a(lib_a-findfp.o)
 .debug_aranges
                0x000001c8       0x20 c:/altera/13.0sp1/nios2eds/bin/gnu/h-i686-mingw32/bin/../lib/gcc/nios2-elf/4.1.2/../../../../nios2-elf/lib/mno-hw-mul\libc.a(lib_a-freer.o)
 .debug_aranges
                0x000001e8       0x20 c:/altera/13.0sp1/nios2eds/bin/gnu/h-i686-mingw32/bin/../lib/gcc/nios2-elf/4.1.2/../../../../nios2-elf/lib/mno-hw-mul\libc.a(lib_a-fwalk.o)
 .debug_aranges
                0x00000208       0x20 c:/altera/13.0sp1/nios2eds/bin/gnu/h-i686-mingw32/bin/../lib/gcc/nios2-elf/4.1.2/../../../../nios2-elf/lib/mno-hw-mul\libc.a(lib_a-makebuf.o)
 .debug_aranges
                0x00000228       0x20 c:/altera/13.0sp1/nios2eds/bin/gnu/h-i686-mingw32/bin/../lib/gcc/nios2-elf/4.1.2/../../../../nios2-elf/lib/mno-hw-mul\libc.a(lib_a-memset.o)
 .debug_aranges
                0x00000248       0x20 c:/altera/13.0sp1/nios2eds/bin/gnu/h-i686-mingw32/bin/../lib/gcc/nios2-elf/4.1.2/../../../../nios2-elf/lib/mno-hw-mul\libc.a(lib_a-stdio.o)
 .debug_aranges
                0x00000268       0x20 c:/altera/13.0sp1/nios2eds/bin/gnu/h-i686-mingw32/bin/../lib/gcc/nios2-elf/4.1.2/../../../../nios2-elf/lib/mno-hw-mul\libc.a(lib_a-writer.o)
 .debug_aranges
                0x00000288       0x20 c:/altera/13.0sp1/nios2eds/bin/gnu/h-i686-mingw32/bin/../lib/gcc/nios2-elf/4.1.2/../../../../nios2-elf/lib/mno-hw-mul\libc.a(lib_a-closer.o)
 .debug_aranges
                0x000002a8       0x20 c:/altera/13.0sp1/nios2eds/bin/gnu/h-i686-mingw32/bin/../lib/gcc/nios2-elf/4.1.2/../../../../nios2-elf/lib/mno-hw-mul\libc.a(lib_a-fclose.o)
 .debug_aranges
                0x000002c8       0x20 c:/altera/13.0sp1/nios2eds/bin/gnu/h-i686-mingw32/bin/../lib/gcc/nios2-elf/4.1.2/../../../../nios2-elf/lib/mno-hw-mul\libc.a(lib_a-fstatr.o)
 .debug_aranges
                0x000002e8       0x20 c:/altera/13.0sp1/nios2eds/bin/gnu/h-i686-mingw32/bin/../lib/gcc/nios2-elf/4.1.2/../../../../nios2-elf/lib/mno-hw-mul\libc.a(lib_a-isattyr.o)
 .debug_aranges
                0x00000308       0x20 c:/altera/13.0sp1/nios2eds/bin/gnu/h-i686-mingw32/bin/../lib/gcc/nios2-elf/4.1.2/../../../../nios2-elf/lib/mno-hw-mul\libc.a(lib_a-lseekr.o)
 .debug_aranges
                0x00000328       0x20 c:/altera/13.0sp1/nios2eds/bin/gnu/h-i686-mingw32/bin/../lib/gcc/nios2-elf/4.1.2/../../../../nios2-elf/lib/mno-hw-mul\libc.a(lib_a-readr.o)
 .debug_aranges
                0x00000348       0x20 c:/altera/13.0sp1/nios2eds/bin/gnu/h-i686-mingw32/bin/../lib/gcc/nios2-elf/4.1.2/mno-hw-mul\libgcc.a(lib2-mul.o)
 .debug_aranges
                0x00000368       0x20 C:/Users/Francisco/Desktop/DE2_70_D5M/Eclipse/Software/Teste_bsp/\libhal_bsp.a(alt_close.o)
 .debug_aranges
                0x00000388       0x20 C:/Users/Francisco/Desktop/DE2_70_D5M/Eclipse/Software/Teste_bsp/\libhal_bsp.a(alt_dev.o)
 .debug_aranges
                0x000003a8       0x20 C:/Users/Francisco/Desktop/DE2_70_D5M/Eclipse/Software/Teste_bsp/\libhal_bsp.a(alt_fstat.o)
 .debug_aranges
                0x000003c8       0x20 C:/Users/Francisco/Desktop/DE2_70_D5M/Eclipse/Software/Teste_bsp/\libhal_bsp.a(alt_isatty.o)
 .debug_aranges
                0x000003e8       0x20 C:/Users/Francisco/Desktop/DE2_70_D5M/Eclipse/Software/Teste_bsp/\libhal_bsp.a(alt_load.o)
 .debug_aranges
                0x00000408       0x20 C:/Users/Francisco/Desktop/DE2_70_D5M/Eclipse/Software/Teste_bsp/\libhal_bsp.a(alt_lseek.o)
 .debug_aranges
                0x00000428       0x20 C:/Users/Francisco/Desktop/DE2_70_D5M/Eclipse/Software/Teste_bsp/\libhal_bsp.a(alt_main.o)
 .debug_aranges
                0x00000448       0x20 C:/Users/Francisco/Desktop/DE2_70_D5M/Eclipse/Software/Teste_bsp/\libhal_bsp.a(alt_malloc_lock.o)
 .debug_aranges
                0x00000468       0x20 C:/Users/Francisco/Desktop/DE2_70_D5M/Eclipse/Software/Teste_bsp/\libhal_bsp.a(alt_read.o)
 .debug_aranges
                0x00000488       0x20 C:/Users/Francisco/Desktop/DE2_70_D5M/Eclipse/Software/Teste_bsp/\libhal_bsp.a(alt_release_fd.o)
 .debug_aranges
                0x000004a8       0x20 C:/Users/Francisco/Desktop/DE2_70_D5M/Eclipse/Software/Teste_bsp/\libhal_bsp.a(alt_sbrk.o)
 .debug_aranges
                0x000004c8       0x20 C:/Users/Francisco/Desktop/DE2_70_D5M/Eclipse/Software/Teste_bsp/\libhal_bsp.a(alt_write.o)
 .debug_aranges
                0x000004e8       0x20 C:/Users/Francisco/Desktop/DE2_70_D5M/Eclipse/Software/Teste_bsp/\libhal_bsp.a(alt_sys_init.o)
 .debug_aranges
                0x00000508       0x20 C:/Users/Francisco/Desktop/DE2_70_D5M/Eclipse/Software/Teste_bsp/\libhal_bsp.a(altera_avalon_jtag_uart_fd.o)
 .debug_aranges
                0x00000528       0x20 C:/Users/Francisco/Desktop/DE2_70_D5M/Eclipse/Software/Teste_bsp/\libhal_bsp.a(altera_avalon_jtag_uart_init.o)
 .debug_aranges
                0x00000548       0x20 C:/Users/Francisco/Desktop/DE2_70_D5M/Eclipse/Software/Teste_bsp/\libhal_bsp.a(altera_avalon_jtag_uart_ioctl.o)
 .debug_aranges
                0x00000568       0x20 C:/Users/Francisco/Desktop/DE2_70_D5M/Eclipse/Software/Teste_bsp/\libhal_bsp.a(altera_avalon_jtag_uart_read.o)
 .debug_aranges
                0x00000588       0x20 C:/Users/Francisco/Desktop/DE2_70_D5M/Eclipse/Software/Teste_bsp/\libhal_bsp.a(altera_avalon_jtag_uart_write.o)
 .debug_aranges
                0x000005a8       0x20 C:/Users/Francisco/Desktop/DE2_70_D5M/Eclipse/Software/Teste_bsp/\libhal_bsp.a(alt_alarm_start.o)
 .debug_aranges
                0x000005c8       0x20 C:/Users/Francisco/Desktop/DE2_70_D5M/Eclipse/Software/Teste_bsp/\libhal_bsp.a(alt_dcache_flush_all.o)
 .debug_aranges
                0x000005e8       0x20 C:/Users/Francisco/Desktop/DE2_70_D5M/Eclipse/Software/Teste_bsp/\libhal_bsp.a(alt_dev_llist_insert.o)
 .debug_aranges
                0x00000608       0x20 C:/Users/Francisco/Desktop/DE2_70_D5M/Eclipse/Software/Teste_bsp/\libhal_bsp.a(alt_do_ctors.o)
 .debug_aranges
                0x00000628       0x20 C:/Users/Francisco/Desktop/DE2_70_D5M/Eclipse/Software/Teste_bsp/\libhal_bsp.a(alt_do_dtors.o)
 .debug_aranges
                0x00000648       0x20 C:/Users/Francisco/Desktop/DE2_70_D5M/Eclipse/Software/Teste_bsp/\libhal_bsp.a(alt_icache_flush_all.o)
 .debug_aranges
                0x00000668       0x20 C:/Users/Francisco/Desktop/DE2_70_D5M/Eclipse/Software/Teste_bsp/\libhal_bsp.a(alt_iic.o)
 .debug_aranges
                0x00000688       0x20 C:/Users/Francisco/Desktop/DE2_70_D5M/Eclipse/Software/Teste_bsp/\libhal_bsp.a(alt_iic_isr_register.o)
 .debug_aranges
                0x000006a8       0x20 C:/Users/Francisco/Desktop/DE2_70_D5M/Eclipse/Software/Teste_bsp/\libhal_bsp.a(alt_io_redirect.o)
 .debug_aranges
                0x000006c8       0x30 C:/Users/Francisco/Desktop/DE2_70_D5M/Eclipse/Software/Teste_bsp/\libhal_bsp.a(alt_irq_entry.o)
 .debug_aranges
                0x000006f8       0x28 C:/Users/Francisco/Desktop/DE2_70_D5M/Eclipse/Software/Teste_bsp/\libhal_bsp.a(alt_irq_handler.o)
 .debug_aranges
                0x00000720       0x20 C:/Users/Francisco/Desktop/DE2_70_D5M/Eclipse/Software/Teste_bsp/\libhal_bsp.a(alt_open.o)
 .debug_aranges
                0x00000740       0x20 C:/Users/Francisco/Desktop/DE2_70_D5M/Eclipse/Software/Teste_bsp/\libhal_bsp.a(alt_tick.o)
 .debug_aranges
                0x00000760       0x20 C:/Users/Francisco/Desktop/DE2_70_D5M/Eclipse/Software/Teste_bsp/\libhal_bsp.a(altera_nios2_qsys_irq.o)
 .debug_aranges
                0x00000780       0x38 C:/Users/Francisco/Desktop/DE2_70_D5M/Eclipse/Software/Teste_bsp/\libhal_bsp.a(alt_exception_entry.o)
 .debug_aranges
                0x000007b8       0x20 C:/Users/Francisco/Desktop/DE2_70_D5M/Eclipse/Software/Teste_bsp/\libhal_bsp.a(alt_find_dev.o)
 .debug_aranges
                0x000007d8       0x20 C:/Users/Francisco/Desktop/DE2_70_D5M/Eclipse/Software/Teste_bsp/\libhal_bsp.a(alt_find_file.o)
 .debug_aranges
                0x000007f8       0x20 C:/Users/Francisco/Desktop/DE2_70_D5M/Eclipse/Software/Teste_bsp/\libhal_bsp.a(alt_get_fd.o)
 .debug_aranges
                0x00000818       0x20 c:/altera/13.0sp1/nios2eds/bin/gnu/h-i686-mingw32/bin/../lib/gcc/nios2-elf/4.1.2/../../../../nios2-elf/lib/mno-hw-mul\libc.a(lib_a-atexit.o)
 .debug_aranges
                0x00000838       0x20 c:/altera/13.0sp1/nios2eds/bin/gnu/h-i686-mingw32/bin/../lib/gcc/nios2-elf/4.1.2/../../../../nios2-elf/lib/mno-hw-mul\libc.a(lib_a-exit.o)
 .debug_aranges
                0x00000858       0x20 c:/altera/13.0sp1/nios2eds/bin/gnu/h-i686-mingw32/bin/../lib/gcc/nios2-elf/4.1.2/../../../../nios2-elf/lib/mno-hw-mul\libc.a(lib_a-memcmp.o)
 .debug_aranges
                0x00000878       0x20 c:/altera/13.0sp1/nios2eds/bin/gnu/h-i686-mingw32/bin/../lib/gcc/nios2-elf/4.1.2/../../../../nios2-elf/lib/mno-hw-mul\libc.a(lib_a-__atexit.o)
 .debug_aranges
                0x00000898       0x20 c:/altera/13.0sp1/nios2eds/bin/gnu/h-i686-mingw32/bin/../lib/gcc/nios2-elf/4.1.2/../../../../nios2-elf/lib/mno-hw-mul\libc.a(lib_a-__call_atexit.o)
 .debug_aranges
                0x000008b8       0x20 C:/Users/Francisco/Desktop/DE2_70_D5M/Eclipse/Software/Teste_bsp/\libhal_bsp.a(alt_exit.o)

.debug_pubnames
                0x00000000      0xd1a
 *(.debug_pubnames)
 .debug_pubnames
                0x00000000       0x1b obj/default/hello_world.o
 .debug_pubnames
                0x0000001b       0x27 c:/altera/13.0sp1/nios2eds/bin/gnu/h-i686-mingw32/bin/../lib/gcc/nios2-elf/4.1.2/../../../../nios2-elf/lib/mno-hw-mul\libc.a(lib_a-puts.o)
 .debug_pubnames
                0x00000042       0x1d c:/altera/13.0sp1/nios2eds/bin/gnu/h-i686-mingw32/bin/../lib/gcc/nios2-elf/4.1.2/../../../../nios2-elf/lib/mno-hw-mul\libc.a(lib_a-strlen.o)
 .debug_pubnames
                0x0000005f       0x23 c:/altera/13.0sp1/nios2eds/bin/gnu/h-i686-mingw32/bin/../lib/gcc/nios2-elf/4.1.2/../../../../nios2-elf/lib/mno-hw-mul\libc.a(lib_a-fvwrite.o)
 .debug_pubnames
                0x00000082       0x39 c:/altera/13.0sp1/nios2eds/bin/gnu/h-i686-mingw32/bin/../lib/gcc/nios2-elf/4.1.2/../../../../nios2-elf/lib/mno-hw-mul\libc.a(lib_a-impure.o)
 .debug_pubnames
                0x000000bb       0xce c:/altera/13.0sp1/nios2eds/bin/gnu/h-i686-mingw32/bin/../lib/gcc/nios2-elf/4.1.2/../../../../nios2-elf/lib/mno-hw-mul\libc.a(lib_a-mallocr.o)
 .debug_pubnames
                0x00000189       0x1d c:/altera/13.0sp1/nios2eds/bin/gnu/h-i686-mingw32/bin/../lib/gcc/nios2-elf/4.1.2/../../../../nios2-elf/lib/mno-hw-mul\libc.a(lib_a-memchr.o)
 .debug_pubnames
                0x000001a6       0x1d c:/altera/13.0sp1/nios2eds/bin/gnu/h-i686-mingw32/bin/../lib/gcc/nios2-elf/4.1.2/../../../../nios2-elf/lib/mno-hw-mul\libc.a(lib_a-memcpy.o)
 .debug_pubnames
                0x000001c3       0x1e c:/altera/13.0sp1/nios2eds/bin/gnu/h-i686-mingw32/bin/../lib/gcc/nios2-elf/4.1.2/../../../../nios2-elf/lib/mno-hw-mul\libc.a(lib_a-memmove.o)
 .debug_pubnames
                0x000001e1       0x21 c:/altera/13.0sp1/nios2eds/bin/gnu/h-i686-mingw32/bin/../lib/gcc/nios2-elf/4.1.2/../../../../nios2-elf/lib/mno-hw-mul\libc.a(lib_a-reallocr.o)
 .debug_pubnames
                0x00000202       0x1e c:/altera/13.0sp1/nios2eds/bin/gnu/h-i686-mingw32/bin/../lib/gcc/nios2-elf/4.1.2/../../../../nios2-elf/lib/mno-hw-mul\libc.a(lib_a-sbrkr.o)
 .debug_pubnames
                0x00000220       0x22 c:/altera/13.0sp1/nios2eds/bin/gnu/h-i686-mingw32/bin/../lib/gcc/nios2-elf/4.1.2/../../../../nios2-elf/lib/mno-hw-mul\libc.a(lib_a-wsetup.o)
 .debug_pubnames
                0x00000242       0x2b c:/altera/13.0sp1/nios2eds/bin/gnu/h-i686-mingw32/bin/../lib/gcc/nios2-elf/4.1.2/../../../../nios2-elf/lib/mno-hw-mul\libc.a(lib_a-fflush.o)
 .debug_pubnames
                0x0000026d       0xdb c:/altera/13.0sp1/nios2eds/bin/gnu/h-i686-mingw32/bin/../lib/gcc/nios2-elf/4.1.2/../../../../nios2-elf/lib/mno-hw-mul\libc.a(lib_a-findfp.o)
 .debug_pubnames
                0x00000348       0x31 c:/altera/13.0sp1/nios2eds/bin/gnu/h-i686-mingw32/bin/../lib/gcc/nios2-elf/4.1.2/../../../../nios2-elf/lib/mno-hw-mul\libc.a(lib_a-freer.o)
 .debug_pubnames
                0x00000379       0x2e c:/altera/13.0sp1/nios2eds/bin/gnu/h-i686-mingw32/bin/../lib/gcc/nios2-elf/4.1.2/../../../../nios2-elf/lib/mno-hw-mul\libc.a(lib_a-fwalk.o)
 .debug_pubnames
                0x000003a7       0x1c c:/altera/13.0sp1/nios2eds/bin/gnu/h-i686-mingw32/bin/../lib/gcc/nios2-elf/4.1.2/../../../../nios2-elf/lib/mno-hw-mul\libc.a(lib_a-int_errno.o)
 .debug_pubnames
                0x000003c3       0x23 c:/altera/13.0sp1/nios2eds/bin/gnu/h-i686-mingw32/bin/../lib/gcc/nios2-elf/4.1.2/../../../../nios2-elf/lib/mno-hw-mul\libc.a(lib_a-makebuf.o)
 .debug_pubnames
                0x000003e6       0x1d c:/altera/13.0sp1/nios2eds/bin/gnu/h-i686-mingw32/bin/../lib/gcc/nios2-elf/4.1.2/../../../../nios2-elf/lib/mno-hw-mul\libc.a(lib_a-memset.o)
 .debug_pubnames
                0x00000403       0x44 c:/altera/13.0sp1/nios2eds/bin/gnu/h-i686-mingw32/bin/../lib/gcc/nios2-elf/4.1.2/../../../../nios2-elf/lib/mno-hw-mul\libc.a(lib_a-stdio.o)
 .debug_pubnames
                0x00000447       0x1f c:/altera/13.0sp1/nios2eds/bin/gnu/h-i686-mingw32/bin/../lib/gcc/nios2-elf/4.1.2/../../../../nios2-elf/lib/mno-hw-mul\libc.a(lib_a-writer.o)
 .debug_pubnames
                0x00000466       0x1f c:/altera/13.0sp1/nios2eds/bin/gnu/h-i686-mingw32/bin/../lib/gcc/nios2-elf/4.1.2/../../../../nios2-elf/lib/mno-hw-mul\libc.a(lib_a-closer.o)
 .debug_pubnames
                0x00000485       0x2b c:/altera/13.0sp1/nios2eds/bin/gnu/h-i686-mingw32/bin/../lib/gcc/nios2-elf/4.1.2/../../../../nios2-elf/lib/mno-hw-mul\libc.a(lib_a-fclose.o)
 .debug_pubnames
                0x000004b0       0x1f c:/altera/13.0sp1/nios2eds/bin/gnu/h-i686-mingw32/bin/../lib/gcc/nios2-elf/4.1.2/../../../../nios2-elf/lib/mno-hw-mul\libc.a(lib_a-fstatr.o)
 .debug_pubnames
                0x000004cf       0x20 c:/altera/13.0sp1/nios2eds/bin/gnu/h-i686-mingw32/bin/../lib/gcc/nios2-elf/4.1.2/../../../../nios2-elf/lib/mno-hw-mul\libc.a(lib_a-isattyr.o)
 .debug_pubnames
                0x000004ef       0x1f c:/altera/13.0sp1/nios2eds/bin/gnu/h-i686-mingw32/bin/../lib/gcc/nios2-elf/4.1.2/../../../../nios2-elf/lib/mno-hw-mul\libc.a(lib_a-lseekr.o)
 .debug_pubnames
                0x0000050e       0x1e c:/altera/13.0sp1/nios2eds/bin/gnu/h-i686-mingw32/bin/../lib/gcc/nios2-elf/4.1.2/../../../../nios2-elf/lib/mno-hw-mul\libc.a(lib_a-readr.o)
 .debug_pubnames
                0x0000052c       0x1f c:/altera/13.0sp1/nios2eds/bin/gnu/h-i686-mingw32/bin/../lib/gcc/nios2-elf/4.1.2/mno-hw-mul\libgcc.a(lib2-mul.o)
 .debug_pubnames
                0x0000054b       0x1c C:/Users/Francisco/Desktop/DE2_70_D5M/Eclipse/Software/Teste_bsp/\libhal_bsp.a(alt_close.o)
 .debug_pubnames
                0x00000567       0x63 C:/Users/Francisco/Desktop/DE2_70_D5M/Eclipse/Software/Teste_bsp/\libhal_bsp.a(alt_dev.o)
 .debug_pubnames
                0x000005ca       0x20 C:/Users/Francisco/Desktop/DE2_70_D5M/Eclipse/Software/Teste_bsp/\libhal_bsp.a(alt_errno.o)
 .debug_pubnames
                0x000005ea       0x1c C:/Users/Francisco/Desktop/DE2_70_D5M/Eclipse/Software/Teste_bsp/\libhal_bsp.a(alt_fstat.o)
 .debug_pubnames
                0x00000606       0x1d C:/Users/Francisco/Desktop/DE2_70_D5M/Eclipse/Software/Teste_bsp/\libhal_bsp.a(alt_isatty.o)
 .debug_pubnames
                0x00000623       0x1f C:/Users/Francisco/Desktop/DE2_70_D5M/Eclipse/Software/Teste_bsp/\libhal_bsp.a(alt_load.o)
 .debug_pubnames
                0x00000642       0x1c C:/Users/Francisco/Desktop/DE2_70_D5M/Eclipse/Software/Teste_bsp/\libhal_bsp.a(alt_lseek.o)
 .debug_pubnames
                0x0000065e       0x46 C:/Users/Francisco/Desktop/DE2_70_D5M/Eclipse/Software/Teste_bsp/\libhal_bsp.a(alt_main.o)
 .debug_pubnames
                0x000006a4       0x38 C:/Users/Francisco/Desktop/DE2_70_D5M/Eclipse/Software/Teste_bsp/\libhal_bsp.a(alt_malloc_lock.o)
 .debug_pubnames
                0x000006dc       0x1b C:/Users/Francisco/Desktop/DE2_70_D5M/Eclipse/Software/Teste_bsp/\libhal_bsp.a(alt_read.o)
 .debug_pubnames
                0x000006f7       0x25 C:/Users/Francisco/Desktop/DE2_70_D5M/Eclipse/Software/Teste_bsp/\libhal_bsp.a(alt_release_fd.o)
 .debug_pubnames
                0x0000071c       0x1b C:/Users/Francisco/Desktop/DE2_70_D5M/Eclipse/Software/Teste_bsp/\libhal_bsp.a(alt_sbrk.o)
 .debug_pubnames
                0x00000737       0x1c C:/Users/Francisco/Desktop/DE2_70_D5M/Eclipse/Software/Teste_bsp/\libhal_bsp.a(alt_write.o)
 .debug_pubnames
                0x00000753       0x34 C:/Users/Francisco/Desktop/DE2_70_D5M/Eclipse/Software/Teste_bsp/\libhal_bsp.a(alt_sys_init.o)
 .debug_pubnames
                0x00000787       0xa5 C:/Users/Francisco/Desktop/DE2_70_D5M/Eclipse/Software/Teste_bsp/\libhal_bsp.a(altera_avalon_jtag_uart_fd.o)
 .debug_pubnames
                0x0000082c       0x55 C:/Users/Francisco/Desktop/DE2_70_D5M/Eclipse/Software/Teste_bsp/\libhal_bsp.a(altera_avalon_jtag_uart_init.o)
 .debug_pubnames
                0x00000881       0x34 C:/Users/Francisco/Desktop/DE2_70_D5M/Eclipse/Software/Teste_bsp/\libhal_bsp.a(altera_avalon_jtag_uart_ioctl.o)
 .debug_pubnames
                0x000008b5       0x33 C:/Users/Francisco/Desktop/DE2_70_D5M/Eclipse/Software/Teste_bsp/\libhal_bsp.a(altera_avalon_jtag_uart_read.o)
 .debug_pubnames
                0x000008e8       0x34 C:/Users/Francisco/Desktop/DE2_70_D5M/Eclipse/Software/Teste_bsp/\libhal_bsp.a(altera_avalon_jtag_uart_write.o)
 .debug_pubnames
                0x0000091c       0x26 C:/Users/Francisco/Desktop/DE2_70_D5M/Eclipse/Software/Teste_bsp/\libhal_bsp.a(alt_alarm_start.o)
 .debug_pubnames
                0x00000942       0x2b C:/Users/Francisco/Desktop/DE2_70_D5M/Eclipse/Software/Teste_bsp/\libhal_bsp.a(alt_dcache_flush_all.o)
 .debug_pubnames
                0x0000096d       0x2b C:/Users/Francisco/Desktop/DE2_70_D5M/Eclipse/Software/Teste_bsp/\libhal_bsp.a(alt_dev_llist_insert.o)
 .debug_pubnames
                0x00000998       0x20 C:/Users/Francisco/Desktop/DE2_70_D5M/Eclipse/Software/Teste_bsp/\libhal_bsp.a(alt_do_ctors.o)
 .debug_pubnames
                0x000009b8       0x20 C:/Users/Francisco/Desktop/DE2_70_D5M/Eclipse/Software/Teste_bsp/\libhal_bsp.a(alt_do_dtors.o)
 .debug_pubnames
                0x000009d8       0x2b C:/Users/Francisco/Desktop/DE2_70_D5M/Eclipse/Software/Teste_bsp/\libhal_bsp.a(alt_icache_flush_all.o)
 .debug_pubnames
                0x00000a03       0x6e C:/Users/Francisco/Desktop/DE2_70_D5M/Eclipse/Software/Teste_bsp/\libhal_bsp.a(alt_iic.o)
 .debug_pubnames
                0x00000a71       0x2b C:/Users/Francisco/Desktop/DE2_70_D5M/Eclipse/Software/Teste_bsp/\libhal_bsp.a(alt_iic_isr_register.o)
 .debug_pubnames
                0x00000a9c       0x26 C:/Users/Francisco/Desktop/DE2_70_D5M/Eclipse/Software/Teste_bsp/\libhal_bsp.a(alt_io_redirect.o)
 .debug_pubnames
                0x00000ac2       0x32 C:/Users/Francisco/Desktop/DE2_70_D5M/Eclipse/Software/Teste_bsp/\libhal_bsp.a(alt_irq_handler.o)
 .debug_pubnames
                0x00000af4       0x3b C:/Users/Francisco/Desktop/DE2_70_D5M/Eclipse/Software/Teste_bsp/\libhal_bsp.a(alt_irq_vars.o)
 .debug_pubnames
                0x00000b2f       0x1b C:/Users/Francisco/Desktop/DE2_70_D5M/Eclipse/Software/Teste_bsp/\libhal_bsp.a(alt_open.o)
 .debug_pubnames
                0x00000b4a       0x68 C:/Users/Francisco/Desktop/DE2_70_D5M/Eclipse/Software/Teste_bsp/\libhal_bsp.a(alt_tick.o)
 .debug_pubnames
                0x00000bb2       0x31 C:/Users/Francisco/Desktop/DE2_70_D5M/Eclipse/Software/Teste_bsp/\libhal_bsp.a(altera_nios2_qsys_irq.o)
 .debug_pubnames
                0x00000be3       0x23 C:/Users/Francisco/Desktop/DE2_70_D5M/Eclipse/Software/Teste_bsp/\libhal_bsp.a(alt_find_dev.o)
 .debug_pubnames
                0x00000c06       0x24 C:/Users/Francisco/Desktop/DE2_70_D5M/Eclipse/Software/Teste_bsp/\libhal_bsp.a(alt_find_file.o)
 .debug_pubnames
                0x00000c2a       0x21 C:/Users/Francisco/Desktop/DE2_70_D5M/Eclipse/Software/Teste_bsp/\libhal_bsp.a(alt_get_fd.o)
 .debug_pubnames
                0x00000c4b       0x2a c:/altera/13.0sp1/nios2eds/bin/gnu/h-i686-mingw32/bin/../lib/gcc/nios2-elf/4.1.2/../../../../nios2-elf/lib/mno-hw-mul\libc.a(lib_a-atexit.o)
 .debug_pubnames
                0x00000c75       0x1b c:/altera/13.0sp1/nios2eds/bin/gnu/h-i686-mingw32/bin/../lib/gcc/nios2-elf/4.1.2/../../../../nios2-elf/lib/mno-hw-mul\libc.a(lib_a-exit.o)
 .debug_pubnames
                0x00000c90       0x1d c:/altera/13.0sp1/nios2eds/bin/gnu/h-i686-mingw32/bin/../lib/gcc/nios2-elf/4.1.2/../../../../nios2-elf/lib/mno-hw-mul\libc.a(lib_a-memcmp.o)
 .debug_pubnames
                0x00000cad       0x2a c:/altera/13.0sp1/nios2eds/bin/gnu/h-i686-mingw32/bin/../lib/gcc/nios2-elf/4.1.2/../../../../nios2-elf/lib/mno-hw-mul\libc.a(lib_a-__atexit.o)
 .debug_pubnames
                0x00000cd7       0x27 c:/altera/13.0sp1/nios2eds/bin/gnu/h-i686-mingw32/bin/../lib/gcc/nios2-elf/4.1.2/../../../../nios2-elf/lib/mno-hw-mul\libc.a(lib_a-__call_atexit.o)
 .debug_pubnames
                0x00000cfe       0x1c C:/Users/Francisco/Desktop/DE2_70_D5M/Eclipse/Software/Teste_bsp/\libhal_bsp.a(alt_exit.o)

.debug_info     0x00000000    0x195a2
 *(.debug_info .gnu.linkonce.wi.*)
 .debug_info    0x00000000       0x72 C:/Users/Francisco/Desktop/DE2_70_D5M/Eclipse/Software/Teste_bsp//obj/HAL/src/crt0.o
 .debug_info    0x00000072      0x131 obj/default/hello_world.o
 .debug_info    0x000001a3      0xa25 c:/altera/13.0sp1/nios2eds/bin/gnu/h-i686-mingw32/bin/../lib/gcc/nios2-elf/4.1.2/../../../../nios2-elf/lib/mno-hw-mul\libc.a(lib_a-puts.o)
 .debug_info    0x00000bc8       0xdb c:/altera/13.0sp1/nios2eds/bin/gnu/h-i686-mingw32/bin/../lib/gcc/nios2-elf/4.1.2/../../../../nios2-elf/lib/mno-hw-mul\libc.a(lib_a-strlen.o)
 .debug_info    0x00000ca3      0xa88 c:/altera/13.0sp1/nios2eds/bin/gnu/h-i686-mingw32/bin/../lib/gcc/nios2-elf/4.1.2/../../../../nios2-elf/lib/mno-hw-mul\libc.a(lib_a-fvwrite.o)
 .debug_info    0x0000172b      0x93d c:/altera/13.0sp1/nios2eds/bin/gnu/h-i686-mingw32/bin/../lib/gcc/nios2-elf/4.1.2/../../../../nios2-elf/lib/mno-hw-mul\libc.a(lib_a-impure.o)
 .debug_info    0x00002068      0xcd0 c:/altera/13.0sp1/nios2eds/bin/gnu/h-i686-mingw32/bin/../lib/gcc/nios2-elf/4.1.2/../../../../nios2-elf/lib/mno-hw-mul\libc.a(lib_a-mallocr.o)
 .debug_info    0x00002d38      0x138 c:/altera/13.0sp1/nios2eds/bin/gnu/h-i686-mingw32/bin/../lib/gcc/nios2-elf/4.1.2/../../../../nios2-elf/lib/mno-hw-mul\libc.a(lib_a-memchr.o)
 .debug_info    0x00002e70      0x106 c:/altera/13.0sp1/nios2eds/bin/gnu/h-i686-mingw32/bin/../lib/gcc/nios2-elf/4.1.2/../../../../nios2-elf/lib/mno-hw-mul\libc.a(lib_a-memcpy.o)
 .debug_info    0x00002f76      0x13e c:/altera/13.0sp1/nios2eds/bin/gnu/h-i686-mingw32/bin/../lib/gcc/nios2-elf/4.1.2/../../../../nios2-elf/lib/mno-hw-mul\libc.a(lib_a-memmove.o)
 .debug_info    0x000030b4      0xbd7 c:/altera/13.0sp1/nios2eds/bin/gnu/h-i686-mingw32/bin/../lib/gcc/nios2-elf/4.1.2/../../../../nios2-elf/lib/mno-hw-mul\libc.a(lib_a-reallocr.o)
 .debug_info    0x00003c8b      0x962 c:/altera/13.0sp1/nios2eds/bin/gnu/h-i686-mingw32/bin/../lib/gcc/nios2-elf/4.1.2/../../../../nios2-elf/lib/mno-hw-mul\libc.a(lib_a-sbrkr.o)
 .debug_info    0x000045ed      0x95d c:/altera/13.0sp1/nios2eds/bin/gnu/h-i686-mingw32/bin/../lib/gcc/nios2-elf/4.1.2/../../../../nios2-elf/lib/mno-hw-mul\libc.a(lib_a-wsetup.o)
 .debug_info    0x00004f4a      0x9fe c:/altera/13.0sp1/nios2eds/bin/gnu/h-i686-mingw32/bin/../lib/gcc/nios2-elf/4.1.2/../../../../nios2-elf/lib/mno-hw-mul\libc.a(lib_a-fflush.o)
 .debug_info    0x00005948      0xb72 c:/altera/13.0sp1/nios2eds/bin/gnu/h-i686-mingw32/bin/../lib/gcc/nios2-elf/4.1.2/../../../../nios2-elf/lib/mno-hw-mul\libc.a(lib_a-findfp.o)
 .debug_info    0x000064ba      0xbc9 c:/altera/13.0sp1/nios2eds/bin/gnu/h-i686-mingw32/bin/../lib/gcc/nios2-elf/4.1.2/../../../../nios2-elf/lib/mno-hw-mul\libc.a(lib_a-freer.o)
 .debug_info    0x00007083      0xaed c:/altera/13.0sp1/nios2eds/bin/gnu/h-i686-mingw32/bin/../lib/gcc/nios2-elf/4.1.2/../../../../nios2-elf/lib/mno-hw-mul\libc.a(lib_a-fwalk.o)
 .debug_info    0x00007b70       0x8c c:/altera/13.0sp1/nios2eds/bin/gnu/h-i686-mingw32/bin/../lib/gcc/nios2-elf/4.1.2/../../../../nios2-elf/lib/mno-hw-mul\libc.a(lib_a-int_errno.o)
 .debug_info    0x00007bfc      0xb1a c:/altera/13.0sp1/nios2eds/bin/gnu/h-i686-mingw32/bin/../lib/gcc/nios2-elf/4.1.2/../../../../nios2-elf/lib/mno-hw-mul\libc.a(lib_a-makebuf.o)
 .debug_info    0x00008716      0x113 c:/altera/13.0sp1/nios2eds/bin/gnu/h-i686-mingw32/bin/../lib/gcc/nios2-elf/4.1.2/../../../../nios2-elf/lib/mno-hw-mul\libc.a(lib_a-memset.o)
 .debug_info    0x00008829      0xaac c:/altera/13.0sp1/nios2eds/bin/gnu/h-i686-mingw32/bin/../lib/gcc/nios2-elf/4.1.2/../../../../nios2-elf/lib/mno-hw-mul\libc.a(lib_a-stdio.o)
 .debug_info    0x000092d5      0x993 c:/altera/13.0sp1/nios2eds/bin/gnu/h-i686-mingw32/bin/../lib/gcc/nios2-elf/4.1.2/../../../../nios2-elf/lib/mno-hw-mul\libc.a(lib_a-writer.o)
 .debug_info    0x00009c68      0x958 c:/altera/13.0sp1/nios2eds/bin/gnu/h-i686-mingw32/bin/../lib/gcc/nios2-elf/4.1.2/../../../../nios2-elf/lib/mno-hw-mul\libc.a(lib_a-closer.o)
 .debug_info    0x0000a5c0      0x994 c:/altera/13.0sp1/nios2eds/bin/gnu/h-i686-mingw32/bin/../lib/gcc/nios2-elf/4.1.2/../../../../nios2-elf/lib/mno-hw-mul\libc.a(lib_a-fclose.o)
 .debug_info    0x0000af54      0xafc c:/altera/13.0sp1/nios2eds/bin/gnu/h-i686-mingw32/bin/../lib/gcc/nios2-elf/4.1.2/../../../../nios2-elf/lib/mno-hw-mul\libc.a(lib_a-fstatr.o)
 .debug_info    0x0000ba50      0x958 c:/altera/13.0sp1/nios2eds/bin/gnu/h-i686-mingw32/bin/../lib/gcc/nios2-elf/4.1.2/../../../../nios2-elf/lib/mno-hw-mul\libc.a(lib_a-isattyr.o)
 .debug_info    0x0000c3a8      0x981 c:/altera/13.0sp1/nios2eds/bin/gnu/h-i686-mingw32/bin/../lib/gcc/nios2-elf/4.1.2/../../../../nios2-elf/lib/mno-hw-mul\libc.a(lib_a-lseekr.o)
 .debug_info    0x0000cd29      0x98c c:/altera/13.0sp1/nios2eds/bin/gnu/h-i686-mingw32/bin/../lib/gcc/nios2-elf/4.1.2/../../../../nios2-elf/lib/mno-hw-mul\libc.a(lib_a-readr.o)
 .debug_info    0x0000d6b5       0xf3 c:/altera/13.0sp1/nios2eds/bin/gnu/h-i686-mingw32/bin/../lib/gcc/nios2-elf/4.1.2/mno-hw-mul\libgcc.a(lib2-mul.o)
 .debug_info    0x0000d7a8      0x45e C:/Users/Francisco/Desktop/DE2_70_D5M/Eclipse/Software/Teste_bsp/\libhal_bsp.a(alt_close.o)
 .debug_info    0x0000dc06      0x676 C:/Users/Francisco/Desktop/DE2_70_D5M/Eclipse/Software/Teste_bsp/\libhal_bsp.a(alt_dev.o)
 .debug_info    0x0000e27c      0x15b C:/Users/Francisco/Desktop/DE2_70_D5M/Eclipse/Software/Teste_bsp/\libhal_bsp.a(alt_errno.o)
 .debug_info    0x0000e3d7      0x657 C:/Users/Francisco/Desktop/DE2_70_D5M/Eclipse/Software/Teste_bsp/\libhal_bsp.a(alt_fstat.o)
 .debug_info    0x0000ea2e      0x65d C:/Users/Francisco/Desktop/DE2_70_D5M/Eclipse/Software/Teste_bsp/\libhal_bsp.a(alt_isatty.o)
 .debug_info    0x0000f08b      0x284 C:/Users/Francisco/Desktop/DE2_70_D5M/Eclipse/Software/Teste_bsp/\libhal_bsp.a(alt_load.o)
 .debug_info    0x0000f30f      0x491 C:/Users/Francisco/Desktop/DE2_70_D5M/Eclipse/Software/Teste_bsp/\libhal_bsp.a(alt_lseek.o)